Archive member included to satisfy reference by file (symbol)

/Applications/Ac6/SystemWorkbench.app/Contents/Eclipse/plugins/fr.ac6.mcu.externaltools.arm-none.macos64_1.17.0.201812190825/tools/compiler/bin/../lib/gcc/arm-none-eabi/7.3.1/../../../../arm-none-eabi/lib/thumb/v7e-m/fpv4-sp/hard/libm.a(lib_a-w_pow.o)
                              THL_Examples and Testers/src/MPU9150_I2C_Tester.o (pow)
/Applications/Ac6/SystemWorkbench.app/Contents/Eclipse/plugins/fr.ac6.mcu.externaltools.arm-none.macos64_1.17.0.201812190825/tools/compiler/bin/../lib/gcc/arm-none-eabi/7.3.1/../../../../arm-none-eabi/lib/thumb/v7e-m/fpv4-sp/hard/libm.a(lib_a-e_pow.o)
                              /Applications/Ac6/SystemWorkbench.app/Contents/Eclipse/plugins/fr.ac6.mcu.externaltools.arm-none.macos64_1.17.0.201812190825/tools/compiler/bin/../lib/gcc/arm-none-eabi/7.3.1/../../../../arm-none-eabi/lib/thumb/v7e-m/fpv4-sp/hard/libm.a(lib_a-w_pow.o) (__ieee754_pow)
/Applications/Ac6/SystemWorkbench.app/Contents/Eclipse/plugins/fr.ac6.mcu.externaltools.arm-none.macos64_1.17.0.201812190825/tools/compiler/bin/../lib/gcc/arm-none-eabi/7.3.1/../../../../arm-none-eabi/lib/thumb/v7e-m/fpv4-sp/hard/libm.a(lib_a-e_sqrt.o)
                              /Applications/Ac6/SystemWorkbench.app/Contents/Eclipse/plugins/fr.ac6.mcu.externaltools.arm-none.macos64_1.17.0.201812190825/tools/compiler/bin/../lib/gcc/arm-none-eabi/7.3.1/../../../../arm-none-eabi/lib/thumb/v7e-m/fpv4-sp/hard/libm.a(lib_a-e_pow.o) (__ieee754_sqrt)
/Applications/Ac6/SystemWorkbench.app/Contents/Eclipse/plugins/fr.ac6.mcu.externaltools.arm-none.macos64_1.17.0.201812190825/tools/compiler/bin/../lib/gcc/arm-none-eabi/7.3.1/../../../../arm-none-eabi/lib/thumb/v7e-m/fpv4-sp/hard/libm.a(lib_a-s_fabs.o)
                              /Applications/Ac6/SystemWorkbench.app/Contents/Eclipse/plugins/fr.ac6.mcu.externaltools.arm-none.macos64_1.17.0.201812190825/tools/compiler/bin/../lib/gcc/arm-none-eabi/7.3.1/../../../../arm-none-eabi/lib/thumb/v7e-m/fpv4-sp/hard/libm.a(lib_a-e_pow.o) (fabs)
/Applications/Ac6/SystemWorkbench.app/Contents/Eclipse/plugins/fr.ac6.mcu.externaltools.arm-none.macos64_1.17.0.201812190825/tools/compiler/bin/../lib/gcc/arm-none-eabi/7.3.1/../../../../arm-none-eabi/lib/thumb/v7e-m/fpv4-sp/hard/libm.a(lib_a-s_finite.o)
                              /Applications/Ac6/SystemWorkbench.app/Contents/Eclipse/plugins/fr.ac6.mcu.externaltools.arm-none.macos64_1.17.0.201812190825/tools/compiler/bin/../lib/gcc/arm-none-eabi/7.3.1/../../../../arm-none-eabi/lib/thumb/v7e-m/fpv4-sp/hard/libm.a(lib_a-w_pow.o) (finite)
/Applications/Ac6/SystemWorkbench.app/Contents/Eclipse/plugins/fr.ac6.mcu.externaltools.arm-none.macos64_1.17.0.201812190825/tools/compiler/bin/../lib/gcc/arm-none-eabi/7.3.1/../../../../arm-none-eabi/lib/thumb/v7e-m/fpv4-sp/hard/libm.a(lib_a-s_lib_ver.o)
                              /Applications/Ac6/SystemWorkbench.app/Contents/Eclipse/plugins/fr.ac6.mcu.externaltools.arm-none.macos64_1.17.0.201812190825/tools/compiler/bin/../lib/gcc/arm-none-eabi/7.3.1/../../../../arm-none-eabi/lib/thumb/v7e-m/fpv4-sp/hard/libm.a(lib_a-w_pow.o) (__fdlib_version)
/Applications/Ac6/SystemWorkbench.app/Contents/Eclipse/plugins/fr.ac6.mcu.externaltools.arm-none.macos64_1.17.0.201812190825/tools/compiler/bin/../lib/gcc/arm-none-eabi/7.3.1/../../../../arm-none-eabi/lib/thumb/v7e-m/fpv4-sp/hard/libm.a(lib_a-s_matherr.o)
                              /Applications/Ac6/SystemWorkbench.app/Contents/Eclipse/plugins/fr.ac6.mcu.externaltools.arm-none.macos64_1.17.0.201812190825/tools/compiler/bin/../lib/gcc/arm-none-eabi/7.3.1/../../../../arm-none-eabi/lib/thumb/v7e-m/fpv4-sp/hard/libm.a(lib_a-w_pow.o) (matherr)
/Applications/Ac6/SystemWorkbench.app/Contents/Eclipse/plugins/fr.ac6.mcu.externaltools.arm-none.macos64_1.17.0.201812190825/tools/compiler/bin/../lib/gcc/arm-none-eabi/7.3.1/../../../../arm-none-eabi/lib/thumb/v7e-m/fpv4-sp/hard/libm.a(lib_a-s_nan.o)
                              /Applications/Ac6/SystemWorkbench.app/Contents/Eclipse/plugins/fr.ac6.mcu.externaltools.arm-none.macos64_1.17.0.201812190825/tools/compiler/bin/../lib/gcc/arm-none-eabi/7.3.1/../../../../arm-none-eabi/lib/thumb/v7e-m/fpv4-sp/hard/libm.a(lib_a-e_pow.o) (nan)
/Applications/Ac6/SystemWorkbench.app/Contents/Eclipse/plugins/fr.ac6.mcu.externaltools.arm-none.macos64_1.17.0.201812190825/tools/compiler/bin/../lib/gcc/arm-none-eabi/7.3.1/../../../../arm-none-eabi/lib/thumb/v7e-m/fpv4-sp/hard/libm.a(lib_a-s_rint.o)
                              /Applications/Ac6/SystemWorkbench.app/Contents/Eclipse/plugins/fr.ac6.mcu.externaltools.arm-none.macos64_1.17.0.201812190825/tools/compiler/bin/../lib/gcc/arm-none-eabi/7.3.1/../../../../arm-none-eabi/lib/thumb/v7e-m/fpv4-sp/hard/libm.a(lib_a-w_pow.o) (rint)
[...]
Memory Configuration

Name             Origin             Length             Attributes
RAM              0x0000000020000000 0x0000000000020000 xrw
FLASH            0x0000000008000000 0x0000000000080000 xr
*default*        0x0000000000000000 0xffffffffffffffff

Linker script and memory map

LOAD /Applications/Ac6/SystemWorkbench.app/Contents/Eclipse/plugins/fr.ac6.mcu.externaltools.arm-none.macos64_1.17.0.201812190825/tools/compiler/bin/../lib/gcc/arm-none-eabi/7.3.1/thumb/v7e-m/fpv4-sp/hard/crti.o
LOAD /Applications/Ac6/SystemWorkbench.app/Contents/Eclipse/plugins/fr.ac6.mcu.externaltools.arm-none.macos64_1.17.0.201812190825/tools/compiler/bin/../lib/gcc/arm-none-eabi/7.3.1/thumb/v7e-m/fpv4-sp/hard/crtbegin.o
LOAD /Applications/Ac6/SystemWorkbench.app/Contents/Eclipse/plugins/fr.ac6.mcu.externaltools.arm-none.macos64_1.17.0.201812190825/tools/compiler/bin/../lib/gcc/arm-none-eabi/7.3.1/../../../../arm-none-eabi/lib/thumb/v7e-m/fpv4-sp/hard/crt0.o
LOAD Drivers/STM32F4xx_HAL_Driver/Src/stm32f4xx_hal.o
LOAD Drivers/STM32F4xx_HAL_Driver/Src/stm32f4xx_hal_adc.o
LOAD Drivers/STM32F4xx_HAL_Driver/Src/stm32f4xx_hal_adc_ex.o
LOAD Drivers/STM32F4xx_HAL_Driver/Src/stm32f4xx_hal_cortex.o
LOAD Drivers/STM32F4xx_HAL_Driver/Src/stm32f4xx_hal_dma.o
LOAD Drivers/STM32F4xx_HAL_Driver/Src/stm32f4xx_hal_dma_ex.o
LOAD Drivers/STM32F4xx_HAL_Driver/Src/stm32f4xx_hal_flash.o
LOAD Drivers/STM32F4xx_HAL_Driver/Src/stm32f4xx_hal_flash_ex.o
LOAD Drivers/STM32F4xx_HAL_Driver/Src/stm32f4xx_hal_flash_ramfunc.o
LOAD Drivers/STM32F4xx_HAL_Driver/Src/stm32f4xx_hal_gpio.o
LOAD Drivers/STM32F4xx_HAL_Driver/Src/stm32f4xx_hal_i2c.o
LOAD Drivers/STM32F4xx_HAL_Driver/Src/stm32f4xx_hal_i2c_ex.o
LOAD Drivers/STM32F4xx_HAL_Driver/Src/stm32f4xx_hal_pwr.o
LOAD Drivers/STM32F4xx_HAL_Driver/Src/stm32f4xx_hal_pwr_ex.o
LOAD Drivers/STM32F4xx_HAL_Driver/Src/stm32f4xx_hal_rcc.o
LOAD Drivers/STM32F4xx_HAL_Driver/Src/stm32f4xx_hal_rcc_ex.o
LOAD Drivers/STM32F4xx_HAL_Driver/Src/stm32f4xx_hal_spi.o
LOAD Drivers/STM32F4xx_HAL_Driver/Src/stm32f4xx_hal_tim.o
LOAD Drivers/STM32F4xx_HAL_Driver/Src/stm32f4xx_hal_tim_ex.o
LOAD Drivers/STM32F4xx_HAL_Driver/Src/stm32f4xx_hal_uart.o
LOAD Project_Main/src/Prj_Main.o
LOAD Src/main.o
LOAD Src/stm32f4xx_hal_msp.o
LOAD Src/stm32f4xx_it.o
LOAD Src/system_stm32f4xx.o
LOAD THL_Examples and Testers/src/ICM20689_I2C_Tester.o
LOAD THL_Examples and Testers/src/MPU9150_I2C_Tester.o
LOAD THL_Examples and Testers/src/PMW3901.o
LOAD THL_Examples and Testers/src/PMW3901_Tester.o
LOAD THL_Examples and Testers/src/THL_AdcTester.o
LOAD THL_Examples and Testers/src/THL_I2cTester.o
LOAD THL_Examples and Testers/src/THL_SpiTester.o
LOAD THL_Examples and Testers/src/THL_TimerTester.o
LOAD THL_Examples and Testers/src/THL_UsartTesters.o
LOAD THL_STM32_Drivers/src/THL_ADC.o
LOAD THL_STM32_Drivers/src/THL_GPIO.o
LOAD THL_STM32_Drivers/src/THL_I2C.o
LOAD THL_STM32_Drivers/src/THL_SPI.o
LOAD THL_STM32_Drivers/src/THL_SysTick.o
LOAD THL_STM32_Drivers/src/THL_Timer.o
LOAD THL_STM32_Drivers/src/THL_Usart.o
LOAD THL_STM32_Drivers/src/THL_Utility.o
LOAD startup/startup_stm32f446xx.o
LOAD /Applications/Ac6/SystemWorkbench.app/Contents/Eclipse/plugins/fr.ac6.mcu.externaltools.arm-none.macos64_1.17.0.201812190825/tools/compiler/bin/../lib/gcc/arm-none-eabi/7.3.1/../../../../arm-none-eabi/lib/thumb/v7e-m/fpv4-sp/hard/libm.a
START GROUP
LOAD /Applications/Ac6/SystemWorkbench.app/Contents/Eclipse/plugins/fr.ac6.mcu.externaltools.arm-none.macos64_1.17.0.201812190825/tools/compiler/bin/../lib/gcc/arm-none-eabi/7.3.1/thumb/v7e-m/fpv4-sp/hard/libgcc.a
LOAD /Applications/Ac6/SystemWorkbench.app/Contents/Eclipse/plugins/fr.ac6.mcu.externaltools.arm-none.macos64_1.17.0.201812190825/tools/compiler/bin/../lib/gcc/arm-none-eabi/7.3.1/../../../../arm-none-eabi/lib/thumb/v7e-m/fpv4-sp/hard/libc_nano.a
END GROUP
START GROUP
LOAD /Applications/Ac6/SystemWorkbench.app/Contents/Eclipse/plugins/fr.ac6.mcu.externaltools.arm-none.macos64_1.17.0.201812190825/tools/compiler/bin/../lib/gcc/arm-none-eabi/7.3.1/thumb/v7e-m/fpv4-sp/hard/libgcc.a
LOAD /Applications/Ac6/SystemWorkbench.app/Contents/Eclipse/plugins/fr.ac6.mcu.externaltools.arm-none.macos64_1.17.0.201812190825/tools/compiler/bin/../lib/gcc/arm-none-eabi/7.3.1/../../../../arm-none-eabi/lib/thumb/v7e-m/fpv4-sp/hard/libc_nano.a
LOAD /Applications/Ac6/SystemWorkbench.app/Contents/Eclipse/plugins/fr.ac6.mcu.externaltools.arm-none.macos64_1.17.0.201812190825/tools/compiler/bin/../lib/gcc/arm-none-eabi/7.3.1/../../../../arm-none-eabi/lib/thumb/v7e-m/fpv4-sp/hard/libnosys.a
END GROUP
START GROUP
LOAD /Applications/Ac6/SystemWorkbench.app/Contents/Eclipse/plugins/fr.ac6.mcu.externaltools.arm-none.macos64_1.17.0.201812190825/tools/compiler/bin/../lib/gcc/arm-none-eabi/7.3.1/thumb/v7e-m/fpv4-sp/hard/libgcc.a
LOAD /Applications/Ac6/SystemWorkbench.app/Contents/Eclipse/plugins/fr.ac6.mcu.externaltools.arm-none.macos64_1.17.0.201812190825/tools/compiler/bin/../lib/gcc/arm-none-eabi/7.3.1/../../../../arm-none-eabi/lib/thumb/v7e-m/fpv4-sp/hard/libc_nano.a
LOAD /Applications/Ac6/SystemWorkbench.app/Contents/Eclipse/plugins/fr.ac6.mcu.externaltools.arm-none.macos64_1.17.0.201812190825/tools/compiler/bin/../lib/gcc/arm-none-eabi/7.3.1/../../../../arm-none-eabi/lib/thumb/v7e-m/fpv4-sp/hard/libnosys.a
END GROUP
LOAD /Applications/Ac6/SystemWorkbench.app/Contents/Eclipse/plugins/fr.ac6.mcu.externaltools.arm-none.macos64_1.17.0.201812190825/tools/compiler/bin/../lib/gcc/arm-none-eabi/7.3.1/thumb/v7e-m/fpv4-sp/hard/crtend.o
LOAD /Applications/Ac6/SystemWorkbench.app/Contents/Eclipse/plugins/fr.ac6.mcu.externaltools.arm-none.macos64_1.17.0.201812190825/tools/compiler/bin/../lib/gcc/arm-none-eabi/7.3.1/thumb/v7e-m/fpv4-sp/hard/crtn.o
                0x0000000020020000                _estack = 0x20020000
                0x0000000000000200                _Min_Heap_Size = 0x200
                0x0000000000000400                _Min_Stack_Size = 0x400

.isr_vector     0x0000000008000000      0x1c4
                0x0000000008000000                . = ALIGN (0x4)
 *(.isr_vector)
 .isr_vector    0x0000000008000000      0x1c4 startup/startup_stm32f446xx.o
                0x0000000008000000                g_pfnVectors
                0x00000000080001c4                . = ALIGN (0x4)

.text           0x00000000080001d0     0x55c8
                0x00000000080001d0                . = ALIGN (0x4)
 *(.text)
 .text          0x00000000080001d0       0x40 /Applications/Ac6/SystemWorkbench.app/Contents/Eclipse/plugins/fr.ac6.mcu.externaltools.arm-none.macos64_1.17.0.201812190825/tools/compiler/bin/../lib/gcc/arm-none-eabi/7.3.1/thumb/v7e-m/fpv4-sp/hard/crtbegin.o
 .text          0x0000000008000210       0x30 /Applications/Ac6/SystemWorkbench.app/Contents/Eclipse/plugins/fr.ac6.mcu.externaltools.arm-none.macos64_1.17.0.201812190825/tools/compiler/bin/../lib/gcc/arm-none-eabi/7.3.1/thumb/v7e-m/fpv4-sp/hard/libgcc.a(_aeabi_uldivmod.o)
                0x0000000008000210                __aeabi_uldivmod
 .text          0x0000000008000240      0x2cc /Applications/Ac6/SystemWorkbench.app/Contents/Eclipse/plugins/fr.ac6.mcu.externaltools.arm-none.macos64_1.17.0.201812190825/tools/compiler/bin/../lib/gcc/arm-none-eabi/7.3.1/thumb/v7e-m/fpv4-sp/hard/libgcc.a(_udivmoddi4.o)
                0x0000000008000240                __udivmoddi4
 .text          0x000000000800050c        0x4 /Applications/Ac6/SystemWorkbench.app/Contents/Eclipse/plugins/fr.ac6.mcu.externaltools.arm-none.macos64_1.17.0.201812190825/tools/compiler/bin/../lib/gcc/arm-none-eabi/7.3.1/thumb/v7e-m/fpv4-sp/hard/libgcc.a(_dvmd_tls.o)
                0x000000000800050c                __aeabi_ldiv0
                0x000000000800050c                __aeabi_idiv0
 .text          0x0000000008000510       0x10 /Applications/Ac6/SystemWorkbench.app/Contents/Eclipse/plugins/fr.ac6.mcu.externaltools.arm-none.macos64_1.17.0.201812190825/tools/compiler/bin/../lib/gcc/arm-none-eabi/7.3.1/../../../../arm-none-eabi/lib/thumb/v7e-m/fpv4-sp/hard/libc_nano.a(lib_a-strlen.o)
                0x0000000008000510                strlen
 .text          0x0000000008000520       0xa0 /Applications/Ac6/SystemWorkbench.app/Contents/Eclipse/plugins/fr.ac6.mcu.externaltools.arm-none.macos64_1.17.0.201812190825/tools/compiler/bin/../lib/gcc/arm-none-eabi/7.3.1/../../../../arm-none-eabi/lib/thumb/v7e-m/fpv4-sp/hard/libc_nano.a(lib_a-memchr.o)
                0x0000000008000520                memchr
 *(.text*)
 .text.HAL_InitTick
                0x00000000080005c0       0x48 Drivers/STM32F4xx_HAL_Driver/Src/stm32f4xx_hal.o
                0x00000000080005c0                HAL_InitTick
 .text.HAL_Init
                0x0000000008000608       0x34 Drivers/STM32F4xx_HAL_Driver/Src/stm32f4xx_hal.o
                0x0000000008000608                HAL_Init
 .text.HAL_IncTick
                0x000000000800063c       0x18 Drivers/STM32F4xx_HAL_Driver/Src/stm32f4xx_hal.o
                0x000000000800063c                HAL_IncTick
 .text.HAL_GetTick
                0x0000000008000654        0xc Drivers/STM32F4xx_HAL_Driver/Src/stm32f4xx_hal.o
                0x0000000008000654                HAL_GetTick
 .text.ADC_Init
                0x0000000008000660      0x130 Drivers/STM32F4xx_HAL_Driver/Src/stm32f4xx_hal_adc.o
 .text.HAL_ADC_Init
                0x0000000008000790       0x54 Drivers/STM32F4xx_HAL_Driver/Src/stm32f4xx_hal_adc.o
                0x0000000008000790                HAL_ADC_Init
 .text.HAL_ADC_Start_DMA
                0x00000000080007e4      0x144 Drivers/STM32F4xx_HAL_Driver/Src/stm32f4xx_hal_adc.o
                0x00000000080007e4                HAL_ADC_Start_DMA
 .text.HAL_ADC_GetValue
                0x0000000008000928        0x6 Drivers/STM32F4xx_HAL_Driver/Src/stm32f4xx_hal_adc.o
                0x0000000008000928                HAL_ADC_GetValue
 .text.ADC_DMAConvCplt
                0x000000000800092e       0x62 Drivers/STM32F4xx_HAL_Driver/Src/stm32f4xx_hal_adc.o
 .text.HAL_ADC_ConvHalfCpltCallback
                0x0000000008000990        0x2 Drivers/STM32F4xx_HAL_Driver/Src/stm32f4xx_hal_adc.o
                0x0000000008000990                HAL_ADC_ConvHalfCpltCallback
 .text.ADC_DMAHalfConvCplt
                0x0000000008000992        0xa Drivers/STM32F4xx_HAL_Driver/Src/stm32f4xx_hal_adc.o
 .text.HAL_ADC_LevelOutOfWindowCallback
                0x000000000800099c        0x2 Drivers/STM32F4xx_HAL_Driver/Src/stm32f4xx_hal_adc.o
                0x000000000800099c                HAL_ADC_LevelOutOfWindowCallback
 .text.HAL_ADC_ErrorCallback
                0x000000000800099e        0x2 Drivers/STM32F4xx_HAL_Driver/Src/stm32f4xx_hal_adc.o
                0x000000000800099e                HAL_ADC_ErrorCallback
 .text.HAL_ADC_IRQHandler
                0x00000000080009a0      0x14e Drivers/STM32F4xx_HAL_Driver/Src/stm32f4xx_hal_adc.o
                0x00000000080009a0                HAL_ADC_IRQHandler
 .text.ADC_DMAError
                0x0000000008000aee       0x16 Drivers/STM32F4xx_HAL_Driver/Src/stm32f4xx_hal_adc.o
 .text.HAL_ADC_ConfigChannel
                0x0000000008000b04      0x194 Drivers/STM32F4xx_HAL_Driver/Src/stm32f4xx_hal_adc.o
                0x0000000008000b04                HAL_ADC_ConfigChannel
 .text.HAL_ADCEx_InjectedConvCpltCallback
                0x0000000008000c98        0x2 Drivers/STM32F4xx_HAL_Driver/Src/stm32f4xx_hal_adc_ex.o
                0x0000000008000c98                HAL_ADCEx_InjectedConvCpltCallback
 *fill*         0x0000000008000c9a        0x2 
 .text.HAL_NVIC_SetPriorityGrouping
                0x0000000008000c9c       0x24 Drivers/STM32F4xx_HAL_Driver/Src/stm32f4xx_hal_cortex.o
                0x0000000008000c9c                HAL_NVIC_SetPriorityGrouping
 .text.HAL_NVIC_SetPriority
                0x0000000008000cc0       0x68 Drivers/STM32F4xx_HAL_Driver/Src/stm32f4xx_hal_cortex.o
                0x0000000008000cc0                HAL_NVIC_SetPriority
 .text.HAL_NVIC_EnableIRQ
                0x0000000008000d28       0x18 Drivers/STM32F4xx_HAL_Driver/Src/stm32f4xx_hal_cortex.o
                0x0000000008000d28                HAL_NVIC_EnableIRQ
 .text.HAL_SYSTICK_Config
                0x0000000008000d40       0x2c Drivers/STM32F4xx_HAL_Driver/Src/stm32f4xx_hal_cortex.o
                0x0000000008000d40                HAL_SYSTICK_Config
 .text.DMA_SetConfig
                0x0000000008000d6c       0x2c Drivers/STM32F4xx_HAL_Driver/Src/stm32f4xx_hal_dma.o
 .text.DMA_CalcBaseAndBitshift
                0x0000000008000d98       0x3c Drivers/STM32F4xx_HAL_Driver/Src/stm32f4xx_hal_dma.o
 .text.DMA_CheckFifoParam
                0x0000000008000dd4       0x8e Drivers/STM32F4xx_HAL_Driver/Src/stm32f4xx_hal_dma.o
 *fill*         0x0000000008000e62        0x2 
 .text.HAL_DMA_Init
                0x0000000008000e64       0xcc Drivers/STM32F4xx_HAL_Driver/Src/stm32f4xx_hal_dma.o
                0x0000000008000e64                HAL_DMA_Init
 .text.HAL_DMA_Start_IT
                0x0000000008000f30       0x74 Drivers/STM32F4xx_HAL_Driver/Src/stm32f4xx_hal_dma.o
                0x0000000008000f30                HAL_DMA_Start_IT
 .text.HAL_DMA_Abort_IT
                0x0000000008000fa4       0x26 Drivers/STM32F4xx_HAL_Driver/Src/stm32f4xx_hal_dma.o
                0x0000000008000fa4                HAL_DMA_Abort_IT
 *fill*         0x0000000008000fca        0x2 
 .text.HAL_DMA_IRQHandler
                0x0000000008000fcc      0x1dc Drivers/STM32F4xx_HAL_Driver/Src/stm32f4xx_hal_dma.o
                0x0000000008000fcc                HAL_DMA_IRQHandler
 .text.HAL_GPIO_Init
                0x00000000080011a8      0x1bc Drivers/STM32F4xx_HAL_Driver/Src/stm32f4xx_hal_gpio.o
                0x00000000080011a8                HAL_GPIO_Init
 .text.HAL_GPIO_WritePin
                0x0000000008001364        0xc Drivers/STM32F4xx_HAL_Driver/Src/stm32f4xx_hal_gpio.o
                0x0000000008001364                HAL_GPIO_WritePin
 .text.I2C_Master_SB
                0x0000000008001370       0x8a Drivers/STM32F4xx_HAL_Driver/Src/stm32f4xx_hal_i2c.o
 .text.I2C_Master_ADD10
                0x00000000080013fa        0xc Drivers/STM32F4xx_HAL_Driver/Src/stm32f4xx_hal_i2c.o
 .text.I2C_Master_ADDR
                0x0000000008001406      0x1cc Drivers/STM32F4xx_HAL_Driver/Src/stm32f4xx_hal_i2c.o
 .text.I2C_SlaveTransmit_BTF
                0x00000000080015d2       0x1e Drivers/STM32F4xx_HAL_Driver/Src/stm32f4xx_hal_i2c.o
 .text.I2C_SlaveReceive_BTF
                0x00000000080015f0       0x1e Drivers/STM32F4xx_HAL_Driver/Src/stm32f4xx_hal_i2c.o
 *fill*         0x000000000800160e        0x2 
 .text.HAL_I2C_Init
                0x0000000008001610      0x11c Drivers/STM32F4xx_HAL_Driver/Src/stm32f4xx_hal_i2c.o
                0x0000000008001610                HAL_I2C_Init
 .text.I2C_SlaveTransmit_TXE
                0x000000000800172c       0x4a Drivers/STM32F4xx_HAL_Driver/Src/stm32f4xx_hal_i2c.o
 .text.I2C_SlaveReceive_RXNE
                0x0000000008001776       0x4e Drivers/STM32F4xx_HAL_Driver/Src/stm32f4xx_hal_i2c.o
 .text.HAL_I2C_AddrCallback
                0x00000000080017c4        0x2 Drivers/STM32F4xx_HAL_Driver/Src/stm32f4xx_hal_i2c.o
                0x00000000080017c4                HAL_I2C_AddrCallback
 .text.I2C_Slave_ADDR
                0x00000000080017c6       0x28 Drivers/STM32F4xx_HAL_Driver/Src/stm32f4xx_hal_i2c.o
 .text.HAL_I2C_ListenCpltCallback
                0x00000000080017ee        0x2 Drivers/STM32F4xx_HAL_Driver/Src/stm32f4xx_hal_i2c.o
                0x00000000080017ee                HAL_I2C_ListenCpltCallback
 .text.I2C_Slave_AF
                0x00000000080017f0       0x94 Drivers/STM32F4xx_HAL_Driver/Src/stm32f4xx_hal_i2c.o
 .text.HAL_I2C_MemTxCpltCallback
                0x0000000008001884        0x2 Drivers/STM32F4xx_HAL_Driver/Src/stm32f4xx_hal_i2c.o
                0x0000000008001884                HAL_I2C_MemTxCpltCallback
 .text.I2C_MasterTransmit_TXE
                0x0000000008001886      0x146 Drivers/STM32F4xx_HAL_Driver/Src/stm32f4xx_hal_i2c.o
 .text.I2C_MasterTransmit_BTF
                0x00000000080019cc       0x9c Drivers/STM32F4xx_HAL_Driver/Src/stm32f4xx_hal_i2c.o
 .text.HAL_I2C_MemRxCpltCallback
                0x0000000008001a68        0x2 Drivers/STM32F4xx_HAL_Driver/Src/stm32f4xx_hal_i2c.o
                0x0000000008001a68                HAL_I2C_MemRxCpltCallback
 .text.I2C_MasterReceive_RXNE
                0x0000000008001a6a       0x98 Drivers/STM32F4xx_HAL_Driver/Src/stm32f4xx_hal_i2c.o
 .text.I2C_MasterReceive_BTF
                0x0000000008001b02      0x102 Drivers/STM32F4xx_HAL_Driver/Src/stm32f4xx_hal_i2c.o
 .text.HAL_I2C_ErrorCallback
                0x0000000008001c04        0x2 Drivers/STM32F4xx_HAL_Driver/Src/stm32f4xx_hal_i2c.o
                0x0000000008001c04                HAL_I2C_ErrorCallback
 .text.HAL_I2C_AbortCpltCallback
                0x0000000008001c06        0x2 Drivers/STM32F4xx_HAL_Driver/Src/stm32f4xx_hal_i2c.o
                0x0000000008001c06                HAL_I2C_AbortCpltCallback
 .text.I2C_ITError
                0x0000000008001c08      0x14c Drivers/STM32F4xx_HAL_Driver/Src/stm32f4xx_hal_i2c.o
 .text.I2C_Slave_STOPF
                0x0000000008001d54      0x100 Drivers/STM32F4xx_HAL_Driver/Src/stm32f4xx_hal_i2c.o
 .text.HAL_I2C_EV_IRQHandler
                0x0000000008001e54      0x168 Drivers/STM32F4xx_HAL_Driver/Src/stm32f4xx_hal_i2c.o
                0x0000000008001e54                HAL_I2C_EV_IRQHandler
 .text.HAL_I2C_ER_IRQHandler
                0x0000000008001fbc       0xd4 Drivers/STM32F4xx_HAL_Driver/Src/stm32f4xx_hal_i2c.o
                0x0000000008001fbc                HAL_I2C_ER_IRQHandler
 .text.I2C_DMAAbort
                0x0000000008002090       0x5e Drivers/STM32F4xx_HAL_Driver/Src/stm32f4xx_hal_i2c.o
 *fill*         0x00000000080020ee        0x2 
 .text.HAL_PWREx_EnableOverDrive
                0x00000000080020f0       0x80 Drivers/STM32F4xx_HAL_Driver/Src/stm32f4xx_hal_pwr_ex.o
                0x00000000080020f0                HAL_PWREx_EnableOverDrive
 .text.HAL_RCC_ClockConfig
                0x0000000008002170      0x158 Drivers/STM32F4xx_HAL_Driver/Src/stm32f4xx_hal_rcc.o
                0x0000000008002170                HAL_RCC_ClockConfig
 .text.HAL_RCC_GetHCLKFreq
                0x00000000080022c8        0xc Drivers/STM32F4xx_HAL_Driver/Src/stm32f4xx_hal_rcc.o
                0x00000000080022c8                HAL_RCC_GetHCLKFreq
 .text.HAL_RCC_GetPCLK1Freq
                0x00000000080022d4       0x20 Drivers/STM32F4xx_HAL_Driver/Src/stm32f4xx_hal_rcc.o
                0x00000000080022d4                HAL_RCC_GetPCLK1Freq
 .text.HAL_RCC_GetPCLK2Freq
                0x00000000080022f4       0x20 Drivers/STM32F4xx_HAL_Driver/Src/stm32f4xx_hal_rcc.o
                0x00000000080022f4                HAL_RCC_GetPCLK2Freq
 .text.HAL_RCC_GetSysClockFreq
                0x0000000008002314      0x184 Drivers/STM32F4xx_HAL_Driver/Src/stm32f4xx_hal_rcc_ex.o
                0x0000000008002314                HAL_RCC_GetSysClockFreq
 .text.HAL_RCC_OscConfig
                0x0000000008002498      0x3c4 Drivers/STM32F4xx_HAL_Driver/Src/stm32f4xx_hal_rcc_ex.o
                0x0000000008002498                HAL_RCC_OscConfig
 .text.HAL_SPI_Init
                0x000000000800285c       0x80 Drivers/STM32F4xx_HAL_Driver/Src/stm32f4xx_hal_spi.o
                0x000000000800285c                HAL_SPI_Init
 .text.HAL_SPI_ErrorCallback
                0x00000000080028dc        0x2 Drivers/STM32F4xx_HAL_Driver/Src/stm32f4xx_hal_spi.o
                0x00000000080028dc                HAL_SPI_ErrorCallback
 *fill*         0x00000000080028de        0x2 
 .text.HAL_SPI_IRQHandler
                0x00000000080028e0      0x108 Drivers/STM32F4xx_HAL_Driver/Src/stm32f4xx_hal_spi.o
                0x00000000080028e0                HAL_SPI_IRQHandler
 .text.SPI_DMAAbortOnError
                0x00000000080029e8       0x10 Drivers/STM32F4xx_HAL_Driver/Src/stm32f4xx_hal_spi.o
 .text.TIM_OC1_SetConfig
                0x00000000080029f8       0x5c Drivers/STM32F4xx_HAL_Driver/Src/stm32f4xx_hal_tim.o
 .text.TIM_OC3_SetConfig
                0x0000000008002a54       0x60 Drivers/STM32F4xx_HAL_Driver/Src/stm32f4xx_hal_tim.o
 .text.TIM_OC4_SetConfig
                0x0000000008002ab4       0x50 Drivers/STM32F4xx_HAL_Driver/Src/stm32f4xx_hal_tim.o
 .text.TIM_TI2_SetConfig
                0x0000000008002b04       0x34 Drivers/STM32F4xx_HAL_Driver/Src/stm32f4xx_hal_tim.o
 .text.TIM_TI3_SetConfig
                0x0000000008002b38       0x32 Drivers/STM32F4xx_HAL_Driver/Src/stm32f4xx_hal_tim.o
 .text.TIM_TI4_SetConfig
                0x0000000008002b6a       0x34 Drivers/STM32F4xx_HAL_Driver/Src/stm32f4xx_hal_tim.o
 .text.HAL_TIM_ReadCapturedValue
                0x0000000008002b9e       0x4c Drivers/STM32F4xx_HAL_Driver/Src/stm32f4xx_hal_tim.o
                0x0000000008002b9e                HAL_TIM_ReadCapturedValue
 .text.HAL_TIM_OC_DelayElapsedCallback
                0x0000000008002bea        0x2 Drivers/STM32F4xx_HAL_Driver/Src/stm32f4xx_hal_tim.o
                0x0000000008002bea                HAL_TIM_OC_DelayElapsedCallback
 .text.HAL_TIM_PWM_PulseFinishedCallback
                0x0000000008002bec        0x2 Drivers/STM32F4xx_HAL_Driver/Src/stm32f4xx_hal_tim.o
                0x0000000008002bec                HAL_TIM_PWM_PulseFinishedCallback
 .text.HAL_TIM_TriggerCallback
                0x0000000008002bee        0x2 Drivers/STM32F4xx_HAL_Driver/Src/stm32f4xx_hal_tim.o
                0x0000000008002bee                HAL_TIM_TriggerCallback
 .text.HAL_TIM_IRQHandler
                0x0000000008002bf0      0x17a Drivers/STM32F4xx_HAL_Driver/Src/stm32f4xx_hal_tim.o
                0x0000000008002bf0                HAL_TIM_IRQHandler
 *fill*         0x0000000008002d6a        0x2 
 .text.TIM_Base_SetConfig
                0x0000000008002d6c       0xc0 Drivers/STM32F4xx_HAL_Driver/Src/stm32f4xx_hal_tim.o
                0x0000000008002d6c                TIM_Base_SetConfig
 .text.HAL_TIM_Base_Init
                0x0000000008002e2c       0x32 Drivers/STM32F4xx_HAL_Driver/Src/stm32f4xx_hal_tim.o
                0x0000000008002e2c                HAL_TIM_Base_Init
 .text.HAL_TIM_PWM_Init
                0x0000000008002e5e       0x32 Drivers/STM32F4xx_HAL_Driver/Src/stm32f4xx_hal_tim.o
                0x0000000008002e5e                HAL_TIM_PWM_Init
 .text.HAL_TIM_IC_Init
                0x0000000008002e90       0x32 Drivers/STM32F4xx_HAL_Driver/Src/stm32f4xx_hal_tim.o
                0x0000000008002e90                HAL_TIM_IC_Init
 .text.HAL_TIM_Encoder_Init
                0x0000000008002ec2       0x98 Drivers/STM32F4xx_HAL_Driver/Src/stm32f4xx_hal_tim.o
                0x0000000008002ec2                HAL_TIM_Encoder_Init
 *fill*         0x0000000008002f5a        0x2 
 .text.TIM_TI1_SetConfig
                0x0000000008002f5c       0x7c Drivers/STM32F4xx_HAL_Driver/Src/stm32f4xx_hal_tim.o
                0x0000000008002f5c                TIM_TI1_SetConfig
 .text.HAL_TIM_IC_ConfigChannel
                0x0000000008002fd8       0xc0 Drivers/STM32F4xx_HAL_Driver/Src/stm32f4xx_hal_tim.o
                0x0000000008002fd8                HAL_TIM_IC_ConfigChannel
 .text.TIM_OC2_SetConfig
                0x0000000008003098       0x64 Drivers/STM32F4xx_HAL_Driver/Src/stm32f4xx_hal_tim.o
                0x0000000008003098                TIM_OC2_SetConfig
 .text.HAL_TIM_PWM_ConfigChannel
                0x00000000080030fc       0xdc Drivers/STM32F4xx_HAL_Driver/Src/stm32f4xx_hal_tim.o
                0x00000000080030fc                HAL_TIM_PWM_ConfigChannel
 .text.HAL_TIMEx_MasterConfigSynchronization
                0x00000000080031d8       0x52 Drivers/STM32F4xx_HAL_Driver/Src/stm32f4xx_hal_tim_ex.o
                0x00000000080031d8                HAL_TIMEx_MasterConfigSynchronization
 .text.HAL_TIMEx_ConfigBreakDeadTime
                0x000000000800322a       0x58 Drivers/STM32F4xx_HAL_Driver/Src/stm32f4xx_hal_tim_ex.o
                0x000000000800322a                HAL_TIMEx_ConfigBreakDeadTime
 .text.HAL_TIMEx_CommutationCallback
                0x0000000008003282        0x2 Drivers/STM32F4xx_HAL_Driver/Src/stm32f4xx_hal_tim_ex.o
                0x0000000008003282                HAL_TIMEx_CommutationCallback
 .text.HAL_TIMEx_BreakCallback
                0x0000000008003284        0x2 Drivers/STM32F4xx_HAL_Driver/Src/stm32f4xx_hal_tim_ex.o
                0x0000000008003284                HAL_TIMEx_BreakCallback
 *fill*         0x0000000008003286        0x2 
 .text.UART_SetConfig
                0x0000000008003288      0x334 Drivers/STM32F4xx_HAL_Driver/Src/stm32f4xx_hal_uart.o
 .text.UART_WaitOnFlagUntilTimeout
                0x00000000080035bc       0x62 Drivers/STM32F4xx_HAL_Driver/Src/stm32f4xx_hal_uart.o
 .text.HAL_UART_Init
                0x000000000800361e       0x5e Drivers/STM32F4xx_HAL_Driver/Src/stm32f4xx_hal_uart.o
                0x000000000800361e                HAL_UART_Init
 .text.HAL_UART_Transmit
                0x000000000800367c       0xe0 Drivers/STM32F4xx_HAL_Driver/Src/stm32f4xx_hal_uart.o
                0x000000000800367c                HAL_UART_Transmit
 .text.prj_main
                0x000000000800375c        0x8 Project_Main/src/Prj_Main.o
                0x000000000800375c                prj_main
 .text.MX_GPIO_Init
                0x0000000008003764       0xe4 Src/main.o
 .text.MX_DMA_Init
                0x0000000008003848       0x88 Src/main.o
 .text.MX_USART2_UART_Init
                0x00000000080038d0       0x2c Src/main.o
 .text.MX_TIM1_Init
                0x00000000080038fc       0xac Src/main.o
 .text.MX_I2C1_Init
                0x00000000080039a8       0x34 Src/main.o
 .text.MX_I2C2_Init
                0x00000000080039dc       0x34 Src/main.o
 .text.MX_SPI2_Init
                0x0000000008003a10       0x40 Src/main.o
 .text.MX_ADC1_Init
                0x0000000008003a50       0x90 Src/main.o
 .text.MX_ADC2_Init
                0x0000000008003ae0       0x5c Src/main.o
 .text.MX_TIM8_Init
                0x0000000008003b3c       0x60 Src/main.o
 .text.MX_TIM7_Init
                0x0000000008003b9c       0x34 Src/main.o
 .text.MX_TIM10_Init
                0x0000000008003bd0       0x20 Src/main.o
 .text.MX_TIM5_Init
                0x0000000008003bf0       0x4c Src/main.o
 .text.MX_TIM3_Init
                0x0000000008003c3c       0x4c Src/main.o
 .text.SystemClock_Config
                0x0000000008003c88       0x9c Src/main.o
                0x0000000008003c88                SystemClock_Config
 .text.main     0x0000000008003d24       0x48 Src/main.o
                0x0000000008003d24                main
 .text.Error_Handler
                0x0000000008003d6c        0x2 Src/main.o
                0x0000000008003d6c                Error_Handler
 *fill*         0x0000000008003d6e        0x2 
 .text.HAL_MspInit
                0x0000000008003d70       0x38 Src/stm32f4xx_hal_msp.o
                0x0000000008003d70                HAL_MspInit
 .text.HAL_ADC_MspInit
                0x0000000008003da8      0x13c Src/stm32f4xx_hal_msp.o
                0x0000000008003da8                HAL_ADC_MspInit
 .text.HAL_I2C_MspInit
                0x0000000008003ee4      0x1a8 Src/stm32f4xx_hal_msp.o
                0x0000000008003ee4                HAL_I2C_MspInit
 .text.HAL_SPI_MspInit
                0x000000000800408c      0x140 Src/stm32f4xx_hal_msp.o
                0x000000000800408c                HAL_SPI_MspInit
 .text.HAL_TIM_PWM_MspInit
                0x00000000080041cc       0x40 Src/stm32f4xx_hal_msp.o
                0x00000000080041cc                HAL_TIM_PWM_MspInit
 .text.HAL_TIM_Encoder_MspInit
                0x000000000800420c      0x104 Src/stm32f4xx_hal_msp.o
                0x000000000800420c                HAL_TIM_Encoder_MspInit
 .text.HAL_TIM_Base_MspInit
                0x0000000008004310       0x74 Src/stm32f4xx_hal_msp.o
                0x0000000008004310                HAL_TIM_Base_MspInit
 .text.HAL_TIM_IC_MspInit
                0x0000000008004384       0x8c Src/stm32f4xx_hal_msp.o
                0x0000000008004384                HAL_TIM_IC_MspInit
 .text.HAL_TIM_MspPostInit
                0x0000000008004410       0x5c Src/stm32f4xx_hal_msp.o
                0x0000000008004410                HAL_TIM_MspPostInit
 .text.HAL_UART_MspInit
                0x000000000800446c       0x74 Src/stm32f4xx_hal_msp.o
                0x000000000800446c                HAL_UART_MspInit
 .text.NMI_Handler
                0x00000000080044e0        0x2 Src/stm32f4xx_it.o
                0x00000000080044e0                NMI_Handler
 .text.HardFault_Handler
                0x00000000080044e2        0x2 Src/stm32f4xx_it.o
                0x00000000080044e2                HardFault_Handler
 .text.MemManage_Handler
                0x00000000080044e4        0x2 Src/stm32f4xx_it.o
                0x00000000080044e4                MemManage_Handler
 .text.BusFault_Handler
                0x00000000080044e6        0x2 Src/stm32f4xx_it.o
                0x00000000080044e6                BusFault_Handler
 .text.UsageFault_Handler
                0x00000000080044e8        0x2 Src/stm32f4xx_it.o
                0x00000000080044e8                UsageFault_Handler
 .text.SVC_Handler
                0x00000000080044ea        0x2 Src/stm32f4xx_it.o
                0x00000000080044ea                SVC_Handler
 .text.DebugMon_Handler
                0x00000000080044ec        0x2 Src/stm32f4xx_it.o
                0x00000000080044ec                DebugMon_Handler
 .text.PendSV_Handler
                0x00000000080044ee        0x2 Src/stm32f4xx_it.o
                0x00000000080044ee                PendSV_Handler
 .text.SysTick_Handler
                0x00000000080044f0        0x8 Src/stm32f4xx_it.o
                0x00000000080044f0                SysTick_Handler
 .text.DMA1_Stream0_IRQHandler
                0x00000000080044f8       0x10 Src/stm32f4xx_it.o
                0x00000000080044f8                DMA1_Stream0_IRQHandler
 .text.DMA1_Stream3_IRQHandler
                0x0000000008004508       0x10 Src/stm32f4xx_it.o
                0x0000000008004508                DMA1_Stream3_IRQHandler
 .text.DMA1_Stream4_IRQHandler
                0x0000000008004518       0x10 Src/stm32f4xx_it.o
                0x0000000008004518                DMA1_Stream4_IRQHandler
 .text.ADC_IRQHandler
                0x0000000008004528       0x18 Src/stm32f4xx_it.o
                0x0000000008004528                ADC_IRQHandler
 .text.TIM1_UP_TIM10_IRQHandler
                0x0000000008004540       0x18 Src/stm32f4xx_it.o
                0x0000000008004540                TIM1_UP_TIM10_IRQHandler
 .text.TIM3_IRQHandler
                0x0000000008004558       0x10 Src/stm32f4xx_it.o
                0x0000000008004558                TIM3_IRQHandler
 .text.I2C1_EV_IRQHandler
                0x0000000008004568       0x10 Src/stm32f4xx_it.o
                0x0000000008004568                I2C1_EV_IRQHandler
 .text.I2C1_ER_IRQHandler
                0x0000000008004578       0x10 Src/stm32f4xx_it.o
                0x0000000008004578                I2C1_ER_IRQHandler
 .text.SPI2_IRQHandler
                0x0000000008004588       0x10 Src/stm32f4xx_it.o
                0x0000000008004588                SPI2_IRQHandler
 .text.TIM8_UP_TIM13_IRQHandler
                0x0000000008004598       0x10 Src/stm32f4xx_it.o
                0x0000000008004598                TIM8_UP_TIM13_IRQHandler
 .text.TIM8_CC_IRQHandler
                0x00000000080045a8       0x10 Src/stm32f4xx_it.o
                0x00000000080045a8                TIM8_CC_IRQHandler
 .text.DMA1_Stream7_IRQHandler
                0x00000000080045b8       0x10 Src/stm32f4xx_it.o
                0x00000000080045b8                DMA1_Stream7_IRQHandler
 .text.TIM5_IRQHandler
                0x00000000080045c8       0x10 Src/stm32f4xx_it.o
                0x00000000080045c8                TIM5_IRQHandler
 .text.TIM7_IRQHandler
                0x00000000080045d8       0x10 Src/stm32f4xx_it.o
                0x00000000080045d8                TIM7_IRQHandler
 .text.DMA2_Stream0_IRQHandler
                0x00000000080045e8       0x10 Src/stm32f4xx_it.o
                0x00000000080045e8                DMA2_Stream0_IRQHandler
 .text.SystemInit
                0x00000000080045f8       0x4c Src/system_stm32f4xx.o
                0x00000000080045f8                SystemInit
 .text.setup    0x0000000008004644       0x58 THL_Examples and Testers/src/THL_AdcTester.o
 .text.testAdc_DMA
                0x000000000800469c       0x60 THL_Examples and Testers/src/THL_AdcTester.o
 .text.testAdc  0x00000000080046fc        0xa THL_Examples and Testers/src/THL_AdcTester.o
                0x00000000080046fc                testAdc
 *fill*         0x0000000008004706        0x2 
 .text.Exception_Handler
                0x0000000008004708       0x10 THL_Examples and Testers/src/THL_AdcTester.o
                0x0000000008004708                Exception_Handler
 .text.timIC_IT_CallBack
                0x0000000008004718      0x10c THL_Examples and Testers/src/THL_TimerTester.o
                0x0000000008004718                timIC_IT_CallBack
 .text.timPE_IT_CallBack
                0x0000000008004824       0x90 THL_Examples and Testers/src/THL_TimerTester.o
                0x0000000008004824                timPE_IT_CallBack
 .text.newADC   0x00000000080048b4       0x68 THL_STM32_Drivers/src/THL_ADC.o
                0x00000000080048b4                newADC
 .text.adcConvBegin_DMA
                0x000000000800491c       0x14 THL_STM32_Drivers/src/THL_ADC.o
                0x000000000800491c                adcConvBegin_DMA
 .text.adcGetVal_DMA
                0x0000000008004930       0x16 THL_STM32_Drivers/src/THL_ADC.o
                0x0000000008004930                adcGetVal_DMA
 .text.adcGetNumChannel
                0x0000000008004946        0x4 THL_STM32_Drivers/src/THL_ADC.o
                0x0000000008004946                adcGetNumChannel
 .text.adcConvCplt_IT_CallBack
                0x000000000800494a        0x2 THL_STM32_Drivers/src/THL_ADC.o
                0x000000000800494a                adcConvCplt_IT_CallBack
 .text.HAL_ADC_ConvCpltCallback
                0x000000000800494c       0x50 THL_STM32_Drivers/src/THL_ADC.o
                0x000000000800494c                HAL_ADC_ConvCpltCallback
 .text.newGPIO  0x000000000800499c        0x6 THL_STM32_Drivers/src/THL_GPIO.o
                0x000000000800499c                newGPIO
 .text.turnOn   0x00000000080049a2        0xe THL_STM32_Drivers/src/THL_GPIO.o
                0x00000000080049a2                turnOn
 .text.turnOff  0x00000000080049b0        0xe THL_STM32_Drivers/src/THL_GPIO.o
                0x00000000080049b0                turnOff
 .text.gpioWrite
                0x00000000080049be       0x12 THL_STM32_Drivers/src/THL_GPIO.o
                0x00000000080049be                gpioWrite
 .text.i2cTC_IT_CallBack
                0x00000000080049d0        0x2 THL_STM32_Drivers/src/THL_I2C.o
                0x00000000080049d0                i2cTC_IT_CallBack
 *fill*         0x00000000080049d2        0x2 
 .text.HAL_I2C_MasterTxCpltCallback
                0x00000000080049d4       0x34 THL_STM32_Drivers/src/THL_I2C.o
                0x00000000080049d4                HAL_I2C_MasterTxCpltCallback
 .text.HAL_I2C_SlaveTxCpltCallback
                0x0000000008004a08       0x34 THL_STM32_Drivers/src/THL_I2C.o
                0x0000000008004a08                HAL_I2C_SlaveTxCpltCallback
 .text.i2cRC_IT_CallBack
                0x0000000008004a3c        0x2 THL_STM32_Drivers/src/THL_I2C.o
                0x0000000008004a3c                i2cRC_IT_CallBack
 *fill*         0x0000000008004a3e        0x2 
 .text.HAL_I2C_MasterRxCpltCallback
                0x0000000008004a40       0x34 THL_STM32_Drivers/src/THL_I2C.o
                0x0000000008004a40                HAL_I2C_MasterRxCpltCallback
 .text.HAL_I2C_SlaveRxCpltCallback
                0x0000000008004a74       0x34 THL_STM32_Drivers/src/THL_I2C.o
                0x0000000008004a74                HAL_I2C_SlaveRxCpltCallback
 .text.timSetCNT
                0x0000000008004aa8        0xa THL_STM32_Drivers/src/THL_Timer.o
                0x0000000008004aa8                timSetCNT
 *fill*         0x0000000008004ab2        0x2 
 .text.timEnc_OverFlow_IT_CallBack
                0x0000000008004ab4       0x64 THL_STM32_Drivers/src/THL_Timer.o
 .text.tim_channel_index
                0x0000000008004b18       0x22 THL_STM32_Drivers/src/THL_Timer.o
                0x0000000008004b18                tim_channel_index
 .text.timSysT_IT_CallBack
                0x0000000008004b3a        0x2 THL_STM32_Drivers/src/THL_Timer.o
                0x0000000008004b3a                timSysT_IT_CallBack
 .text.HAL_TIM_PeriodElapsedCallback
                0x0000000008004b3c       0x38 THL_STM32_Drivers/src/THL_Timer.o
                0x0000000008004b3c                HAL_TIM_PeriodElapsedCallback
 .text.timSetIC_Polarity
                0x0000000008004b74       0xa8 THL_STM32_Drivers/src/THL_Timer.o
                0x0000000008004b74                timSetIC_Polarity
 .text.timGetCapVal
                0x0000000008004c1c        0xa THL_STM32_Drivers/src/THL_Timer.o
                0x0000000008004c1c                timGetCapVal
 .text.timPWM_IN_IT_CallBack
                0x0000000008004c26      0x128 THL_STM32_Drivers/src/THL_Timer.o
 *fill*         0x0000000008004d4e        0x2 
 .text.HAL_TIM_IC_CaptureCallback
                0x0000000008004d50       0x48 THL_STM32_Drivers/src/THL_Timer.o
                0x0000000008004d50                HAL_TIM_IC_CaptureCallback
 .text.newUSART
                0x0000000008004d98       0x5c THL_STM32_Drivers/src/THL_Usart.o
                0x0000000008004d98                newUSART
 .text.newMainUSART
                0x0000000008004df4       0x10 THL_STM32_Drivers/src/THL_Usart.o
                0x0000000008004df4                newMainUSART
 .text.usartWrite
                0x0000000008004e04       0x70 THL_STM32_Drivers/src/THL_Usart.o
                0x0000000008004e04                usartWrite
 .text.printf_u
                0x0000000008004e74       0x2c THL_STM32_Drivers/src/THL_Usart.o
                0x0000000008004e74                printf_u
 .text.throwException
                0x0000000008004ea0        0x8 THL_STM32_Drivers/src/THL_Utility.o
                0x0000000008004ea0                throwException
 .text.Reset_Handler
                0x0000000008004ea8       0x50 startup/startup_stm32f446xx.o
                0x0000000008004ea8                Reset_Handler
 .text.Default_Handler
                0x0000000008004ef8        0x2 startup/startup_stm32f446xx.o
                0x0000000008004ef8                FMPI2C1_Error_IRQHandler
                0x0000000008004ef8                EXTI2_IRQHandler
                0x0000000008004ef8                SPI4_IRQHandler
                0x0000000008004ef8                TIM1_CC_IRQHandler
                0x0000000008004ef8                DMA2_Stream5_IRQHandler
                0x0000000008004ef8                DMA1_Stream5_IRQHandler
                0x0000000008004ef8                PVD_IRQHandler
                0x0000000008004ef8                SDIO_IRQHandler
                0x0000000008004ef8                TAMP_STAMP_IRQHandler
                0x0000000008004ef8                CAN2_RX1_IRQHandler
                0x0000000008004ef8                EXTI3_IRQHandler
                0x0000000008004ef8                TIM8_TRG_COM_TIM14_IRQHandler
                0x0000000008004ef8                I2C3_ER_IRQHandler
                0x0000000008004ef8                FMPI2C1_Event_IRQHandler
                0x0000000008004ef8                EXTI0_IRQHandler
                0x0000000008004ef8                I2C2_EV_IRQHandler
                0x0000000008004ef8                DMA1_Stream2_IRQHandler
                0x0000000008004ef8                CAN1_RX0_IRQHandler
                0x0000000008004ef8                FPU_IRQHandler
                0x0000000008004ef8                OTG_HS_WKUP_IRQHandler
                0x0000000008004ef8                CAN2_SCE_IRQHandler
                0x0000000008004ef8                DMA2_Stream2_IRQHandler
                0x0000000008004ef8                SPI1_IRQHandler
                0x0000000008004ef8                TIM6_DAC_IRQHandler
                0x0000000008004ef8                TIM1_BRK_TIM9_IRQHandler
                0x0000000008004ef8                DCMI_IRQHandler
                0x0000000008004ef8                CAN2_RX0_IRQHandler
                0x0000000008004ef8                DMA2_Stream3_IRQHandler
                0x0000000008004ef8                SAI2_IRQHandler
                0x0000000008004ef8                USART6_IRQHandler
                0x0000000008004ef8                USART3_IRQHandler
                0x0000000008004ef8                CAN1_RX1_IRQHandler
                0x0000000008004ef8                UART5_IRQHandler
                0x0000000008004ef8                TIM4_IRQHandler
                0x0000000008004ef8                QUADSPI_IRQHandler
                0x0000000008004ef8                DMA1_Stream6_IRQHandler
                0x0000000008004ef8                DMA1_Stream1_IRQHandler
                0x0000000008004ef8                UART4_IRQHandler
                0x0000000008004ef8                RCC_IRQHandler
                0x0000000008004ef8                TIM8_BRK_TIM12_IRQHandler
                0x0000000008004ef8                Default_Handler
                0x0000000008004ef8                CEC_IRQHandler
                0x0000000008004ef8                EXTI15_10_IRQHandler
                0x0000000008004ef8                CAN2_TX_IRQHandler
                0x0000000008004ef8                DMA2_Stream7_IRQHandler
                0x0000000008004ef8                I2C3_EV_IRQHandler
                0x0000000008004ef8                EXTI9_5_IRQHandler
                0x0000000008004ef8                RTC_WKUP_IRQHandler
                0x0000000008004ef8                SPDIF_RX_IRQHandler
                0x0000000008004ef8                OTG_HS_EP1_IN_IRQHandler
                0x0000000008004ef8                CAN1_TX_IRQHandler
                0x0000000008004ef8                EXTI4_IRQHandler
                0x0000000008004ef8                OTG_HS_EP1_OUT_IRQHandler
                0x0000000008004ef8                WWDG_IRQHandler
                0x0000000008004ef8                TIM2_IRQHandler
                0x0000000008004ef8                OTG_FS_WKUP_IRQHandler
                0x0000000008004ef8                TIM1_TRG_COM_TIM11_IRQHandler
                0x0000000008004ef8                OTG_HS_IRQHandler
                0x0000000008004ef8                EXTI1_IRQHandler
                0x0000000008004ef8                USART2_IRQHandler
                0x0000000008004ef8                I2C2_ER_IRQHandler
                0x0000000008004ef8                DMA2_Stream1_IRQHandler
                0x0000000008004ef8                CAN1_SCE_IRQHandler
                0x0000000008004ef8                FLASH_IRQHandler
                0x0000000008004ef8                DMA2_Stream4_IRQHandler
                0x0000000008004ef8                USART1_IRQHandler
                0x0000000008004ef8                OTG_FS_IRQHandler
                0x0000000008004ef8                SPI3_IRQHandler
                0x0000000008004ef8                FMC_IRQHandler
                0x0000000008004ef8                DMA2_Stream6_IRQHandler
                0x0000000008004ef8                SAI1_IRQHandler
                0x0000000008004ef8                RTC_Alarm_IRQHandler
 *fill*         0x0000000008004efa        0x2 
 .text.__libc_init_array
                0x0000000008004efc       0x48 /Applications/Ac6/SystemWorkbench.app/Contents/Eclipse/plugins/fr.ac6.mcu.externaltools.arm-none.macos64_1.17.0.201812190825/tools/compiler/bin/../lib/gcc/arm-none-eabi/7.3.1/../../../../arm-none-eabi/lib/thumb/v7e-m/fpv4-sp/hard/libc_nano.a(lib_a-init.o)
                0x0000000008004efc                __libc_init_array
 .text.memcpy   0x0000000008004f44       0x16 /Applications/Ac6/SystemWorkbench.app/Contents/Eclipse/plugins/fr.ac6.mcu.externaltools.arm-none.macos64_1.17.0.201812190825/tools/compiler/bin/../lib/gcc/arm-none-eabi/7.3.1/../../../../arm-none-eabi/lib/thumb/v7e-m/fpv4-sp/hard/libc_nano.a(lib_a-memcpy-stub.o)
                0x0000000008004f44                memcpy
 .text.memset   0x0000000008004f5a       0x10 /Applications/Ac6/SystemWorkbench.app/Contents/Eclipse/plugins/fr.ac6.mcu.externaltools.arm-none.macos64_1.17.0.201812190825/tools/compiler/bin/../lib/gcc/arm-none-eabi/7.3.1/../../../../arm-none-eabi/lib/thumb/v7e-m/fpv4-sp/hard/libc_nano.a(lib_a-memset.o)
                0x0000000008004f5a                memset
 *fill*         0x0000000008004f6a        0x2 
 .text._vsprintf_r
                0x0000000008004f6c       0x2c /Applications/Ac6/SystemWorkbench.app/Contents/Eclipse/plugins/fr.ac6.mcu.externaltools.arm-none.macos64_1.17.0.201812190825/tools/compiler/bin/../lib/gcc/arm-none-eabi/7.3.1/../../../../arm-none-eabi/lib/thumb/v7e-m/fpv4-sp/hard/libc_nano.a(lib_a-vsprintf.o)
                0x0000000008004f6c                _vsiprintf_r
                0x0000000008004f6c                _vsprintf_r
 .text.vsprintf
                0x0000000008004f98       0x14 /Applications/Ac6/SystemWorkbench.app/Contents/Eclipse/plugins/fr.ac6.mcu.externaltools.arm-none.macos64_1.17.0.201812190825/tools/compiler/bin/../lib/gcc/arm-none-eabi/7.3.1/../../../../arm-none-eabi/lib/thumb/v7e-m/fpv4-sp/hard/libc_nano.a(lib_a-vsprintf.o)
                0x0000000008004f98                vsprintf
                0x0000000008004f98                vsiprintf
 .text.__ssputs_r
                0x0000000008004fac       0xb4 /Applications/Ac6/SystemWorkbench.app/Contents/Eclipse/plugins/fr.ac6.mcu.externaltools.arm-none.macos64_1.17.0.201812190825/tools/compiler/bin/../lib/gcc/arm-none-eabi/7.3.1/../../../../arm-none-eabi/lib/thumb/v7e-m/fpv4-sp/hard/libc_nano.a(lib_a-nano-svfprintf.o)
                0x0000000008004fac                __ssputs_r
 .text._svfprintf_r
                0x0000000008005060      0x1f0 /Applications/Ac6/SystemWorkbench.app/Contents/Eclipse/plugins/fr.ac6.mcu.externaltools.arm-none.macos64_1.17.0.201812190825/tools/compiler/bin/../lib/gcc/arm-none-eabi/7.3.1/../../../../arm-none-eabi/lib/thumb/v7e-m/fpv4-sp/hard/libc_nano.a(lib_a-nano-svfprintf.o)
                0x0000000008005060                _svfprintf_r
                0x0000000008005060                _svfiprintf_r
 .text._printf_common
                0x0000000008005250       0xea /Applications/Ac6/SystemWorkbench.app/Contents/Eclipse/plugins/fr.ac6.mcu.externaltools.arm-none.macos64_1.17.0.201812190825/tools/compiler/bin/../lib/gcc/arm-none-eabi/7.3.1/../../../../arm-none-eabi/lib/thumb/v7e-m/fpv4-sp/hard/libc_nano.a(lib_a-nano-vfprintf_i.o)
                0x0000000008005250                _printf_common
 *fill*         0x000000000800533a        0x2 
 .text._printf_i
                0x000000000800533c      0x224 /Applications/Ac6/SystemWorkbench.app/Contents/Eclipse/plugins/fr.ac6.mcu.externaltools.arm-none.macos64_1.17.0.201812190825/tools/compiler/bin/../lib/gcc/arm-none-eabi/7.3.1/../../../../arm-none-eabi/lib/thumb/v7e-m/fpv4-sp/hard/libc_nano.a(lib_a-nano-vfprintf_i.o)
                0x000000000800533c                _printf_i
 .text.memmove  0x0000000008005560       0x32 /Applications/Ac6/SystemWorkbench.app/Contents/Eclipse/plugins/fr.ac6.mcu.externaltools.arm-none.macos64_1.17.0.201812190825/tools/compiler/bin/../lib/gcc/arm-none-eabi/7.3.1/../../../../arm-none-eabi/lib/thumb/v7e-m/fpv4-sp/hard/libc_nano.a(lib_a-memmove.o)
                0x0000000008005560                memmove
 *fill*         0x0000000008005592        0x2 
 .text._free_r  0x0000000008005594       0x9c /Applications/Ac6/SystemWorkbench.app/Contents/Eclipse/plugins/fr.ac6.mcu.externaltools.arm-none.macos64_1.17.0.201812190825/tools/compiler/bin/../lib/gcc/arm-none-eabi/7.3.1/../../../../arm-none-eabi/lib/thumb/v7e-m/fpv4-sp/hard/libc_nano.a(lib_a-nano-freer.o)
                0x0000000008005594                _free_r
 .text._malloc_r
                0x0000000008005630       0xb4 /Applications/Ac6/SystemWorkbench.app/Contents/Eclipse/plugins/fr.ac6.mcu.externaltools.arm-none.macos64_1.17.0.201812190825/tools/compiler/bin/../lib/gcc/arm-none-eabi/7.3.1/../../../../arm-none-eabi/lib/thumb/v7e-m/fpv4-sp/hard/libc_nano.a(lib_a-nano-mallocr.o)
                0x0000000008005630                _malloc_r
 .text._realloc_r
                0x00000000080056e4       0x4c /Applications/Ac6/SystemWorkbench.app/Contents/Eclipse/plugins/fr.ac6.mcu.externaltools.arm-none.macos64_1.17.0.201812190825/tools/compiler/bin/../lib/gcc/arm-none-eabi/7.3.1/../../../../arm-none-eabi/lib/thumb/v7e-m/fpv4-sp/hard/libc_nano.a(lib_a-nano-reallocr.o)
                0x00000000080056e4                _realloc_r
 .text._sbrk_r  0x0000000008005730       0x20 /Applications/Ac6/SystemWorkbench.app/Contents/Eclipse/plugins/fr.ac6.mcu.externaltools.arm-none.macos64_1.17.0.201812190825/tools/compiler/bin/../lib/gcc/arm-none-eabi/7.3.1/../../../../arm-none-eabi/lib/thumb/v7e-m/fpv4-sp/hard/libc_nano.a(lib_a-sbrkr.o)
                0x0000000008005730                _sbrk_r
 .text.__malloc_lock
                0x0000000008005750        0x2 /Applications/Ac6/SystemWorkbench.app/Contents/Eclipse/plugins/fr.ac6.mcu.externaltools.arm-none.macos64_1.17.0.201812190825/tools/compiler/bin/../lib/gcc/arm-none-eabi/7.3.1/../../../../arm-none-eabi/lib/thumb/v7e-m/fpv4-sp/hard/libc_nano.a(lib_a-mlock.o)
                0x0000000008005750                __malloc_lock
 .text.__malloc_unlock
                0x0000000008005752        0x2 /Applications/Ac6/SystemWorkbench.app/Contents/Eclipse/plugins/fr.ac6.mcu.externaltools.arm-none.macos64_1.17.0.201812190825/tools/compiler/bin/../lib/gcc/arm-none-eabi/7.3.1/../../../../arm-none-eabi/lib/thumb/v7e-m/fpv4-sp/hard/libc_nano.a(lib_a-mlock.o)
                0x0000000008005752                __malloc_unlock
 .text._malloc_usable_size_r
                0x0000000008005754       0x10 /Applications/Ac6/SystemWorkbench.app/Contents/Eclipse/plugins/fr.ac6.mcu.externaltools.arm-none.macos64_1.17.0.201812190825/tools/compiler/bin/../lib/gcc/arm-none-eabi/7.3.1/../../../../arm-none-eabi/lib/thumb/v7e-m/fpv4-sp/hard/libc_nano.a(lib_a-nano-msizer.o)
                0x0000000008005754                _malloc_usable_size_r
 .text._sbrk    0x0000000008005764       0x1c /Applications/Ac6/SystemWorkbench.app/Contents/Eclipse/plugins/fr.ac6.mcu.externaltools.arm-none.macos64_1.17.0.201812190825/tools/compiler/bin/../lib/gcc/arm-none-eabi/7.3.1/../../../../arm-none-eabi/lib/thumb/v7e-m/fpv4-sp/hard/libnosys.a(sbrk.o)
                0x0000000008005764                _sbrk
 *(.glue_7)
 .glue_7        0x0000000008005780        0x0 linker stubs
 *(.glue_7t)
 .glue_7t       0x0000000008005780        0x0 linker stubs
 *(.eh_frame)
 .eh_frame      0x0000000008005780        0x0 /Applications/Ac6/SystemWorkbench.app/Contents/Eclipse/plugins/fr.ac6.mcu.externaltools.arm-none.macos64_1.17.0.201812190825/tools/compiler/bin/../lib/gcc/arm-none-eabi/7.3.1/thumb/v7e-m/fpv4-sp/hard/crtbegin.o
 *(.init)
 .init          0x0000000008005780        0x4 /Applications/Ac6/SystemWorkbench.app/Contents/Eclipse/plugins/fr.ac6.mcu.externaltools.arm-none.macos64_1.17.0.201812190825/tools/compiler/bin/../lib/gcc/arm-none-eabi/7.3.1/thumb/v7e-m/fpv4-sp/hard/crti.o
                0x0000000008005780                _init
 .init          0x0000000008005784        0x8 /Applications/Ac6/SystemWorkbench.app/Contents/Eclipse/plugins/fr.ac6.mcu.externaltools.arm-none.macos64_1.17.0.201812190825/tools/compiler/bin/../lib/gcc/arm-none-eabi/7.3.1/thumb/v7e-m/fpv4-sp/hard/crtn.o
 *(.fini)
 .fini          0x000000000800578c        0x4 /Applications/Ac6/SystemWorkbench.app/Contents/Eclipse/plugins/fr.ac6.mcu.externaltools.arm-none.macos64_1.17.0.201812190825/tools/compiler/bin/../lib/gcc/arm-none-eabi/7.3.1/thumb/v7e-m/fpv4-sp/hard/crti.o
                0x000000000800578c                _fini
 .fini          0x0000000008005790        0x8 /Applications/Ac6/SystemWorkbench.app/Contents/Eclipse/plugins/fr.ac6.mcu.externaltools.arm-none.macos64_1.17.0.201812190825/tools/compiler/bin/../lib/gcc/arm-none-eabi/7.3.1/thumb/v7e-m/fpv4-sp/hard/crtn.o
                0x0000000008005798                . = ALIGN (0x4)
                0x0000000008005798                _etext = .

.vfp11_veneer   0x0000000008005798        0x0
 .vfp11_veneer  0x0000000008005798        0x0 linker stubs

.v4_bx          0x0000000008005798        0x0
 .v4_bx         0x0000000008005798        0x0 linker stubs

.iplt           0x0000000008005798        0x0
 .iplt          0x0000000008005798        0x0 /Applications/Ac6/SystemWorkbench.app/Contents/Eclipse/plugins/fr.ac6.mcu.externaltools.arm-none.macos64_1.17.0.201812190825/tools/compiler/bin/../lib/gcc/arm-none-eabi/7.3.1/thumb/v7e-m/fpv4-sp/hard/crtbegin.o

.rodata         0x0000000008005798      0x22c
                0x0000000008005798                . = ALIGN (0x4)
 *(.rodata)
 .rodata        0x0000000008005798        0x8 Drivers/STM32F4xx_HAL_Driver/Src/stm32f4xx_hal_dma.o
 .rodata        0x00000000080057a0       0x18 Src/system_stm32f4xx.o
                0x00000000080057a0                AHBPrescTable
                0x00000000080057b0                APBPrescTable
 *(.rodata*)
 .rodata.str1.4
                0x00000000080057b8       0x22 THL_Examples and Testers/src/THL_AdcTester.o
                                         0x26 (size before relaxing)
 *fill*         0x00000000080057da        0x2 
 .rodata.str1.4
                0x00000000080057dc      0x154 THL_STM32_Drivers/src/THL_Usart.o
                                        0x152 (size before relaxing)
 .rodata._svfprintf_r.str1.1
                0x0000000008005930       0x11 /Applications/Ac6/SystemWorkbench.app/Contents/Eclipse/plugins/fr.ac6.mcu.externaltools.arm-none.macos64_1.17.0.201812190825/tools/compiler/bin/../lib/gcc/arm-none-eabi/7.3.1/../../../../arm-none-eabi/lib/thumb/v7e-m/fpv4-sp/hard/libc_nano.a(lib_a-nano-svfprintf.o)
 .rodata._printf_i.str1.1
                0x0000000008005941       0x22 /Applications/Ac6/SystemWorkbench.app/Contents/Eclipse/plugins/fr.ac6.mcu.externaltools.arm-none.macos64_1.17.0.201812190825/tools/compiler/bin/../lib/gcc/arm-none-eabi/7.3.1/../../../../arm-none-eabi/lib/thumb/v7e-m/fpv4-sp/hard/libc_nano.a(lib_a-nano-vfprintf_i.o)
 *fill*         0x0000000008005963        0x1 
 .rodata.__sf_fake_stderr
                0x0000000008005964       0x20 /Applications/Ac6/SystemWorkbench.app/Contents/Eclipse/plugins/fr.ac6.mcu.externaltools.arm-none.macos64_1.17.0.201812190825/tools/compiler/bin/../lib/gcc/arm-none-eabi/7.3.1/../../../../arm-none-eabi/lib/thumb/v7e-m/fpv4-sp/hard/libc_nano.a(lib_a-findfp.o)
                0x0000000008005964                __sf_fake_stderr
 .rodata.__sf_fake_stdin
                0x0000000008005984       0x20 /Applications/Ac6/SystemWorkbench.app/Contents/Eclipse/plugins/fr.ac6.mcu.externaltools.arm-none.macos64_1.17.0.201812190825/tools/compiler/bin/../lib/gcc/arm-none-eabi/7.3.1/../../../../arm-none-eabi/lib/thumb/v7e-m/fpv4-sp/hard/libc_nano.a(lib_a-findfp.o)
                0x0000000008005984                __sf_fake_stdin
 .rodata.__sf_fake_stdout
                0x00000000080059a4       0x20 /Applications/Ac6/SystemWorkbench.app/Contents/Eclipse/plugins/fr.ac6.mcu.externaltools.arm-none.macos64_1.17.0.201812190825/tools/compiler/bin/../lib/gcc/arm-none-eabi/7.3.1/../../../../arm-none-eabi/lib/thumb/v7e-m/fpv4-sp/hard/libc_nano.a(lib_a-findfp.o)
                0x00000000080059a4                __sf_fake_stdout
                0x00000000080059c4                . = ALIGN (0x4)

.ARM.extab
 *(.ARM.extab* .gnu.linkonce.armextab.*)

.ARM            0x00000000080059c4        0x8
                0x00000000080059c4                __exidx_start = .
 *(.ARM.exidx*)
 .ARM.exidx     0x00000000080059c4        0x8 /Applications/Ac6/SystemWorkbench.app/Contents/Eclipse/plugins/fr.ac6.mcu.externaltools.arm-none.macos64_1.17.0.201812190825/tools/compiler/bin/../lib/gcc/arm-none-eabi/7.3.1/thumb/v7e-m/fpv4-sp/hard/libgcc.a(_udivmoddi4.o)
                0x00000000080059cc                __exidx_end = .

.rel.dyn        0x00000000080059cc        0x0
 .rel.iplt      0x00000000080059cc        0x0 /Applications/Ac6/SystemWorkbench.app/Contents/Eclipse/plugins/fr.ac6.mcu.externaltools.arm-none.macos64_1.17.0.201812190825/tools/compiler/bin/../lib/gcc/arm-none-eabi/7.3.1/thumb/v7e-m/fpv4-sp/hard/crtbegin.o

.preinit_array  0x00000000080059cc        0x0
                0x00000000080059cc                PROVIDE (__preinit_array_start = .)
 *(.preinit_array*)
                0x00000000080059cc                PROVIDE (__preinit_array_end = .)

.init_array     0x00000000080059cc        0x4
                0x00000000080059cc                PROVIDE (__init_array_start = .)
 *(SORT_BY_NAME(.init_array.*))
 *(.init_array*)
 .init_array    0x00000000080059cc        0x4 /Applications/Ac6/SystemWorkbench.app/Contents/Eclipse/plugins/fr.ac6.mcu.externaltools.arm-none.macos64_1.17.0.201812190825/tools/compiler/bin/../lib/gcc/arm-none-eabi/7.3.1/thumb/v7e-m/fpv4-sp/hard/crtbegin.o
                0x00000000080059d0                PROVIDE (__init_array_end = .)

.fini_array     0x00000000080059d0        0x4
                [!provide]                        PROVIDE (__fini_array_start = .)
 *(SORT_BY_NAME(.fini_array.*))
 *(.fini_array*)
 .fini_array    0x00000000080059d0        0x4 /Applications/Ac6/SystemWorkbench.app/Contents/Eclipse/plugins/fr.ac6.mcu.externaltools.arm-none.macos64_1.17.0.201812190825/tools/compiler/bin/../lib/gcc/arm-none-eabi/7.3.1/thumb/v7e-m/fpv4-sp/hard/crtbegin.o
                [!provide]                        PROVIDE (__fini_array_end = .)
                0x00000000080059d4                _sidata = LOADADDR (.data)

.data           0x0000000020000000       0x70 load address 0x00000000080059d4
                0x0000000020000000                . = ALIGN (0x4)
                0x0000000020000000                _sdata = .
 *(.data)
 .data          0x0000000020000000        0x8 Drivers/STM32F4xx_HAL_Driver/Src/stm32f4xx_hal.o
                0x0000000020000000                uwTickFreq
                0x0000000020000004                uwTickPrio
 .data          0x0000000020000008        0x4 Src/system_stm32f4xx.o
                0x0000000020000008                SystemCoreClock
 *(.data*)
 .data._impure_ptr
                0x000000002000000c        0x4 /Applications/Ac6/SystemWorkbench.app/Contents/Eclipse/plugins/fr.ac6.mcu.externaltools.arm-none.macos64_1.17.0.201812190825/tools/compiler/bin/../lib/gcc/arm-none-eabi/7.3.1/../../../../arm-none-eabi/lib/thumb/v7e-m/fpv4-sp/hard/libc_nano.a(lib_a-impure.o)
                0x000000002000000c                _impure_ptr
 .data.impure_data
                0x0000000020000010       0x60 /Applications/Ac6/SystemWorkbench.app/Contents/Eclipse/plugins/fr.ac6.mcu.externaltools.arm-none.macos64_1.17.0.201812190825/tools/compiler/bin/../lib/gcc/arm-none-eabi/7.3.1/../../../../arm-none-eabi/lib/thumb/v7e-m/fpv4-sp/hard/libc_nano.a(lib_a-impure.o)
                0x0000000020000070                . = ALIGN (0x4)
                0x0000000020000070                _edata = .

.igot.plt       0x0000000020000070        0x0 load address 0x0000000008005a44
 .igot.plt      0x0000000020000070        0x0 /Applications/Ac6/SystemWorkbench.app/Contents/Eclipse/plugins/fr.ac6.mcu.externaltools.arm-none.macos64_1.17.0.201812190825/tools/compiler/bin/../lib/gcc/arm-none-eabi/7.3.1/thumb/v7e-m/fpv4-sp/hard/crtbegin.o
                0x0000000020000070                . = ALIGN (0x4)

.bss            0x0000000020000070      0xa84 load address 0x0000000008005a44
                0x0000000020000070                _sbss = .
                0x0000000020000070                __bss_start__ = _sbss
 *(.bss)
 .bss           0x0000000020000070       0x1c /Applications/Ac6/SystemWorkbench.app/Contents/Eclipse/plugins/fr.ac6.mcu.externaltools.arm-none.macos64_1.17.0.201812190825/tools/compiler/bin/../lib/gcc/arm-none-eabi/7.3.1/thumb/v7e-m/fpv4-sp/hard/crtbegin.o
 .bss           0x000000002000008c       0x11 THL_Examples and Testers/src/THL_TimerTester.o
                0x000000002000008c                ICval
                0x0000000020000094                PulseWidth
                0x000000002000009c                tmp
 *fill*         0x000000002000009d        0x1 
 .bss           0x000000002000009e        0x2 THL_STM32_Drivers/src/THL_ADC.o
                0x000000002000009e                numActiveADCs
 .bss           0x00000000200000a0        0x2 THL_STM32_Drivers/src/THL_I2C.o
                0x00000000200000a0                numActiveI2Cs
 .bss           0x00000000200000a2        0x2 THL_STM32_Drivers/src/THL_Timer.o
                0x00000000200000a2                numActiveTIMs
 .bss           0x00000000200000a4        0x2 THL_STM32_Drivers/src/THL_Usart.o
                0x00000000200000a4                numActiveUSARTs
 *(.bss*)
 *fill*         0x00000000200000a6        0x2 
 .bss.__malloc_free_list
                0x00000000200000a8        0x4 /Applications/Ac6/SystemWorkbench.app/Contents/Eclipse/plugins/fr.ac6.mcu.externaltools.arm-none.macos64_1.17.0.201812190825/tools/compiler/bin/../lib/gcc/arm-none-eabi/7.3.1/../../../../arm-none-eabi/lib/thumb/v7e-m/fpv4-sp/hard/libc_nano.a(lib_a-nano-mallocr.o)
                0x00000000200000a8                __malloc_free_list
 .bss.__malloc_sbrk_start
                0x00000000200000ac        0x4 /Applications/Ac6/SystemWorkbench.app/Contents/Eclipse/plugins/fr.ac6.mcu.externaltools.arm-none.macos64_1.17.0.201812190825/tools/compiler/bin/../lib/gcc/arm-none-eabi/7.3.1/../../../../arm-none-eabi/lib/thumb/v7e-m/fpv4-sp/hard/libc_nano.a(lib_a-nano-mallocr.o)
                0x00000000200000ac                __malloc_sbrk_start
 .bss.heap_end.5377
                0x00000000200000b0        0x4 /Applications/Ac6/SystemWorkbench.app/Contents/Eclipse/plugins/fr.ac6.mcu.externaltools.arm-none.macos64_1.17.0.201812190825/tools/compiler/bin/../lib/gcc/arm-none-eabi/7.3.1/../../../../arm-none-eabi/lib/thumb/v7e-m/fpv4-sp/hard/libnosys.a(sbrk.o)
 *(COMMON)
 COMMON         0x00000000200000b4        0x4 Drivers/STM32F4xx_HAL_Driver/Src/stm32f4xx_hal.o
                0x00000000200000b4                uwTick
 COMMON         0x00000000200000b8      0x518 Src/main.o
                0x00000000200000b8                hspi2
                0x0000000020000110                htim8
                0x000000002000014c                hadc2
                0x0000000020000194                hdma_i2c1_tx
                0x00000000200001f4                hi2c1
                0x0000000020000248                htim10
                0x0000000020000284                hi2c2
                0x00000000200002d8                hdma_spi2_rx
                0x0000000020000338                htim5
                0x0000000020000374                htim3
                0x00000000200003b0                hadc1
                0x00000000200003f8                hdma_adc1
                0x0000000020000458                htim1
                0x0000000020000494                hdma_i2c1_rx
                0x00000000200004f4                huart2
                0x0000000020000534                hdma_spi2_tx
                0x0000000020000594                htim7
 COMMON         0x00000000200005d0      0x130 THL_Examples and Testers/src/PMW3901_Tester.o
                0x00000000200005d0                ledMem
                0x00000000200005d8                spi_cs
                0x00000000200005e0                YSTZmem
                0x0000000020000608                button
                0x000000002000060c                led
                0x0000000020000610                buttonMem
                0x0000000020000618                YSTZ
                0x000000002000061c                spiBusMem
                0x00000000200006f4                spi_csMem
                0x00000000200006fc                spiBus
 COMMON         0x0000000020000700       0x94 THL_Examples and Testers/src/THL_AdcTester.o
                0x0000000020000700                adc2_mem
                0x000000002000073c                button_mem
                0x0000000020000744                adc1
                0x0000000020000748                system_console
                0x000000002000074c                adc2
                0x0000000020000750                adc1_mem
                0x000000002000078c                led_mem
 COMMON         0x0000000020000794      0x194 THL_Examples and Testers/src/THL_TimerTester.o
                0x0000000020000794                timer7
                0x0000000020000798                timer3Mem
                0x00000000200007c8                timer5Mem
                0x00000000200007f8                timer10
                0x00000000200007fc                timer8_IC_fieldsMem
                0x0000000020000840                timer10Mem
                0x0000000020000870                PB6
                0x0000000020000874                timer7Mem
                0x00000000200008a4                timer8
                0x00000000200008a8                PB6Mem
                0x00000000200008b0                PB7
                0x00000000200008b4                timer5
                0x00000000200008b8                PB7Mem
                0x00000000200008c0                timer1
                0x00000000200008c4                timer1Mem
                0x00000000200008f4                timer3
                0x00000000200008f8                timer8Mem
 COMMON         0x0000000020000928       0x14 THL_STM32_Drivers/src/THL_ADC.o
                0x0000000020000928                ActiveADCs
 COMMON         0x000000002000093c       0x28 THL_STM32_Drivers/src/THL_I2C.o
                0x000000002000093c                ActiveI2Cs
 COMMON         0x0000000020000964       0x64 THL_STM32_Drivers/src/THL_Timer.o
                0x0000000020000964                ActiveTIMs
 COMMON         0x00000000200009c8      0x128 THL_STM32_Drivers/src/THL_Usart.o
                0x00000000200009c8                DefaultUSART
                0x0000000020000aa0                ActiveUSARTs
 COMMON         0x0000000020000af0        0x4 /Applications/Ac6/SystemWorkbench.app/Contents/Eclipse/plugins/fr.ac6.mcu.externaltools.arm-none.macos64_1.17.0.201812190825/tools/compiler/bin/../lib/gcc/arm-none-eabi/7.3.1/../../../../arm-none-eabi/lib/thumb/v7e-m/fpv4-sp/hard/libc_nano.a(lib_a-reent.o)
                0x0000000020000af0                errno
                0x0000000020000af4                . = ALIGN (0x4)
                0x0000000020000af4                _ebss = .
                0x0000000020000af4                __bss_end__ = _ebss

._user_heap_stack
                0x0000000020000af4      0x604 load address 0x0000000008005a44
                0x0000000020000af8                . = ALIGN (0x8)
 *fill*         0x0000000020000af4        0x4 
                0x0000000020000af8                PROVIDE (end = .)
                [!provide]                        PROVIDE (_end = .)
                0x0000000020000cf8                . = (. + _Min_Heap_Size)
 *fill*         0x0000000020000af8      0x200 
                0x00000000200010f8                . = (. + _Min_Stack_Size)
 *fill*         0x0000000020000cf8      0x400 
                0x00000000200010f8                . = ALIGN (0x8)

/DISCARD/
 libc.a(*)
 libm.a(*)
 libgcc.a(*)

.ARM.attributes
                0x0000000000000000       0x30
 *(.ARM.attributes)
 .ARM.attributes
                0x0000000000000000       0x22 /Applications/Ac6/SystemWorkbench.app/Contents/Eclipse/plugins/fr.ac6.mcu.externaltools.arm-none.macos64_1.17.0.201812190825/tools/compiler/bin/../lib/gcc/arm-none-eabi/7.3.1/thumb/v7e-m/fpv4-sp/hard/crti.o
 .ARM.attributes
                0x0000000000000022       0x34 /Applications/Ac6/SystemWorkbench.app/Contents/Eclipse/plugins/fr.ac6.mcu.externaltools.arm-none.macos64_1.17.0.201812190825/tools/compiler/bin/../lib/gcc/arm-none-eabi/7.3.1/thumb/v7e-m/fpv4-sp/hard/crtbegin.o
 .ARM.attributes
                0x0000000000000056       0x39 Drivers/STM32F4xx_HAL_Driver/Src/stm32f4xx_hal.o
 .ARM.attributes
                0x000000000000008f       0x39 Drivers/STM32F4xx_HAL_Driver/Src/stm32f4xx_hal_adc.o
 .ARM.attributes
                0x00000000000000c8       0x39 Drivers/STM32F4xx_HAL_Driver/Src/stm32f4xx_hal_adc_ex.o
 .ARM.attributes
                0x0000000000000101       0x39 Drivers/STM32F4xx_HAL_Driver/Src/stm32f4xx_hal_cortex.o
 .ARM.attributes
                0x000000000000013a       0x39 Drivers/STM32F4xx_HAL_Driver/Src/stm32f4xx_hal_dma.o
 .ARM.attributes
                0x0000000000000173       0x39 Drivers/STM32F4xx_HAL_Driver/Src/stm32f4xx_hal_gpio.o
 .ARM.attributes
                0x00000000000001ac       0x39 Drivers/STM32F4xx_HAL_Driver/Src/stm32f4xx_hal_i2c.o
 .ARM.attributes
                0x00000000000001e5       0x39 Drivers/STM32F4xx_HAL_Driver/Src/stm32f4xx_hal_pwr_ex.o
 .ARM.attributes
                0x000000000000021e       0x39 Drivers/STM32F4xx_HAL_Driver/Src/stm32f4xx_hal_rcc.o
 .ARM.attributes
                0x0000000000000257       0x39 Drivers/STM32F4xx_HAL_Driver/Src/stm32f4xx_hal_rcc_ex.o
 .ARM.attributes
                0x0000000000000290       0x39 Drivers/STM32F4xx_HAL_Driver/Src/stm32f4xx_hal_spi.o
 .ARM.attributes
                0x00000000000002c9       0x39 Drivers/STM32F4xx_HAL_Driver/Src/stm32f4xx_hal_tim.o
 .ARM.attributes
                0x0000000000000302       0x39 Drivers/STM32F4xx_HAL_Driver/Src/stm32f4xx_hal_tim_ex.o
 .ARM.attributes
                0x000000000000033b       0x39 Drivers/STM32F4xx_HAL_Driver/Src/stm32f4xx_hal_uart.o
 .ARM.attributes
                0x0000000000000374       0x39 Project_Main/src/Prj_Main.o
 .ARM.attributes
                0x00000000000003ad       0x39 Src/main.o
 .ARM.attributes
                0x00000000000003e6       0x39 Src/stm32f4xx_hal_msp.o
 .ARM.attributes
                0x000000000000041f       0x39 Src/stm32f4xx_it.o
 .ARM.attributes
                0x0000000000000458       0x39 Src/system_stm32f4xx.o
 .ARM.attributes
                0x0000000000000491       0x39 THL_Examples and Testers/src/PMW3901_Tester.o
 .ARM.attributes
                0x00000000000004ca       0x39 THL_Examples and Testers/src/THL_AdcTester.o
 .ARM.attributes
                0x0000000000000503       0x39 THL_Examples and Testers/src/THL_TimerTester.o
 .ARM.attributes
                0x000000000000053c       0x39 THL_STM32_Drivers/src/THL_ADC.o
 .ARM.attributes
                0x0000000000000575       0x39 THL_STM32_Drivers/src/THL_GPIO.o
 .ARM.attributes
                0x00000000000005ae       0x39 THL_STM32_Drivers/src/THL_I2C.o
 .ARM.attributes
                0x00000000000005e7       0x39 THL_STM32_Drivers/src/THL_Timer.o
 .ARM.attributes
                0x0000000000000620       0x39 THL_STM32_Drivers/src/THL_Usart.o
 .ARM.attributes
                0x0000000000000659       0x39 THL_STM32_Drivers/src/THL_Utility.o
 .ARM.attributes
                0x0000000000000692       0x21 startup/startup_stm32f446xx.o
 .ARM.attributes
                0x00000000000006b3       0x22 /Applications/Ac6/SystemWorkbench.app/Contents/Eclipse/plugins/fr.ac6.mcu.externaltools.arm-none.macos64_1.17.0.201812190825/tools/compiler/bin/../lib/gcc/arm-none-eabi/7.3.1/thumb/v7e-m/fpv4-sp/hard/libgcc.a(_aeabi_uldivmod.o)
 .ARM.attributes
                0x00000000000006d5       0x34 /Applications/Ac6/SystemWorkbench.app/Contents/Eclipse/plugins/fr.ac6.mcu.externaltools.arm-none.macos64_1.17.0.201812190825/tools/compiler/bin/../lib/gcc/arm-none-eabi/7.3.1/thumb/v7e-m/fpv4-sp/hard/libgcc.a(_udivmoddi4.o)
 .ARM.attributes
                0x0000000000000709       0x22 /Applications/Ac6/SystemWorkbench.app/Contents/Eclipse/plugins/fr.ac6.mcu.externaltools.arm-none.macos64_1.17.0.201812190825/tools/compiler/bin/../lib/gcc/arm-none-eabi/7.3.1/thumb/v7e-m/fpv4-sp/hard/libgcc.a(_dvmd_tls.o)
 .ARM.attributes
                0x000000000000072b       0x34 /Applications/Ac6/SystemWorkbench.app/Contents/Eclipse/plugins/fr.ac6.mcu.externaltools.arm-none.macos64_1.17.0.201812190825/tools/compiler/bin/../lib/gcc/arm-none-eabi/7.3.1/../../../../arm-none-eabi/lib/thumb/v7e-m/fpv4-sp/hard/libc_nano.a(lib_a-impure.o)
 .ARM.attributes
                0x000000000000075f       0x34 /Applications/Ac6/SystemWorkbench.app/Contents/Eclipse/plugins/fr.ac6.mcu.externaltools.arm-none.macos64_1.17.0.201812190825/tools/compiler/bin/../lib/gcc/arm-none-eabi/7.3.1/../../../../arm-none-eabi/lib/thumb/v7e-m/fpv4-sp/hard/libc_nano.a(lib_a-init.o)
 .ARM.attributes
                0x0000000000000793       0x34 /Applications/Ac6/SystemWorkbench.app/Contents/Eclipse/plugins/fr.ac6.mcu.externaltools.arm-none.macos64_1.17.0.201812190825/tools/compiler/bin/../lib/gcc/arm-none-eabi/7.3.1/../../../../arm-none-eabi/lib/thumb/v7e-m/fpv4-sp/hard/libc_nano.a(lib_a-memcpy-stub.o)
 .ARM.attributes
                0x00000000000007c7       0x34 /Applications/Ac6/SystemWorkbench.app/Contents/Eclipse/plugins/fr.ac6.mcu.externaltools.arm-none.macos64_1.17.0.201812190825/tools/compiler/bin/../lib/gcc/arm-none-eabi/7.3.1/../../../../arm-none-eabi/lib/thumb/v7e-m/fpv4-sp/hard/libc_nano.a(lib_a-memset.o)
 .ARM.attributes
                0x00000000000007fb       0x1b /Applications/Ac6/SystemWorkbench.app/Contents/Eclipse/plugins/fr.ac6.mcu.externaltools.arm-none.macos64_1.17.0.201812190825/tools/compiler/bin/../lib/gcc/arm-none-eabi/7.3.1/../../../../arm-none-eabi/lib/thumb/v7e-m/fpv4-sp/hard/libc_nano.a(lib_a-strlen.o)
 .ARM.attributes
                0x0000000000000816       0x34 /Applications/Ac6/SystemWorkbench.app/Contents/Eclipse/plugins/fr.ac6.mcu.externaltools.arm-none.macos64_1.17.0.201812190825/tools/compiler/bin/../lib/gcc/arm-none-eabi/7.3.1/../../../../arm-none-eabi/lib/thumb/v7e-m/fpv4-sp/hard/libc_nano.a(lib_a-vsprintf.o)
 .ARM.attributes
                0x000000000000084a       0x34 /Applications/Ac6/SystemWorkbench.app/Contents/Eclipse/plugins/fr.ac6.mcu.externaltools.arm-none.macos64_1.17.0.201812190825/tools/compiler/bin/../lib/gcc/arm-none-eabi/7.3.1/../../../../arm-none-eabi/lib/thumb/v7e-m/fpv4-sp/hard/libc_nano.a(lib_a-nano-svfprintf.o)
 .ARM.attributes
                0x000000000000087e       0x34 /Applications/Ac6/SystemWorkbench.app/Contents/Eclipse/plugins/fr.ac6.mcu.externaltools.arm-none.macos64_1.17.0.201812190825/tools/compiler/bin/../lib/gcc/arm-none-eabi/7.3.1/../../../../arm-none-eabi/lib/thumb/v7e-m/fpv4-sp/hard/libc_nano.a(lib_a-nano-vfprintf_i.o)
 .ARM.attributes
                0x00000000000008b2       0x34 /Applications/Ac6/SystemWorkbench.app/Contents/Eclipse/plugins/fr.ac6.mcu.externaltools.arm-none.macos64_1.17.0.201812190825/tools/compiler/bin/../lib/gcc/arm-none-eabi/7.3.1/../../../../arm-none-eabi/lib/thumb/v7e-m/fpv4-sp/hard/libc_nano.a(lib_a-findfp.o)
 .ARM.attributes
                0x00000000000008e6       0x20 /Applications/Ac6/SystemWorkbench.app/Contents/Eclipse/plugins/fr.ac6.mcu.externaltools.arm-none.macos64_1.17.0.201812190825/tools/compiler/bin/../lib/gcc/arm-none-eabi/7.3.1/../../../../arm-none-eabi/lib/thumb/v7e-m/fpv4-sp/hard/libc_nano.a(lib_a-memchr.o)
 .ARM.attributes
                0x0000000000000906       0x34 /Applications/Ac6/SystemWorkbench.app/Contents/Eclipse/plugins/fr.ac6.mcu.externaltools.arm-none.macos64_1.17.0.201812190825/tools/compiler/bin/../lib/gcc/arm-none-eabi/7.3.1/../../../../arm-none-eabi/lib/thumb/v7e-m/fpv4-sp/hard/libc_nano.a(lib_a-memmove.o)
 .ARM.attributes
                0x000000000000093a       0x34 /Applications/Ac6/SystemWorkbench.app/Contents/Eclipse/plugins/fr.ac6.mcu.externaltools.arm-none.macos64_1.17.0.201812190825/tools/compiler/bin/../lib/gcc/arm-none-eabi/7.3.1/../../../../arm-none-eabi/lib/thumb/v7e-m/fpv4-sp/hard/libc_nano.a(lib_a-nano-freer.o)
 .ARM.attributes
                0x000000000000096e       0x34 /Applications/Ac6/SystemWorkbench.app/Contents/Eclipse/plugins/fr.ac6.mcu.externaltools.arm-none.macos64_1.17.0.201812190825/tools/compiler/bin/../lib/gcc/arm-none-eabi/7.3.1/../../../../arm-none-eabi/lib/thumb/v7e-m/fpv4-sp/hard/libc_nano.a(lib_a-nano-mallocr.o)
 .ARM.attributes
                0x00000000000009a2       0x34 /Applications/Ac6/SystemWorkbench.app/Contents/Eclipse/plugins/fr.ac6.mcu.externaltools.arm-none.macos64_1.17.0.201812190825/tools/compiler/bin/../lib/gcc/arm-none-eabi/7.3.1/../../../../arm-none-eabi/lib/thumb/v7e-m/fpv4-sp/hard/libc_nano.a(lib_a-nano-reallocr.o)
 .ARM.attributes
                0x00000000000009d6       0x34 /Applications/Ac6/SystemWorkbench.app/Contents/Eclipse/plugins/fr.ac6.mcu.externaltools.arm-none.macos64_1.17.0.201812190825/tools/compiler/bin/../lib/gcc/arm-none-eabi/7.3.1/../../../../arm-none-eabi/lib/thumb/v7e-m/fpv4-sp/hard/libc_nano.a(lib_a-reent.o)
 .ARM.attributes
                0x0000000000000a0a       0x34 /Applications/Ac6/SystemWorkbench.app/Contents/Eclipse/plugins/fr.ac6.mcu.externaltools.arm-none.macos64_1.17.0.201812190825/tools/compiler/bin/../lib/gcc/arm-none-eabi/7.3.1/../../../../arm-none-eabi/lib/thumb/v7e-m/fpv4-sp/hard/libc_nano.a(lib_a-sbrkr.o)
 .ARM.attributes
                0x0000000000000a3e       0x34 /Applications/Ac6/SystemWorkbench.app/Contents/Eclipse/plugins/fr.ac6.mcu.externaltools.arm-none.macos64_1.17.0.201812190825/tools/compiler/bin/../lib/gcc/arm-none-eabi/7.3.1/../../../../arm-none-eabi/lib/thumb/v7e-m/fpv4-sp/hard/libc_nano.a(lib_a-mlock.o)
 .ARM.attributes
                0x0000000000000a72       0x34 /Applications/Ac6/SystemWorkbench.app/Contents/Eclipse/plugins/fr.ac6.mcu.externaltools.arm-none.macos64_1.17.0.201812190825/tools/compiler/bin/../lib/gcc/arm-none-eabi/7.3.1/../../../../arm-none-eabi/lib/thumb/v7e-m/fpv4-sp/hard/libc_nano.a(lib_a-nano-msizer.o)
 .ARM.attributes
                0x0000000000000aa6       0x34 /Applications/Ac6/SystemWorkbench.app/Contents/Eclipse/plugins/fr.ac6.mcu.externaltools.arm-none.macos64_1.17.0.201812190825/tools/compiler/bin/../lib/gcc/arm-none-eabi/7.3.1/../../../../arm-none-eabi/lib/thumb/v7e-m/fpv4-sp/hard/libnosys.a(sbrk.o)
 .ARM.attributes
                0x0000000000000ada       0x22 /Applications/Ac6/SystemWorkbench.app/Contents/Eclipse/plugins/fr.ac6.mcu.externaltools.arm-none.macos64_1.17.0.201812190825/tools/compiler/bin/../lib/gcc/arm-none-eabi/7.3.1/thumb/v7e-m/fpv4-sp/hard/crtn.o
OUTPUT(THL_Project_Basic.elf elf32-littlearm)

.debug_info     0x0000000000000000    0x2bd65
 .debug_info    0x0000000000000000     0x122b Drivers/STM32F4xx_HAL_Driver/Src/stm32f4xx_hal.o
 .debug_info    0x000000000000122b     0x15e9 Drivers/STM32F4xx_HAL_Driver/Src/stm32f4xx_hal_adc.o
 .debug_info    0x0000000000002814     0x1405 Drivers/STM32F4xx_HAL_Driver/Src/stm32f4xx_hal_adc_ex.o
 .debug_info    0x0000000000003c19     0x1773 Drivers/STM32F4xx_HAL_Driver/Src/stm32f4xx_hal_cortex.o
 .debug_info    0x000000000000538c     0x127b Drivers/STM32F4xx_HAL_Driver/Src/stm32f4xx_hal_dma.o
 .debug_info    0x0000000000006607      0xfe1 Drivers/STM32F4xx_HAL_Driver/Src/stm32f4xx_hal_gpio.o
 .debug_info    0x00000000000075e8     0x36e7 Drivers/STM32F4xx_HAL_Driver/Src/stm32f4xx_hal_i2c.o
 .debug_info    0x000000000000accf     0x102b Drivers/STM32F4xx_HAL_Driver/Src/stm32f4xx_hal_pwr_ex.o
 .debug_info    0x000000000000bcfa     0x129b Drivers/STM32F4xx_HAL_Driver/Src/stm32f4xx_hal_rcc.o
 .debug_info    0x000000000000cf95     0x140a Drivers/STM32F4xx_HAL_Driver/Src/stm32f4xx_hal_rcc_ex.o
 .debug_info    0x000000000000e39f     0x2207 Drivers/STM32F4xx_HAL_Driver/Src/stm32f4xx_hal_spi.o
 .debug_info    0x00000000000105a6     0x368f Drivers/STM32F4xx_HAL_Driver/Src/stm32f4xx_hal_tim.o
 .debug_info    0x0000000000013c35     0x1b25 Drivers/STM32F4xx_HAL_Driver/Src/stm32f4xx_hal_tim_ex.o
 .debug_info    0x000000000001575a     0x1f1a Drivers/STM32F4xx_HAL_Driver/Src/stm32f4xx_hal_uart.o
 .debug_info    0x0000000000017674      0x966 Project_Main/src/Prj_Main.o
 .debug_info    0x0000000000017fda     0x2ac8 Src/main.o
 .debug_info    0x000000000001aaa2     0x2975 Src/stm32f4xx_hal_msp.o
 .debug_info    0x000000000001d417     0x1895 Src/stm32f4xx_it.o
 .debug_info    0x000000000001ecac      0xd5d Src/system_stm32f4xx.o
 .debug_info    0x000000000001fa09     0x1454 THL_Examples and Testers/src/PMW3901_Tester.o
 .debug_info    0x0000000000020e5d     0x1470 THL_Examples and Testers/src/THL_AdcTester.o
 .debug_info    0x00000000000222cd     0x1a5d THL_Examples and Testers/src/THL_TimerTester.o
 .debug_info    0x0000000000023d2a     0x127d THL_STM32_Drivers/src/THL_ADC.o
 .debug_info    0x0000000000024fa7      0xca4 THL_STM32_Drivers/src/THL_GPIO.o
 .debug_info    0x0000000000025c4b     0x1ad8 THL_STM32_Drivers/src/THL_I2C.o
 .debug_info    0x0000000000027723     0x209f THL_STM32_Drivers/src/THL_Timer.o
 .debug_info    0x00000000000297c2     0x1b03 THL_STM32_Drivers/src/THL_Usart.o
 .debug_info    0x000000000002b2c5      0xa7e THL_STM32_Drivers/src/THL_Utility.o
 .debug_info    0x000000000002bd43       0x22 startup/startup_stm32f446xx.o

.debug_abbrev   0x0000000000000000     0x4f8e
 .debug_abbrev  0x0000000000000000      0x2e5 Drivers/STM32F4xx_HAL_Driver/Src/stm32f4xx_hal.o
 .debug_abbrev  0x00000000000002e5      0x2cf Drivers/STM32F4xx_HAL_Driver/Src/stm32f4xx_hal_adc.o
 .debug_abbrev  0x00000000000005b4      0x30b Drivers/STM32F4xx_HAL_Driver/Src/stm32f4xx_hal_adc_ex.o
 .debug_abbrev  0x00000000000008bf      0x3d6 Drivers/STM32F4xx_HAL_Driver/Src/stm32f4xx_hal_cortex.o
 .debug_abbrev  0x0000000000000c95      0x32a Drivers/STM32F4xx_HAL_Driver/Src/stm32f4xx_hal_dma.o
 .debug_abbrev  0x0000000000000fbf      0x2a7 Drivers/STM32F4xx_HAL_Driver/Src/stm32f4xx_hal_gpio.o
 .debug_abbrev  0x0000000000001266      0x2fb Drivers/STM32F4xx_HAL_Driver/Src/stm32f4xx_hal_i2c.o
 .debug_abbrev  0x0000000000001561      0x2c5 Drivers/STM32F4xx_HAL_Driver/Src/stm32f4xx_hal_pwr_ex.o
 .debug_abbrev  0x0000000000001826      0x333 Drivers/STM32F4xx_HAL_Driver/Src/stm32f4xx_hal_rcc.o
 .debug_abbrev  0x0000000000001b59      0x2e9 Drivers/STM32F4xx_HAL_Driver/Src/stm32f4xx_hal_rcc_ex.o
 .debug_abbrev  0x0000000000001e42      0x2f2 Drivers/STM32F4xx_HAL_Driver/Src/stm32f4xx_hal_spi.o
 .debug_abbrev  0x0000000000002134      0x2e0 Drivers/STM32F4xx_HAL_Driver/Src/stm32f4xx_hal_tim.o
 .debug_abbrev  0x0000000000002414      0x2e0 Drivers/STM32F4xx_HAL_Driver/Src/stm32f4xx_hal_tim_ex.o
 .debug_abbrev  0x00000000000026f4      0x344 Drivers/STM32F4xx_HAL_Driver/Src/stm32f4xx_hal_uart.o
 .debug_abbrev  0x0000000000002a38      0x1cf Project_Main/src/Prj_Main.o
 .debug_abbrev  0x0000000000002c07      0x2f8 Src/main.o
 .debug_abbrev  0x0000000000002eff      0x2c0 Src/stm32f4xx_hal_msp.o
 .debug_abbrev  0x00000000000031bf      0x24c Src/stm32f4xx_it.o
 .debug_abbrev  0x000000000000340b      0x205 Src/system_stm32f4xx.o
 .debug_abbrev  0x0000000000003610      0x263 THL_Examples and Testers/src/PMW3901_Tester.o
 .debug_abbrev  0x0000000000003873      0x27d THL_Examples and Testers/src/THL_AdcTester.o
 .debug_abbrev  0x0000000000003af0      0x2b5 THL_Examples and Testers/src/THL_TimerTester.o
 .debug_abbrev  0x0000000000003da5      0x297 THL_STM32_Drivers/src/THL_ADC.o
 .debug_abbrev  0x000000000000403c      0x27d THL_STM32_Drivers/src/THL_GPIO.o
 .debug_abbrev  0x00000000000042b9      0x33a THL_STM32_Drivers/src/THL_I2C.o
 .debug_abbrev  0x00000000000045f3      0x3c9 THL_STM32_Drivers/src/THL_Timer.o
 .debug_abbrev  0x00000000000049bc      0x37d THL_STM32_Drivers/src/THL_Usart.o
 .debug_abbrev  0x0000000000004d39      0x243 THL_STM32_Drivers/src/THL_Utility.o
 .debug_abbrev  0x0000000000004f7c       0x12 startup/startup_stm32f446xx.o

.debug_loc      0x0000000000000000    0x107df
 .debug_loc     0x0000000000000000       0xfd Drivers/STM32F4xx_HAL_Driver/Src/stm32f4xx_hal.o
 .debug_loc     0x00000000000000fd      0x92c Drivers/STM32F4xx_HAL_Driver/Src/stm32f4xx_hal_adc.o
 .debug_loc     0x0000000000000a29      0x8de Drivers/STM32F4xx_HAL_Driver/Src/stm32f4xx_hal_adc_ex.o
 .debug_loc     0x0000000000001307      0x5ce Drivers/STM32F4xx_HAL_Driver/Src/stm32f4xx_hal_cortex.o
 .debug_loc     0x00000000000018d5      0xb4e Drivers/STM32F4xx_HAL_Driver/Src/stm32f4xx_hal_dma.o
 .debug_loc     0x0000000000002423      0x469 Drivers/STM32F4xx_HAL_Driver/Src/stm32f4xx_hal_gpio.o
 .debug_loc     0x000000000000288c     0x3145 Drivers/STM32F4xx_HAL_Driver/Src/stm32f4xx_hal_i2c.o
 .debug_loc     0x00000000000059d1      0x13f Drivers/STM32F4xx_HAL_Driver/Src/stm32f4xx_hal_pwr_ex.o
 .debug_loc     0x0000000000005b10      0x3f1 Drivers/STM32F4xx_HAL_Driver/Src/stm32f4xx_hal_rcc.o
 .debug_loc     0x0000000000005f01      0xb5e Drivers/STM32F4xx_HAL_Driver/Src/stm32f4xx_hal_rcc_ex.o
 .debug_loc     0x0000000000006a5f     0x1937 Drivers/STM32F4xx_HAL_Driver/Src/stm32f4xx_hal_spi.o
 .debug_loc     0x0000000000008396     0x3612 Drivers/STM32F4xx_HAL_Driver/Src/stm32f4xx_hal_tim.o
 .debug_loc     0x000000000000b9a8      0xefe Drivers/STM32F4xx_HAL_Driver/Src/stm32f4xx_hal_tim_ex.o
 .debug_loc     0x000000000000c8a6     0x158b Drivers/STM32F4xx_HAL_Driver/Src/stm32f4xx_hal_uart.o
 .debug_loc     0x000000000000de31      0x424 Src/stm32f4xx_hal_msp.o
 .debug_loc     0x000000000000e255      0x13e Src/system_stm32f4xx.o
 .debug_loc     0x000000000000e393       0x74 THL_Examples and Testers/src/THL_AdcTester.o
 .debug_loc     0x000000000000e407      0x15f THL_Examples and Testers/src/THL_TimerTester.o
 .debug_loc     0x000000000000e566      0x25f THL_STM32_Drivers/src/THL_ADC.o
 .debug_loc     0x000000000000e7c5      0x142 THL_STM32_Drivers/src/THL_GPIO.o
 .debug_loc     0x000000000000e907      0xafc THL_STM32_Drivers/src/THL_I2C.o
 .debug_loc     0x000000000000f403      0xe05 THL_STM32_Drivers/src/THL_Timer.o
 .debug_loc     0x0000000000010208      0x5b6 THL_STM32_Drivers/src/THL_Usart.o
 .debug_loc     0x00000000000107be       0x21 THL_STM32_Drivers/src/THL_Utility.o

.debug_aranges  0x0000000000000000     0x1778
 .debug_aranges
                0x0000000000000000       0xe0 Drivers/STM32F4xx_HAL_Driver/Src/stm32f4xx_hal.o
 .debug_aranges
                0x00000000000000e0       0xe8 Drivers/STM32F4xx_HAL_Driver/Src/stm32f4xx_hal_adc.o
 .debug_aranges
                0x00000000000001c8       0x90 Drivers/STM32F4xx_HAL_Driver/Src/stm32f4xx_hal_adc_ex.o
 .debug_aranges
                0x0000000000000258       0xa8 Drivers/STM32F4xx_HAL_Driver/Src/stm32f4xx_hal_cortex.o
 .debug_aranges
                0x0000000000000300       0x90 Drivers/STM32F4xx_HAL_Driver/Src/stm32f4xx_hal_dma.o
 .debug_aranges
                0x0000000000000390       0x58 Drivers/STM32F4xx_HAL_Driver/Src/stm32f4xx_hal_gpio.o
 .debug_aranges
                0x00000000000003e8      0x268 Drivers/STM32F4xx_HAL_Driver/Src/stm32f4xx_hal_i2c.o
 .debug_aranges
                0x0000000000000650       0x60 Drivers/STM32F4xx_HAL_Driver/Src/stm32f4xx_hal_pwr_ex.o
 .debug_aranges
                0x00000000000006b0       0x88 Drivers/STM32F4xx_HAL_Driver/Src/stm32f4xx_hal_rcc.o
 .debug_aranges
                0x0000000000000738       0x78 Drivers/STM32F4xx_HAL_Driver/Src/stm32f4xx_hal_rcc_ex.o
 .debug_aranges
                0x00000000000007b0      0x1c8 Drivers/STM32F4xx_HAL_Driver/Src/stm32f4xx_hal_spi.o
 .debug_aranges
                0x0000000000000978      0x368 Drivers/STM32F4xx_HAL_Driver/Src/stm32f4xx_hal_tim.o
 .debug_aranges
                0x0000000000000ce0      0x140 Drivers/STM32F4xx_HAL_Driver/Src/stm32f4xx_hal_tim_ex.o
 .debug_aranges
                0x0000000000000e20      0x1d0 Drivers/STM32F4xx_HAL_Driver/Src/stm32f4xx_hal_uart.o
 .debug_aranges
                0x0000000000000ff0       0x20 Project_Main/src/Prj_Main.o
 .debug_aranges
                0x0000000000001010       0xa0 Src/main.o
 .debug_aranges
                0x00000000000010b0       0xa8 Src/stm32f4xx_hal_msp.o
 .debug_aranges
                0x0000000000001158       0xd8 Src/stm32f4xx_it.o
 .debug_aranges
                0x0000000000001230       0x28 Src/system_stm32f4xx.o
 .debug_aranges
                0x0000000000001258       0x28 THL_Examples and Testers/src/PMW3901_Tester.o
 .debug_aranges
                0x0000000000001280       0x38 THL_Examples and Testers/src/THL_AdcTester.o
 .debug_aranges
                0x00000000000012b8       0x50 THL_Examples and Testers/src/THL_TimerTester.o
 .debug_aranges
                0x0000000000001308       0x88 THL_STM32_Drivers/src/THL_ADC.o
 .debug_aranges
                0x0000000000001390       0x50 THL_STM32_Drivers/src/THL_GPIO.o
 .debug_aranges
                0x00000000000013e0       0xb0 THL_STM32_Drivers/src/THL_I2C.o
 .debug_aranges
                0x0000000000001490      0x198 THL_STM32_Drivers/src/THL_Timer.o
 .debug_aranges
                0x0000000000001628       0xf0 THL_STM32_Drivers/src/THL_Usart.o
 .debug_aranges
                0x0000000000001718       0x38 THL_STM32_Drivers/src/THL_Utility.o
 .debug_aranges
                0x0000000000001750       0x28 startup/startup_stm32f446xx.o

.debug_ranges   0x0000000000000000     0x1670
 .debug_ranges  0x0000000000000000       0xd0 Drivers/STM32F4xx_HAL_Driver/Src/stm32f4xx_hal.o
 .debug_ranges  0x00000000000000d0       0xd8 Drivers/STM32F4xx_HAL_Driver/Src/stm32f4xx_hal_adc.o
 .debug_ranges  0x00000000000001a8       0x80 Drivers/STM32F4xx_HAL_Driver/Src/stm32f4xx_hal_adc_ex.o
 .debug_ranges  0x0000000000000228       0xf8 Drivers/STM32F4xx_HAL_Driver/Src/stm32f4xx_hal_cortex.o
 .debug_ranges  0x0000000000000320       0x80 Drivers/STM32F4xx_HAL_Driver/Src/stm32f4xx_hal_dma.o
 .debug_ranges  0x00000000000003a0       0x48 Drivers/STM32F4xx_HAL_Driver/Src/stm32f4xx_hal_gpio.o
 .debug_ranges  0x00000000000003e8      0x258 Drivers/STM32F4xx_HAL_Driver/Src/stm32f4xx_hal_i2c.o
 .debug_ranges  0x0000000000000640       0x50 Drivers/STM32F4xx_HAL_Driver/Src/stm32f4xx_hal_pwr_ex.o
 .debug_ranges  0x0000000000000690       0x90 Drivers/STM32F4xx_HAL_Driver/Src/stm32f4xx_hal_rcc.o
 .debug_ranges  0x0000000000000720       0x80 Drivers/STM32F4xx_HAL_Driver/Src/stm32f4xx_hal_rcc_ex.o
 .debug_ranges  0x00000000000007a0      0x1b8 Drivers/STM32F4xx_HAL_Driver/Src/stm32f4xx_hal_spi.o
 .debug_ranges  0x0000000000000958      0x358 Drivers/STM32F4xx_HAL_Driver/Src/stm32f4xx_hal_tim.o
 .debug_ranges  0x0000000000000cb0      0x130 Drivers/STM32F4xx_HAL_Driver/Src/stm32f4xx_hal_tim_ex.o
 .debug_ranges  0x0000000000000de0      0x1c0 Drivers/STM32F4xx_HAL_Driver/Src/stm32f4xx_hal_uart.o
 .debug_ranges  0x0000000000000fa0       0x10 Project_Main/src/Prj_Main.o
 .debug_ranges  0x0000000000000fb0       0x90 Src/main.o
 .debug_ranges  0x0000000000001040       0x98 Src/stm32f4xx_hal_msp.o
 .debug_ranges  0x00000000000010d8       0xc8 Src/stm32f4xx_it.o
 .debug_ranges  0x00000000000011a0       0x18 Src/system_stm32f4xx.o
 .debug_ranges  0x00000000000011b8       0x18 THL_Examples and Testers/src/PMW3901_Tester.o
 .debug_ranges  0x00000000000011d0       0x40 THL_Examples and Testers/src/THL_AdcTester.o
 .debug_ranges  0x0000000000001210       0x40 THL_Examples and Testers/src/THL_TimerTester.o
 .debug_ranges  0x0000000000001250       0x78 THL_STM32_Drivers/src/THL_ADC.o
 .debug_ranges  0x00000000000012c8       0x40 THL_STM32_Drivers/src/THL_GPIO.o
 .debug_ranges  0x0000000000001308       0xa0 THL_STM32_Drivers/src/THL_I2C.o
 .debug_ranges  0x00000000000013a8      0x1a0 THL_STM32_Drivers/src/THL_Timer.o
 .debug_ranges  0x0000000000001548       0xe0 THL_STM32_Drivers/src/THL_Usart.o
 .debug_ranges  0x0000000000001628       0x28 THL_STM32_Drivers/src/THL_Utility.o
 .debug_ranges  0x0000000000001650       0x20 startup/startup_stm32f446xx.o

.debug_macro    0x0000000000000000    0x2696a
 .debug_macro   0x0000000000000000      0x3b3 Drivers/STM32F4xx_HAL_Driver/Src/stm32f4xx_hal.o
 .debug_macro   0x00000000000003b3      0xa60 Drivers/STM32F4xx_HAL_Driver/Src/stm32f4xx_hal.o
 .debug_macro   0x0000000000000e13      0x198 Drivers/STM32F4xx_HAL_Driver/Src/stm32f4xx_hal.o
 .debug_macro   0x0000000000000fab       0x32 Drivers/STM32F4xx_HAL_Driver/Src/stm32f4xx_hal.o
 .debug_macro   0x0000000000000fdd       0x28 Drivers/STM32F4xx_HAL_Driver/Src/stm32f4xx_hal.o
 .debug_macro   0x0000000000001005       0x22 Drivers/STM32F4xx_HAL_Driver/Src/stm32f4xx_hal.o
 .debug_macro   0x0000000000001027       0x8e Drivers/STM32F4xx_HAL_Driver/Src/stm32f4xx_hal.o
 .debug_macro   0x00000000000010b5       0x51 Drivers/STM32F4xx_HAL_Driver/Src/stm32f4xx_hal.o
 .debug_macro   0x0000000000001106       0xef Drivers/STM32F4xx_HAL_Driver/Src/stm32f4xx_hal.o
 .debug_macro   0x00000000000011f5       0x6a Drivers/STM32F4xx_HAL_Driver/Src/stm32f4xx_hal.o
 .debug_macro   0x000000000000125f      0x1df Drivers/STM32F4xx_HAL_Driver/Src/stm32f4xx_hal.o
 .debug_macro   0x000000000000143e       0x35 Drivers/STM32F4xx_HAL_Driver/Src/stm32f4xx_hal.o
 .debug_macro   0x0000000000001473       0x50 Drivers/STM32F4xx_HAL_Driver/Src/stm32f4xx_hal.o
 .debug_macro   0x00000000000014c3      0xe66 Drivers/STM32F4xx_HAL_Driver/Src/stm32f4xx_hal.o
 .debug_macro   0x0000000000002329    0x16607 Drivers/STM32F4xx_HAL_Driver/Src/stm32f4xx_hal.o
 .debug_macro   0x0000000000018930       0x43 Drivers/STM32F4xx_HAL_Driver/Src/stm32f4xx_hal.o
 .debug_macro   0x0000000000018973     0x3535 Drivers/STM32F4xx_HAL_Driver/Src/stm32f4xx_hal.o
 .debug_macro   0x000000000001bea8       0x5e Drivers/STM32F4xx_HAL_Driver/Src/stm32f4xx_hal.o
 .debug_macro   0x000000000001bf06       0x18 Drivers/STM32F4xx_HAL_Driver/Src/stm32f4xx_hal.o
 .debug_macro   0x000000000001bf1e       0x35 Drivers/STM32F4xx_HAL_Driver/Src/stm32f4xx_hal.o
 .debug_macro   0x000000000001bf53       0x34 Drivers/STM32F4xx_HAL_Driver/Src/stm32f4xx_hal.o
 .debug_macro   0x000000000001bf87       0x16 Drivers/STM32F4xx_HAL_Driver/Src/stm32f4xx_hal.o
 .debug_macro   0x000000000001bf9d       0x97 Drivers/STM32F4xx_HAL_Driver/Src/stm32f4xx_hal.o
 .debug_macro   0x000000000001c034      0x330 Drivers/STM32F4xx_HAL_Driver/Src/stm32f4xx_hal.o
 .debug_macro   0x000000000001c364       0xfd Drivers/STM32F4xx_HAL_Driver/Src/stm32f4xx_hal.o
 .debug_macro   0x000000000001c461       0x10 Drivers/STM32F4xx_HAL_Driver/Src/stm32f4xx_hal.o
 .debug_macro   0x000000000001c471       0x58 Drivers/STM32F4xx_HAL_Driver/Src/stm32f4xx_hal.o
 .debug_macro   0x000000000001c4c9       0x1f Drivers/STM32F4xx_HAL_Driver/Src/stm32f4xx_hal.o
 .debug_macro   0x000000000001c4e8       0x43 Drivers/STM32F4xx_HAL_Driver/Src/stm32f4xx_hal.o