Archive member included to satisfy reference by file (symbol)

c:/program files (x86)/atollic/truestudio for stm32 9.2.0/armtools/bin/../lib/gcc/arm-atollic-eabi/6.3.1/../../../../arm-atollic-eabi/lib/armv7e-m/fpu\libc_nano.a(lib_a-init.o)
                              startup\startup_stm32f446xx.o (__libc_init_array)
c:/program files (x86)/atollic/truestudio for stm32 9.2.0/armtools/bin/../lib/gcc/arm-atollic-eabi/6.3.1/../../../../arm-atollic-eabi/lib/armv7e-m/fpu\libc_nano.a(lib_a-memset.o)
                              Src\main.o (memset)
c:/program files (x86)/atollic/truestudio for stm32 9.2.0/armtools/bin/../lib/gcc/arm-atollic-eabi/6.3.1/../../../../arm-atollic-eabi/lib/armv7e-m/fpu\libc_nano.a(lib_a-strlen.o)
                              THL_Library_Basic\Peripherals Drivers\src\THL_Usart.o (strlen)
c:/program files (x86)/atollic/truestudio for stm32 9.2.0/armtools/bin/../lib/gcc/arm-atollic-eabi/6.3.1/../../../../arm-atollic-eabi/lib/armv7e-m/fpu\libc_nano.a(lib_a-vsprintf.o)
                              THL_Library_Basic\Peripherals Drivers\src\THL_Usart.o (vsprintf)
c:/program files (x86)/atollic/truestudio for stm32 9.2.0/armtools/bin/../lib/gcc/arm-atollic-eabi/6.3.1/../../../../arm-atollic-eabi/lib/armv7e-m/fpu\libc_nano.a(lib_a-vsscanf.o)
                              THL_Library_Basic\Peripherals Drivers\src\THL_Usart.o (vsscanf)
c:/program files (x86)/atollic/truestudio for stm32 9.2.0/armtools/bin/../lib/gcc/arm-atollic-eabi/6.3.1/../../../../arm-atollic-eabi/lib/armv7e-m/fpu\libc_nano.a(lib_a-impure.o)
                              c:/program files (x86)/atollic/truestudio for stm32 9.2.0/armtools/bin/../lib/gcc/arm-atollic-eabi/6.3.1/../../../../arm-atollic-eabi/lib/armv7e-m/fpu\libc_nano.a(lib_a-vsprintf.o) (_impure_ptr)
c:/program files (x86)/atollic/truestudio for stm32 9.2.0/armtools/bin/../lib/gcc/arm-atollic-eabi/6.3.1/../../../../arm-atollic-eabi/lib/armv7e-m/fpu\libc_nano.a(lib_a-nano-svfprintf.o)
                              c:/program files (x86)/atollic/truestudio for stm32 9.2.0/armtools/bin/../lib/gcc/arm-atollic-eabi/6.3.1/../../../../arm-atollic-eabi/lib/armv7e-m/fpu\libc_nano.a(lib_a-vsprintf.o) (_svfprintf_r)
c:/program files (x86)/atollic/truestudio for stm32 9.2.0/armtools/bin/../lib/gcc/arm-atollic-eabi/6.3.1/../../../../arm-atollic-eabi/lib/armv7e-m/fpu\libc_nano.a(lib_a-nano-svfscanf.o)
                              c:/program files (x86)/atollic/truestudio for stm32 9.2.0/armtools/bin/../lib/gcc/arm-atollic-eabi/6.3.1/../../../../arm-atollic-eabi/lib/armv7e-m/fpu\libc_nano.a(lib_a-vsscanf.o) (__ssvfscanf_r)
c:/program files (x86)/atollic/truestudio for stm32 9.2.0/armtools/bin/../lib/gcc/arm-atollic-eabi/6.3.1/../../../../arm-atollic-eabi/lib/armv7e-m/fpu\libc_nano.a(lib_a-nano-vfprintf_i.o)
                              c:/program files (x86)/atollic/truestudio for stm32 9.2.0/armtools/bin/../lib/gcc/arm-atollic-eabi/6.3.1/../../../../arm-atollic-eabi/lib/armv7e-m/fpu\libc_nano.a(lib_a-nano-svfprintf.o) (_printf_i)
c:/program files (x86)/atollic/truestudio for stm32 9.2.0/armtools/bin/../lib/gcc/arm-atollic-eabi/6.3.1/../../../../arm-atollic-eabi/lib/armv7e-m/fpu\libc_nano.a(lib_a-nano-vfscanf_i.o)
                              c:/program files (x86)/atollic/truestudio for stm32 9.2.0/armtools/bin/../lib/gcc/arm-atollic-eabi/6.3.1/../../../../arm-atollic-eabi/lib/armv7e-m/fpu\libc_nano.a(lib_a-nano-svfscanf.o) (_scanf_chars)
c:/program files (x86)/atollic/truestudio for stm32 9.2.0/armtools/bin/../lib/gcc/arm-atollic-eabi/6.3.1/../../../../arm-atollic-eabi/lib/armv7e-m/fpu\libc_nano.a(lib_a-sccl.o)
                              c:/program files (x86)/atollic/truestudio for stm32 9.2.0/armtools/bin/../lib/gcc/arm-atollic-eabi/6.3.1/../../../../arm-atollic-eabi/lib/armv7e-m/fpu\libc_nano.a(lib_a-nano-svfscanf.o) (__sccl)
c:/program files (x86)/atollic/truestudio for stm32 9.2.0/armtools/bin/../lib/gcc/arm-atollic-eabi/6.3.1/../../../../arm-atollic-eabi/lib/armv7e-m/fpu\libc_nano.a(lib_a-stdio.o)
                              c:/program files (x86)/atollic/truestudio for stm32 9.2.0/armtools/bin/../lib/gcc/arm-atollic-eabi/6.3.1/../../../../arm-atollic-eabi/lib/armv7e-m/fpu\libc_nano.a(lib_a-vsscanf.o) (__seofread)
c:/program files (x86)/atollic/truestudio for stm32 9.2.0/armtools/bin/../lib/gcc/arm-atollic-eabi/6.3.1/../../../../arm-atollic-eabi/lib/armv7e-m/fpu\libc_nano.a(lib_a-strtol.o)
                              c:/program files (x86)/atollic/truestudio for stm32 9.2.0/armtools/bin/../lib/gcc/arm-atollic-eabi/6.3.1/../../../../arm-atollic-eabi/lib/armv7e-m/fpu\libc_nano.a(lib_a-nano-vfscanf_i.o) (_strtol_r)
c:/program files (x86)/atollic/truestudio for stm32 9.2.0/armtools/bin/../lib/gcc/arm-atollic-eabi/6.3.1/../../../../arm-atollic-eabi/lib/armv7e-m/fpu\libc_nano.a(lib_a-strtoul.o)
[...]
Memory Configuration

Name             Origin             Length             Attributes
RAM              0x20000000         0x00020000         xrw
FLASH            0x08000000         0x00080000         xr
*default*        0x00000000         0xffffffff

Linker script and memory map

LOAD c:/program files (x86)/atollic/truestudio for stm32 9.2.0/armtools/bin/../lib/gcc/arm-atollic-eabi/6.3.1/armv7e-m/fpu/crti.o
LOAD c:/program files (x86)/atollic/truestudio for stm32 9.2.0/armtools/bin/../lib/gcc/arm-atollic-eabi/6.3.1/armv7e-m/fpu/crtbegin.o
LOAD Drivers\STM32F4xx_HAL_Driver\Src\stm32f4xx_hal.o
LOAD Drivers\STM32F4xx_HAL_Driver\Src\stm32f4xx_hal_cortex.o
LOAD Drivers\STM32F4xx_HAL_Driver\Src\stm32f4xx_hal_dma.o
LOAD Drivers\STM32F4xx_HAL_Driver\Src\stm32f4xx_hal_dma_ex.o
LOAD Drivers\STM32F4xx_HAL_Driver\Src\stm32f4xx_hal_flash.o
LOAD Drivers\STM32F4xx_HAL_Driver\Src\stm32f4xx_hal_flash_ex.o
LOAD Drivers\STM32F4xx_HAL_Driver\Src\stm32f4xx_hal_flash_ramfunc.o
LOAD Drivers\STM32F4xx_HAL_Driver\Src\stm32f4xx_hal_gpio.o
LOAD Drivers\STM32F4xx_HAL_Driver\Src\stm32f4xx_hal_pwr.o
LOAD Drivers\STM32F4xx_HAL_Driver\Src\stm32f4xx_hal_pwr_ex.o
LOAD Drivers\STM32F4xx_HAL_Driver\Src\stm32f4xx_hal_rcc.o
LOAD Drivers\STM32F4xx_HAL_Driver\Src\stm32f4xx_hal_rcc_ex.o
LOAD Drivers\STM32F4xx_HAL_Driver\Src\stm32f4xx_hal_tim.o
LOAD Drivers\STM32F4xx_HAL_Driver\Src\stm32f4xx_hal_tim_ex.o
LOAD Drivers\STM32F4xx_HAL_Driver\Src\stm32f4xx_hal_uart.o
LOAD Src\main.o
LOAD Src\stm32f4xx_hal_msp.o
LOAD Src\stm32f4xx_it.o
LOAD Src\system_stm32f4xx.o
LOAD THL_Library_Basic\Examples and Testers\src\THL_UsartTesters.o
LOAD THL_Library_Basic\Main\src\THL_main.o
LOAD THL_Library_Basic\Peripherals Drivers\src\THL_GPIO.o
LOAD THL_Library_Basic\Peripherals Drivers\src\THL_Math.o
LOAD THL_Library_Basic\Peripherals Drivers\src\THL_Portability.o
LOAD THL_Library_Basic\Peripherals Drivers\src\THL_SysTick.o
LOAD THL_Library_Basic\Peripherals Drivers\src\THL_Timer.o
LOAD THL_Library_Basic\Peripherals Drivers\src\THL_Usart.o
LOAD THL_Library_Basic\Peripherals Drivers\src\THL_Utility.o
LOAD startup\startup_stm32f446xx.o
                0x00000080                malloc_getpagesize_P = 0x80
START GROUP
LOAD c:/program files (x86)/atollic/truestudio for stm32 9.2.0/armtools/bin/../lib/gcc/arm-atollic-eabi/6.3.1/../../../../arm-atollic-eabi/lib/armv7e-m/fpu\libc_nano.a
LOAD c:/program files (x86)/atollic/truestudio for stm32 9.2.0/armtools/bin/../lib/gcc/arm-atollic-eabi/6.3.1/../../../../arm-atollic-eabi/lib/armv7e-m/fpu\libm.a
END GROUP
START GROUP
LOAD c:/program files (x86)/atollic/truestudio for stm32 9.2.0/armtools/bin/../lib/gcc/arm-atollic-eabi/6.3.1/armv7e-m/fpu\libgcc.a
LOAD c:/program files (x86)/atollic/truestudio for stm32 9.2.0/armtools/bin/../lib/gcc/arm-atollic-eabi/6.3.1/../../../../arm-atollic-eabi/lib/armv7e-m/fpu\libc_nano.a
END GROUP
START GROUP
LOAD c:/program files (x86)/atollic/truestudio for stm32 9.2.0/armtools/bin/../lib/gcc/arm-atollic-eabi/6.3.1/armv7e-m/fpu\libgcc.a
LOAD c:/program files (x86)/atollic/truestudio for stm32 9.2.0/armtools/bin/../lib/gcc/arm-atollic-eabi/6.3.1/../../../../arm-atollic-eabi/lib/armv7e-m/fpu\libc_nano.a
LOAD c:/program files (x86)/atollic/truestudio for stm32 9.2.0/armtools/bin/../lib/gcc/arm-atollic-eabi/6.3.1/../../../../arm-atollic-eabi/lib/armv7e-m/fpu\libnosys.a
END GROUP
START GROUP
LOAD c:/program files (x86)/atollic/truestudio for stm32 9.2.0/armtools/bin/../lib/gcc/arm-atollic-eabi/6.3.1/armv7e-m/fpu\libgcc.a
LOAD c:/program files (x86)/atollic/truestudio for stm32 9.2.0/armtools/bin/../lib/gcc/arm-atollic-eabi/6.3.1/../../../../arm-atollic-eabi/lib/armv7e-m/fpu\libc_nano.a
LOAD c:/program files (x86)/atollic/truestudio for stm32 9.2.0/armtools/bin/../lib/gcc/arm-atollic-eabi/6.3.1/../../../../arm-atollic-eabi/lib/armv7e-m/fpu\libnosys.a
END GROUP
LOAD c:/program files (x86)/atollic/truestudio for stm32 9.2.0/armtools/bin/../lib/gcc/arm-atollic-eabi/6.3.1/armv7e-m/fpu/crtend.o
LOAD c:/program files (x86)/atollic/truestudio for stm32 9.2.0/armtools/bin/../lib/gcc/arm-atollic-eabi/6.3.1/armv7e-m/fpu/crtn.o
                0x20020000                _estack = 0x20020000
                0x00000200                _Min_Heap_Size = 0x200
                0x00000400                _Min_Stack_Size = 0x400

.isr_vector     0x08000000      0x1c4
                0x08000000                . = ALIGN (0x4)
 *(.isr_vector)
 .isr_vector    0x08000000      0x1c4 startup\startup_stm32f446xx.o
                0x08000000                g_pfnVectors
                0x080001c4                . = ALIGN (0x4)

.text           0x080001d0     0x49b8
                0x080001d0                . = ALIGN (0x4)
 *(.text)
 .text          0x080001d0       0x40 c:/program files (x86)/atollic/truestudio for stm32 9.2.0/armtools/bin/../lib/gcc/arm-atollic-eabi/6.3.1/armv7e-m/fpu/crtbegin.o
 .text          0x08000210       0x10 c:/program files (x86)/atollic/truestudio for stm32 9.2.0/armtools/bin/../lib/gcc/arm-atollic-eabi/6.3.1/../../../../arm-atollic-eabi/lib/armv7e-m/fpu\libc_nano.a(lib_a-strlen.o)
                0x08000210                strlen
 .text          0x08000220       0xa0 c:/program files (x86)/atollic/truestudio for stm32 9.2.0/armtools/bin/../lib/gcc/arm-atollic-eabi/6.3.1/../../../../arm-atollic-eabi/lib/armv7e-m/fpu\libc_nano.a(lib_a-memchr.o)
                0x08000220                memchr
 .text          0x080002c0       0x30 c:/program files (x86)/atollic/truestudio for stm32 9.2.0/armtools/bin/../lib/gcc/arm-atollic-eabi/6.3.1/armv7e-m/fpu\libgcc.a(_aeabi_uldivmod.o)
                0x080002c0                __aeabi_uldivmod
 .text          0x080002f0      0x2dc c:/program files (x86)/atollic/truestudio for stm32 9.2.0/armtools/bin/../lib/gcc/arm-atollic-eabi/6.3.1/armv7e-m/fpu\libgcc.a(_udivmoddi4.o)
                0x080002f0                __udivmoddi4
 .text          0x080005cc        0x4 c:/program files (x86)/atollic/truestudio for stm32 9.2.0/armtools/bin/../lib/gcc/arm-atollic-eabi/6.3.1/armv7e-m/fpu\libgcc.a(_dvmd_tls.o)
                0x080005cc                __aeabi_idiv0
                0x080005cc                __aeabi_ldiv0
 *(.text*)
 .text.HAL_InitTick
                0x080005d0       0x4c Drivers\STM32F4xx_HAL_Driver\Src\stm32f4xx_hal.o
                0x080005d0                HAL_InitTick
 .text.HAL_Init
                0x0800061c       0x34 Drivers\STM32F4xx_HAL_Driver\Src\stm32f4xx_hal.o
                0x0800061c                HAL_Init
 .text.HAL_IncTick
                0x08000650       0x18 Drivers\STM32F4xx_HAL_Driver\Src\stm32f4xx_hal.o
                0x08000650                HAL_IncTick
 .text.HAL_GetTick
                0x08000668        0xc Drivers\STM32F4xx_HAL_Driver\Src\stm32f4xx_hal.o
                0x08000668                HAL_GetTick
 .text.HAL_NVIC_SetPriorityGrouping
                0x08000674       0x24 Drivers\STM32F4xx_HAL_Driver\Src\stm32f4xx_hal_cortex.o
                0x08000674                HAL_NVIC_SetPriorityGrouping
 .text.HAL_NVIC_SetPriority
                0x08000698       0x64 Drivers\STM32F4xx_HAL_Driver\Src\stm32f4xx_hal_cortex.o
                0x08000698                HAL_NVIC_SetPriority
 .text.HAL_NVIC_EnableIRQ
                0x080006fc       0x18 Drivers\STM32F4xx_HAL_Driver\Src\stm32f4xx_hal_cortex.o
                0x080006fc                HAL_NVIC_EnableIRQ
 .text.HAL_SYSTICK_Config
                0x08000714       0x2c Drivers\STM32F4xx_HAL_Driver\Src\stm32f4xx_hal_cortex.o
                0x08000714                HAL_SYSTICK_Config
 .text.DMA_SetConfig
                0x08000740       0x2c Drivers\STM32F4xx_HAL_Driver\Src\stm32f4xx_hal_dma.o
 .text.DMA_CalcBaseAndBitshift
                0x0800076c       0x3c Drivers\STM32F4xx_HAL_Driver\Src\stm32f4xx_hal_dma.o
 .text.DMA_CheckFifoParam
                0x080007a8       0x8e Drivers\STM32F4xx_HAL_Driver\Src\stm32f4xx_hal_dma.o
 *fill*         0x08000836        0x2 
 .text.HAL_DMA_Init
                0x08000838       0xd0 Drivers\STM32F4xx_HAL_Driver\Src\stm32f4xx_hal_dma.o
                0x08000838                HAL_DMA_Init
 .text.HAL_DMA_Start_IT
                0x08000908       0x74 Drivers\STM32F4xx_HAL_Driver\Src\stm32f4xx_hal_dma.o
                0x08000908                HAL_DMA_Start_IT
 .text.HAL_DMA_Abort_IT
                0x0800097c       0x26 Drivers\STM32F4xx_HAL_Driver\Src\stm32f4xx_hal_dma.o
                0x0800097c                HAL_DMA_Abort_IT
 *fill*         0x080009a2        0x2 
 .text.HAL_DMA_IRQHandler
                0x080009a4      0x1dc Drivers\STM32F4xx_HAL_Driver\Src\stm32f4xx_hal_dma.o
                0x080009a4                HAL_DMA_IRQHandler
 .text.HAL_GPIO_Init
                0x08000b80      0x1c4 Drivers\STM32F4xx_HAL_Driver\Src\stm32f4xx_hal_gpio.o
                0x08000b80                HAL_GPIO_Init
 .text.HAL_GPIO_WritePin
                0x08000d44        0xc Drivers\STM32F4xx_HAL_Driver\Src\stm32f4xx_hal_gpio.o
                0x08000d44                HAL_GPIO_WritePin
 .text.HAL_PWREx_EnableOverDrive
                0x08000d50       0x80 Drivers\STM32F4xx_HAL_Driver\Src\stm32f4xx_hal_pwr_ex.o
                0x08000d50                HAL_PWREx_EnableOverDrive
 .text.HAL_RCC_ClockConfig
                0x08000dd0      0x158 Drivers\STM32F4xx_HAL_Driver\Src\stm32f4xx_hal_rcc.o
                0x08000dd0                HAL_RCC_ClockConfig
 .text.HAL_RCC_GetHCLKFreq
                0x08000f28        0xc Drivers\STM32F4xx_HAL_Driver\Src\stm32f4xx_hal_rcc.o
                0x08000f28                HAL_RCC_GetHCLKFreq
 .text.HAL_RCC_GetPCLK1Freq
                0x08000f34       0x20 Drivers\STM32F4xx_HAL_Driver\Src\stm32f4xx_hal_rcc.o
                0x08000f34                HAL_RCC_GetPCLK1Freq
 .text.HAL_RCC_GetPCLK2Freq
                0x08000f54       0x20 Drivers\STM32F4xx_HAL_Driver\Src\stm32f4xx_hal_rcc.o
                0x08000f54                HAL_RCC_GetPCLK2Freq
 .text.HAL_RCC_GetSysClockFreq
                0x08000f74      0x180 Drivers\STM32F4xx_HAL_Driver\Src\stm32f4xx_hal_rcc_ex.o
                0x08000f74                HAL_RCC_GetSysClockFreq
 .text.HAL_RCC_OscConfig
                0x080010f4      0x3c4 Drivers\STM32F4xx_HAL_Driver\Src\stm32f4xx_hal_rcc_ex.o
                0x080010f4                HAL_RCC_OscConfig
 .text.TIM_OC1_SetConfig
                0x080014b8       0x64 Drivers\STM32F4xx_HAL_Driver\Src\stm32f4xx_hal_tim.o
 .text.TIM_OC3_SetConfig
                0x0800151c       0x6c Drivers\STM32F4xx_HAL_Driver\Src\stm32f4xx_hal_tim.o
 .text.TIM_OC4_SetConfig
                0x08001588       0x5c Drivers\STM32F4xx_HAL_Driver\Src\stm32f4xx_hal_tim.o
 .text.TIM_TI2_SetConfig
                0x080015e4       0x34 Drivers\STM32F4xx_HAL_Driver\Src\stm32f4xx_hal_tim.o
 .text.TIM_TI3_SetConfig
                0x08001618       0x32 Drivers\STM32F4xx_HAL_Driver\Src\stm32f4xx_hal_tim.o
 .text.TIM_TI4_SetConfig
                0x0800164a       0x34 Drivers\STM32F4xx_HAL_Driver\Src\stm32f4xx_hal_tim.o
 .text.HAL_TIM_IC_MspInit
                0x0800167e        0x2 Drivers\STM32F4xx_HAL_Driver\Src\stm32f4xx_hal_tim.o
                0x0800167e                HAL_TIM_IC_MspInit
 .text.TIM_Base_SetConfig
                0x08001680      0x11c Drivers\STM32F4xx_HAL_Driver\Src\stm32f4xx_hal_tim.o
                0x08001680                TIM_Base_SetConfig
 .text.HAL_TIM_PWM_Init
                0x0800179c       0x32 Drivers\STM32F4xx_HAL_Driver\Src\stm32f4xx_hal_tim.o
                0x0800179c                HAL_TIM_PWM_Init
 .text.HAL_TIM_IC_Init
                0x080017ce       0x32 Drivers\STM32F4xx_HAL_Driver\Src\stm32f4xx_hal_tim.o
                0x080017ce                HAL_TIM_IC_Init
 .text.HAL_TIM_Encoder_Init
                0x08001800       0x98 Drivers\STM32F4xx_HAL_Driver\Src\stm32f4xx_hal_tim.o
                0x08001800                HAL_TIM_Encoder_Init
 .text.TIM_TI1_SetConfig
                0x08001898       0xa0 Drivers\STM32F4xx_HAL_Driver\Src\stm32f4xx_hal_tim.o
                0x08001898                TIM_TI1_SetConfig
 .text.HAL_TIM_IC_ConfigChannel
                0x08001938       0xc0 Drivers\STM32F4xx_HAL_Driver\Src\stm32f4xx_hal_tim.o
                0x08001938                HAL_TIM_IC_ConfigChannel
 .text.TIM_OC2_SetConfig
                0x080019f8       0x70 Drivers\STM32F4xx_HAL_Driver\Src\stm32f4xx_hal_tim.o
                0x080019f8                TIM_OC2_SetConfig
 .text.HAL_TIM_PWM_ConfigChannel
                0x08001a68       0xdc Drivers\STM32F4xx_HAL_Driver\Src\stm32f4xx_hal_tim.o
                0x08001a68                HAL_TIM_PWM_ConfigChannel
 .text.HAL_TIMEx_MasterConfigSynchronization
                0x08001b44       0x52 Drivers\STM32F4xx_HAL_Driver\Src\stm32f4xx_hal_tim_ex.o
                0x08001b44                HAL_TIMEx_MasterConfigSynchronization
 .text.HAL_TIMEx_ConfigBreakDeadTime
                0x08001b96       0x58 Drivers\STM32F4xx_HAL_Driver\Src\stm32f4xx_hal_tim_ex.o
                0x08001b96                HAL_TIMEx_ConfigBreakDeadTime
 .text.UART_EndTxTransfer
                0x08001bee       0x12 Drivers\STM32F4xx_HAL_Driver\Src\stm32f4xx_hal_uart.o
 .text.UART_EndRxTransfer
                0x08001c00       0x1c Drivers\STM32F4xx_HAL_Driver\Src\stm32f4xx_hal_uart.o
 .text.UART_Transmit_IT
                0x08001c1c       0x6a Drivers\STM32F4xx_HAL_Driver\Src\stm32f4xx_hal_uart.o
 *fill*         0x08001c86        0x2 
 .text.UART_SetConfig
                0x08001c88      0x344 Drivers\STM32F4xx_HAL_Driver\Src\stm32f4xx_hal_uart.o
 .text.UART_WaitOnFlagUntilTimeout
                0x08001fcc       0x64 Drivers\STM32F4xx_HAL_Driver\Src\stm32f4xx_hal_uart.o
 .text.HAL_UART_Init
                0x08002030       0x5e Drivers\STM32F4xx_HAL_Driver\Src\stm32f4xx_hal_uart.o
                0x08002030                HAL_UART_Init
 .text.HAL_UART_Transmit
                0x0800208e       0xe2 Drivers\STM32F4xx_HAL_Driver\Src\stm32f4xx_hal_uart.o
                0x0800208e                HAL_UART_Transmit
 .text.HAL_UART_Receive
                0x08002170       0xe6 Drivers\STM32F4xx_HAL_Driver\Src\stm32f4xx_hal_uart.o
                0x08002170                HAL_UART_Receive
 *fill*         0x08002256        0x2 
 .text.HAL_UART_Transmit_DMA
                0x08002258       0x8c Drivers\STM32F4xx_HAL_Driver\Src\stm32f4xx_hal_uart.o
                0x08002258                HAL_UART_Transmit_DMA
 .text.HAL_UART_Receive_DMA
                0x080022e4       0xa8 Drivers\STM32F4xx_HAL_Driver\Src\stm32f4xx_hal_uart.o
                0x080022e4                HAL_UART_Receive_DMA
 .text.UART_DMATransmitCplt
                0x0800238c       0x30 Drivers\STM32F4xx_HAL_Driver\Src\stm32f4xx_hal_uart.o
 .text.UART_EndTransmit_IT
                0x080023bc       0x1a Drivers\STM32F4xx_HAL_Driver\Src\stm32f4xx_hal_uart.o
 .text.HAL_UART_TxHalfCpltCallback
                0x080023d6        0x2 Drivers\STM32F4xx_HAL_Driver\Src\stm32f4xx_hal_uart.o
                0x080023d6                HAL_UART_TxHalfCpltCallback
 .text.UART_DMATxHalfCplt
                0x080023d8        0xa Drivers\STM32F4xx_HAL_Driver\Src\stm32f4xx_hal_uart.o
 .text.UART_DMAReceiveCplt
                0x080023e2       0x3e Drivers\STM32F4xx_HAL_Driver\Src\stm32f4xx_hal_uart.o
 .text.UART_Receive_IT
                0x08002420       0x94 Drivers\STM32F4xx_HAL_Driver\Src\stm32f4xx_hal_uart.o
 .text.HAL_UART_RxHalfCpltCallback
                0x080024b4        0x2 Drivers\STM32F4xx_HAL_Driver\Src\stm32f4xx_hal_uart.o
                0x080024b4                HAL_UART_RxHalfCpltCallback
 .text.UART_DMARxHalfCplt
                0x080024b6        0xa Drivers\STM32F4xx_HAL_Driver\Src\stm32f4xx_hal_uart.o
 .text.UART_DMAError
                0x080024c0       0x58 Drivers\STM32F4xx_HAL_Driver\Src\stm32f4xx_hal_uart.o
 .text.HAL_UART_IRQHandler
                0x08002518      0x120 Drivers\STM32F4xx_HAL_Driver\Src\stm32f4xx_hal_uart.o
                0x08002518                HAL_UART_IRQHandler
 .text.UART_DMAAbortOnError
                0x08002638       0x10 Drivers\STM32F4xx_HAL_Driver\Src\stm32f4xx_hal_uart.o
 .text.MX_GPIO_Init
                0x08002648       0xac Src\main.o
 .text.MX_DMA_Init
                0x080026f4       0x44 Src\main.o
 .text.MX_USART2_UART_Init
                0x08002738       0x2c Src\main.o
 .text.MX_TIM1_Init
                0x08002764       0xc4 Src\main.o
 .text.MX_TIM5_Init
                0x08002828       0x4c Src\main.o
 .text.MX_TIM2_Init
                0x08002874       0x48 Src\main.o
 .text.SystemClock_Config
                0x080028bc       0x9c Src\main.o
                0x080028bc                SystemClock_Config
 .text.main     0x08002958       0x28 Src\main.o
                0x08002958                main
 .text.Error_Handler
                0x08002980        0x2 Src\main.o
                0x08002980                Error_Handler
 *fill*         0x08002982        0x2 
 .text.HAL_MspInit
                0x08002984       0x40 Src\stm32f4xx_hal_msp.o
                0x08002984                HAL_MspInit
 .text.HAL_TIM_PWM_MspInit
                0x080029c4       0x6c Src\stm32f4xx_hal_msp.o
                0x080029c4                HAL_TIM_PWM_MspInit
 .text.HAL_TIM_Encoder_MspInit
                0x08002a30       0xe4 Src\stm32f4xx_hal_msp.o
                0x08002a30                HAL_TIM_Encoder_MspInit
 .text.HAL_TIM_MspPostInit
                0x08002b14       0x5c Src\stm32f4xx_hal_msp.o
                0x08002b14                HAL_TIM_MspPostInit
 .text.HAL_UART_MspInit
                0x08002b70       0xfc Src\stm32f4xx_hal_msp.o
                0x08002b70                HAL_UART_MspInit
 .text.NMI_Handler
                0x08002c6c        0x2 Src\stm32f4xx_it.o
                0x08002c6c                NMI_Handler
 .text.HardFault_Handler
                0x08002c6e        0x2 Src\stm32f4xx_it.o
                0x08002c6e                HardFault_Handler
 .text.MemManage_Handler
                0x08002c70        0x2 Src\stm32f4xx_it.o
                0x08002c70                MemManage_Handler
 .text.BusFault_Handler
                0x08002c72        0x2 Src\stm32f4xx_it.o
                0x08002c72                BusFault_Handler
 .text.UsageFault_Handler
                0x08002c74        0x2 Src\stm32f4xx_it.o
                0x08002c74                UsageFault_Handler
 .text.SVC_Handler
                0x08002c76        0x2 Src\stm32f4xx_it.o
                0x08002c76                SVC_Handler
 .text.DebugMon_Handler
                0x08002c78        0x2 Src\stm32f4xx_it.o
                0x08002c78                DebugMon_Handler
 .text.PendSV_Handler
                0x08002c7a        0x2 Src\stm32f4xx_it.o
                0x08002c7a                PendSV_Handler
 .text.SysTick_Handler
                0x08002c7c        0x8 Src\stm32f4xx_it.o
                0x08002c7c                SysTick_Handler
 .text.DMA1_Stream5_IRQHandler
                0x08002c84       0x10 Src\stm32f4xx_it.o
                0x08002c84                DMA1_Stream5_IRQHandler
 .text.DMA1_Stream6_IRQHandler
                0x08002c94       0x10 Src\stm32f4xx_it.o
                0x08002c94                DMA1_Stream6_IRQHandler
 .text.USART2_IRQHandler
                0x08002ca4       0x10 Src\stm32f4xx_it.o
                0x08002ca4                USART2_IRQHandler
 .text.SystemInit
                0x08002cb4       0x4c Src\system_stm32f4xx.o
                0x08002cb4                SystemInit
 .text.IT_CallBack_UsartTC
                0x08002d00       0x10 THL_Library_Basic\Examples and Testers\src\THL_UsartTesters.o
                0x08002d00                IT_CallBack_UsartTC
 .text.testPrints
                0x08002d10      0x208 THL_Library_Basic\Examples and Testers\src\THL_UsartTesters.o
                0x08002d10                testPrints
 .text.testScans
                0x08002f18      0x3f4 THL_Library_Basic\Examples and Testers\src\THL_UsartTesters.o
                0x08002f18                testScans
 .text.testUsart
                0x0800330c       0x28 THL_Library_Basic\Examples and Testers\src\THL_UsartTesters.o
                0x0800330c                testUsart
 .text.Exception_Handler
                0x08003334       0x24 THL_Library_Basic\Examples and Testers\src\THL_UsartTesters.o
                0x08003334                Exception_Handler
 .text.THL_main
                0x08003358       0x10 THL_Library_Basic\Main\src\THL_main.o
                0x08003358                THL_main
 .text.newGPIO  0x08003368        0x6 THL_Library_Basic\Peripherals Drivers\src\THL_GPIO.o
                0x08003368                newGPIO
 .text.turnOn   0x0800336e        0xe THL_Library_Basic\Peripherals Drivers\src\THL_GPIO.o
                0x0800336e                turnOn
 .text.turnOff  0x0800337c        0xe THL_Library_Basic\Peripherals Drivers\src\THL_GPIO.o
                0x0800337c                turnOff
 .text.millis   0x0800338a        0x8 THL_Library_Basic\Peripherals Drivers\src\THL_SysTick.o
                0x0800338a                millis
 .text.delay    0x08003392       0x16 THL_Library_Basic\Peripherals Drivers\src\THL_SysTick.o
                0x08003392                delay
 .text.newUSART
                0x080033a8       0x5c THL_Library_Basic\Peripherals Drivers\src\THL_Usart.o
                0x080033a8                newUSART
 .text.newMainUSART
                0x08003404       0x10 THL_Library_Basic\Peripherals Drivers\src\THL_Usart.o
                0x08003404                newMainUSART
 .text.usartSend
                0x08003414       0x70 THL_Library_Basic\Peripherals Drivers\src\THL_Usart.o
                0x08003414                usartSend
 .text.usartSend_DMA
                0x08003484       0x44 THL_Library_Basic\Peripherals Drivers\src\THL_Usart.o
                0x08003484                usartSend_DMA
 .text.HAL_UART_TxCpltCallback
                0x080034c8       0x3c THL_Library_Basic\Peripherals Drivers\src\THL_Usart.o
                0x080034c8                HAL_UART_TxCpltCallback
 .text.print    0x08003504       0x26 THL_Library_Basic\Peripherals Drivers\src\THL_Usart.o
                0x08003504                print
 *fill*         0x0800352a        0x2 
 .text.printf_u
                0x0800352c       0x2c THL_Library_Basic\Peripherals Drivers\src\THL_Usart.o
                0x0800352c                printf_u
 .text.print_DMA
                0x08003558       0x2e THL_Library_Basic\Peripherals Drivers\src\THL_Usart.o
                0x08003558                print_DMA
 *fill*         0x08003586        0x2 
 .text.printf_DMA
                0x08003588       0x38 THL_Library_Basic\Peripherals Drivers\src\THL_Usart.o
                0x08003588                printf_DMA
 .text.fastPrint
                0x080035c0       0x32 THL_Library_Basic\Peripherals Drivers\src\THL_Usart.o
                0x080035c0                fastPrint
 *fill*         0x080035f2        0x2 
 .text.fastPrintf
                0x080035f4       0x38 THL_Library_Basic\Peripherals Drivers\src\THL_Usart.o
                0x080035f4                fastPrintf
 .text.usartRead
                0x0800362c       0x7c THL_Library_Basic\Peripherals Drivers\src\THL_Usart.o
                0x0800362c                usartRead
 .text.usartRead_DMA
                0x080036a8       0x54 THL_Library_Basic\Peripherals Drivers\src\THL_Usart.o
                0x080036a8                usartRead_DMA
 .text.IT_CallBack_UsartRC
                0x080036fc        0x2 THL_Library_Basic\Peripherals Drivers\src\THL_Usart.o
                0x080036fc                IT_CallBack_UsartRC
 *fill*         0x080036fe        0x2 
 .text.HAL_UART_RxCpltCallback
                0x08003700       0x3c THL_Library_Basic\Peripherals Drivers\src\THL_Usart.o
                0x08003700                HAL_UART_RxCpltCallback
 .text.readWord
                0x0800373c       0x38 THL_Library_Basic\Peripherals Drivers\src\THL_Usart.o
                0x0800373c                readWord
 .text.readLine
                0x08003774       0x34 THL_Library_Basic\Peripherals Drivers\src\THL_Usart.o
                0x08003774                readLine
 .text.readWordf
                0x080037a8       0x3c THL_Library_Basic\Peripherals Drivers\src\THL_Usart.o
                0x080037a8                readWordf
 .text.readLinef
                0x080037e4       0x38 THL_Library_Basic\Peripherals Drivers\src\THL_Usart.o
                0x080037e4                readLinef
 .text.scan     0x0800381c       0x28 THL_Library_Basic\Peripherals Drivers\src\THL_Usart.o
                0x0800381c                scan
 .text.scanf_u  0x08003844       0x30 THL_Library_Basic\Peripherals Drivers\src\THL_Usart.o
                0x08003844                scanf_u
 .text.HAL_UART_ErrorCallback
                0x08003874       0x10 THL_Library_Basic\Peripherals Drivers\src\THL_Usart.o
                0x08003874                HAL_UART_ErrorCallback
 .text.throwException
                0x08003884        0x8 THL_Library_Basic\Peripherals Drivers\src\THL_Utility.o
                0x08003884                throwException
 .text.Reset_Handler
                0x0800388c       0x50 startup\startup_stm32f446xx.o
                0x0800388c                Reset_Handler
 .text.Default_Handler
                0x080038dc        0x2 startup\startup_stm32f446xx.o
                0x080038dc                RTC_Alarm_IRQHandler
                0x080038dc                EXTI2_IRQHandler
                0x080038dc                TIM8_CC_IRQHandler
                0x080038dc                SPI4_IRQHandler
                0x080038dc                TIM1_CC_IRQHandler
                0x080038dc                DMA2_Stream5_IRQHandler
                0x080038dc                PVD_IRQHandler
                0x080038dc                SDIO_IRQHandler
                0x080038dc                TAMP_STAMP_IRQHandler
                0x080038dc                CAN2_RX1_IRQHandler
                0x080038dc                EXTI3_IRQHandler
                0x080038dc                TIM8_TRG_COM_TIM14_IRQHandler
                0x080038dc                TIM1_UP_TIM10_IRQHandler
                0x080038dc                TIM8_UP_TIM13_IRQHandler
                0x080038dc                I2C3_ER_IRQHandler
                0x080038dc                FMPI2C1_Event_IRQHandler
                0x080038dc                EXTI0_IRQHandler
                0x080038dc                I2C2_EV_IRQHandler
                0x080038dc                DMA1_Stream2_IRQHandler
                0x080038dc                CAN1_RX0_IRQHandler
                0x080038dc                FPU_IRQHandler
                0x080038dc                OTG_HS_WKUP_IRQHandler
                0x080038dc                CAN2_SCE_IRQHandler
                0x080038dc                DMA2_Stream2_IRQHandler
                0x080038dc                SPI1_IRQHandler
                0x080038dc                TIM6_DAC_IRQHandler
                0x080038dc                TIM1_BRK_TIM9_IRQHandler
                0x080038dc                DCMI_IRQHandler
                0x080038dc                CAN2_RX0_IRQHandler
                0x080038dc                DMA2_Stream3_IRQHandler
                0x080038dc                SAI2_IRQHandler
                0x080038dc                USART6_IRQHandler
                0x080038dc                USART3_IRQHandler
                0x080038dc                CAN1_RX1_IRQHandler
                0x080038dc                UART5_IRQHandler
                0x080038dc                DMA2_Stream0_IRQHandler
                0x080038dc                TIM4_IRQHandler
                0x080038dc                QUADSPI_IRQHandler
                0x080038dc                I2C1_EV_IRQHandler
                0x080038dc                DMA1_Stream1_IRQHandler
                0x080038dc                UART4_IRQHandler
                0x080038dc                TIM3_IRQHandler
                0x080038dc                RCC_IRQHandler
                0x080038dc                TIM8_BRK_TIM12_IRQHandler
                0x080038dc                Default_Handler
                0x080038dc                CEC_IRQHandler
                0x080038dc                EXTI15_10_IRQHandler
                0x080038dc                ADC_IRQHandler
                0x080038dc                DMA1_Stream7_IRQHandler
                0x080038dc                TIM7_IRQHandler
                0x080038dc                CAN2_TX_IRQHandler
                0x080038dc                TIM5_IRQHandler
                0x080038dc                DMA2_Stream7_IRQHandler
                0x080038dc                I2C3_EV_IRQHandler
                0x080038dc                EXTI9_5_IRQHandler
                0x080038dc                RTC_WKUP_IRQHandler
                0x080038dc                SPDIF_RX_IRQHandler
                0x080038dc                SPI2_IRQHandler
                0x080038dc                OTG_HS_EP1_IN_IRQHandler
                0x080038dc                DMA1_Stream0_IRQHandler
                0x080038dc                CAN1_TX_IRQHandler
                0x080038dc                EXTI4_IRQHandler
                0x080038dc                OTG_HS_EP1_OUT_IRQHandler
                0x080038dc                WWDG_IRQHandler
                0x080038dc                TIM2_IRQHandler
                0x080038dc                OTG_FS_WKUP_IRQHandler
                0x080038dc                TIM1_TRG_COM_TIM11_IRQHandler
                0x080038dc                OTG_HS_IRQHandler
                0x080038dc                EXTI1_IRQHandler
                0x080038dc                I2C2_ER_IRQHandler
                0x080038dc                DMA2_Stream1_IRQHandler
                0x080038dc                CAN1_SCE_IRQHandler
                0x080038dc                FLASH_IRQHandler
                0x080038dc                DMA2_Stream4_IRQHandler
                0x080038dc                USART1_IRQHandler
                0x080038dc                OTG_FS_IRQHandler
                0x080038dc                SPI3_IRQHandler
                0x080038dc                DMA1_Stream4_IRQHandler
                0x080038dc                I2C1_ER_IRQHandler
                0x080038dc                FMC_IRQHandler
                0x080038dc                DMA2_Stream6_IRQHandler
                0x080038dc                SAI1_IRQHandler
                0x080038dc                DMA1_Stream3_IRQHandler
                0x080038dc                FMPI2C1_Error_IRQHandler
 *fill*         0x080038de        0x2 
 .text.__libc_init_array
                0x080038e0       0x48 c:/program files (x86)/atollic/truestudio for stm32 9.2.0/armtools/bin/../lib/gcc/arm-atollic-eabi/6.3.1/../../../../arm-atollic-eabi/lib/armv7e-m/fpu\libc_nano.a(lib_a-init.o)
                0x080038e0                __libc_init_array
 .text.memset   0x08003928       0x10 c:/program files (x86)/atollic/truestudio for stm32 9.2.0/armtools/bin/../lib/gcc/arm-atollic-eabi/6.3.1/../../../../arm-atollic-eabi/lib/armv7e-m/fpu\libc_nano.a(lib_a-memset.o)
                0x08003928                memset
 .text._vsprintf_r
                0x08003938       0x30 c:/program files (x86)/atollic/truestudio for stm32 9.2.0/armtools/bin/../lib/gcc/arm-atollic-eabi/6.3.1/../../../../arm-atollic-eabi/lib/armv7e-m/fpu\libc_nano.a(lib_a-vsprintf.o)
                0x08003938                _vsprintf_r
                0x08003938                _vsiprintf_r
 .text.vsprintf
                0x08003968       0x14 c:/program files (x86)/atollic/truestudio for stm32 9.2.0/armtools/bin/../lib/gcc/arm-atollic-eabi/6.3.1/../../../../arm-atollic-eabi/lib/armv7e-m/fpu\libc_nano.a(lib_a-vsprintf.o)
                0x08003968                vsiprintf
                0x08003968                vsprintf
 .text._vsscanf_r
                0x0800397c       0x48 c:/program files (x86)/atollic/truestudio for stm32 9.2.0/armtools/bin/../lib/gcc/arm-atollic-eabi/6.3.1/../../../../arm-atollic-eabi/lib/armv7e-m/fpu\libc_nano.a(lib_a-vsscanf.o)
                0x0800397c                _vsscanf_r
                0x0800397c                _vsiscanf_r
 .text.vsscanf  0x080039c4       0x14 c:/program files (x86)/atollic/truestudio for stm32 9.2.0/armtools/bin/../lib/gcc/arm-atollic-eabi/6.3.1/../../../../arm-atollic-eabi/lib/armv7e-m/fpu\libc_nano.a(lib_a-vsscanf.o)
                0x080039c4                vsiscanf
                0x080039c4                vsscanf
 .text.__ssputs_r
                0x080039d8       0xb6 c:/program files (x86)/atollic/truestudio for stm32 9.2.0/armtools/bin/../lib/gcc/arm-atollic-eabi/6.3.1/../../../../arm-atollic-eabi/lib/armv7e-m/fpu\libc_nano.a(lib_a-nano-svfprintf.o)
                0x080039d8                __ssputs_r
 *fill*         0x08003a8e        0x2 
 .text._svfprintf_r
                0x08003a90      0x1e8 c:/program files (x86)/atollic/truestudio for stm32 9.2.0/armtools/bin/../lib/gcc/arm-atollic-eabi/6.3.1/../../../../arm-atollic-eabi/lib/armv7e-m/fpu\libc_nano.a(lib_a-nano-svfprintf.o)
                0x08003a90                _svfiprintf_r
                0x08003a90                _svfprintf_r
 .text._sungetc_r
                0x08003c78       0x7a c:/program files (x86)/atollic/truestudio for stm32 9.2.0/armtools/bin/../lib/gcc/arm-atollic-eabi/6.3.1/../../../../arm-atollic-eabi/lib/armv7e-m/fpu\libc_nano.a(lib_a-nano-svfscanf.o)
                0x08003c78                _sungetc_r
 .text.__ssrefill_r
                0x08003cf2       0x3a c:/program files (x86)/atollic/truestudio for stm32 9.2.0/armtools/bin/../lib/gcc/arm-atollic-eabi/6.3.1/../../../../arm-atollic-eabi/lib/armv7e-m/fpu\libc_nano.a(lib_a-nano-svfscanf.o)
                0x08003cf2                __ssrefill_r
 .text.__ssvfscanf_r
                0x08003d2c      0x2a8 c:/program files (x86)/atollic/truestudio for stm32 9.2.0/armtools/bin/../lib/gcc/arm-atollic-eabi/6.3.1/../../../../arm-atollic-eabi/lib/armv7e-m/fpu\libc_nano.a(lib_a-nano-svfscanf.o)
                0x08003d2c                __ssvfiscanf_r
                0x08003d2c                __ssvfscanf_r
 .text._printf_common
                0x08003fd4       0xec c:/program files (x86)/atollic/truestudio for stm32 9.2.0/armtools/bin/../lib/gcc/arm-atollic-eabi/6.3.1/../../../../arm-atollic-eabi/lib/armv7e-m/fpu\libc_nano.a(lib_a-nano-vfprintf_i.o)
                0x08003fd4                _printf_common
 .text._printf_i
                0x080040c0      0x240 c:/program files (x86)/atollic/truestudio for stm32 9.2.0/armtools/bin/../lib/gcc/arm-atollic-eabi/6.3.1/../../../../arm-atollic-eabi/lib/armv7e-m/fpu\libc_nano.a(lib_a-nano-vfprintf_i.o)
                0x080040c0                _printf_i
 .text._scanf_chars
                0x08004300       0xc8 c:/program files (x86)/atollic/truestudio for stm32 9.2.0/armtools/bin/../lib/gcc/arm-atollic-eabi/6.3.1/../../../../arm-atollic-eabi/lib/armv7e-m/fpu\libc_nano.a(lib_a-nano-vfscanf_i.o)
                0x08004300                _scanf_chars
 .text._scanf_i
                0x080043c8      0x1e8 c:/program files (x86)/atollic/truestudio for stm32 9.2.0/armtools/bin/../lib/gcc/arm-atollic-eabi/6.3.1/../../../../arm-atollic-eabi/lib/armv7e-m/fpu\libc_nano.a(lib_a-nano-vfscanf_i.o)
                0x080043c8                _scanf_i
 .text.__sccl   0x080045b0       0x60 c:/program files (x86)/atollic/truestudio for stm32 9.2.0/armtools/bin/../lib/gcc/arm-atollic-eabi/6.3.1/../../../../arm-atollic-eabi/lib/armv7e-m/fpu\libc_nano.a(lib_a-sccl.o)
                0x080045b0                __sccl
 .text.__seofread
                0x08004610        0x4 c:/program files (x86)/atollic/truestudio for stm32 9.2.0/armtools/bin/../lib/gcc/arm-atollic-eabi/6.3.1/../../../../arm-atollic-eabi/lib/armv7e-m/fpu\libc_nano.a(lib_a-stdio.o)
                0x08004610                __seofread
 .text._strtol_l.isra.0
                0x08004614      0x100 c:/program files (x86)/atollic/truestudio for stm32 9.2.0/armtools/bin/../lib/gcc/arm-atollic-eabi/6.3.1/../../../../arm-atollic-eabi/lib/armv7e-m/fpu\libc_nano.a(lib_a-strtol.o)
 .text._strtol_r
                0x08004714       0x24 c:/program files (x86)/atollic/truestudio for stm32 9.2.0/armtools/bin/../lib/gcc/arm-atollic-eabi/6.3.1/../../../../arm-atollic-eabi/lib/armv7e-m/fpu\libc_nano.a(lib_a-strtol.o)
                0x08004714                _strtol_r
 .text._strtoul_l.isra.0
                0x08004738       0xfa c:/program files (x86)/atollic/truestudio for stm32 9.2.0/armtools/bin/../lib/gcc/arm-atollic-eabi/6.3.1/../../../../arm-atollic-eabi/lib/armv7e-m/fpu\libc_nano.a(lib_a-strtoul.o)
 *fill*         0x08004832        0x2 
 .text._strtoul_r
                0x08004834       0x24 c:/program files (x86)/atollic/truestudio for stm32 9.2.0/armtools/bin/../lib/gcc/arm-atollic-eabi/6.3.1/../../../../arm-atollic-eabi/lib/armv7e-m/fpu\libc_nano.a(lib_a-strtoul.o)
                0x08004834                _strtoul_r
 .text.__submore
                0x08004858       0x76 c:/program files (x86)/atollic/truestudio for stm32 9.2.0/armtools/bin/../lib/gcc/arm-atollic-eabi/6.3.1/../../../../arm-atollic-eabi/lib/armv7e-m/fpu\libc_nano.a(lib_a-ungetc.o)
                0x08004858                __submore
 .text.__locale_ctype_ptr_l
                0x080048ce        0x6 c:/program files (x86)/atollic/truestudio for stm32 9.2.0/armtools/bin/../lib/gcc/arm-atollic-eabi/6.3.1/../../../../arm-atollic-eabi/lib/armv7e-m/fpu\libc_nano.a(lib_a-locale.o)
                0x080048ce                __locale_ctype_ptr_l
 .text.__locale_ctype_ptr
                0x080048d4       0x1c c:/program files (x86)/atollic/truestudio for stm32 9.2.0/armtools/bin/../lib/gcc/arm-atollic-eabi/6.3.1/../../../../arm-atollic-eabi/lib/armv7e-m/fpu\libc_nano.a(lib_a-locale.o)
                0x080048d4                __locale_ctype_ptr
 .text.__ascii_mbtowc
                0x080048f0       0x24 c:/program files (x86)/atollic/truestudio for stm32 9.2.0/armtools/bin/../lib/gcc/arm-atollic-eabi/6.3.1/../../../../arm-atollic-eabi/lib/armv7e-m/fpu\libc_nano.a(lib_a-mbtowc_r.o)
                0x080048f0                __ascii_mbtowc
 .text.memcpy   0x08004914       0x16 c:/program files (x86)/atollic/truestudio for stm32 9.2.0/armtools/bin/../lib/gcc/arm-atollic-eabi/6.3.1/../../../../arm-atollic-eabi/lib/armv7e-m/fpu\libc_nano.a(lib_a-memcpy-stub.o)
                0x08004914                memcpy
 .text.memmove  0x0800492a       0x34 c:/program files (x86)/atollic/truestudio for stm32 9.2.0/armtools/bin/../lib/gcc/arm-atollic-eabi/6.3.1/../../../../arm-atollic-eabi/lib/armv7e-m/fpu\libc_nano.a(lib_a-memmove.o)
                0x0800492a                memmove
 *fill*         0x0800495e        0x2 
 .text._free_r  0x08004960       0x9c c:/program files (x86)/atollic/truestudio for stm32 9.2.0/armtools/bin/../lib/gcc/arm-atollic-eabi/6.3.1/../../../../arm-atollic-eabi/lib/armv7e-m/fpu\libc_nano.a(lib_a-nano-freer.o)
                0x08004960                _free_r
 .text._malloc_r
                0x080049fc       0xbc c:/program files (x86)/atollic/truestudio for stm32 9.2.0/armtools/bin/../lib/gcc/arm-atollic-eabi/6.3.1/../../../../arm-atollic-eabi/lib/armv7e-m/fpu\libc_nano.a(lib_a-nano-mallocr.o)
                0x080049fc                _malloc_r
 .text._realloc_r
                0x08004ab8       0x4c c:/program files (x86)/atollic/truestudio for stm32 9.2.0/armtools/bin/../lib/gcc/arm-atollic-eabi/6.3.1/../../../../arm-atollic-eabi/lib/armv7e-m/fpu\libc_nano.a(lib_a-nano-reallocr.o)
                0x08004ab8                _realloc_r
 .text._sbrk_r  0x08004b04       0x20 c:/program files (x86)/atollic/truestudio for stm32 9.2.0/armtools/bin/../lib/gcc/arm-atollic-eabi/6.3.1/../../../../arm-atollic-eabi/lib/armv7e-m/fpu\libc_nano.a(lib_a-sbrkr.o)
                0x08004b04                _sbrk_r
 .text.__ascii_wctomb
                0x08004b24       0x1a c:/program files (x86)/atollic/truestudio for stm32 9.2.0/armtools/bin/../lib/gcc/arm-atollic-eabi/6.3.1/../../../../arm-atollic-eabi/lib/armv7e-m/fpu\libc_nano.a(lib_a-wctomb_r.o)
                0x08004b24                __ascii_wctomb
 .text.__malloc_lock
                0x08004b3e        0x2 c:/program files (x86)/atollic/truestudio for stm32 9.2.0/armtools/bin/../lib/gcc/arm-atollic-eabi/6.3.1/../../../../arm-atollic-eabi/lib/armv7e-m/fpu\libc_nano.a(lib_a-mlock.o)
                0x08004b3e                __malloc_lock
 .text.__malloc_unlock
                0x08004b40        0x2 c:/program files (x86)/atollic/truestudio for stm32 9.2.0/armtools/bin/../lib/gcc/arm-atollic-eabi/6.3.1/../../../../arm-atollic-eabi/lib/armv7e-m/fpu\libc_nano.a(lib_a-mlock.o)
                0x08004b40                __malloc_unlock
 .text._malloc_usable_size_r
                0x08004b42       0x12 c:/program files (x86)/atollic/truestudio for stm32 9.2.0/armtools/bin/../lib/gcc/arm-atollic-eabi/6.3.1/../../../../arm-atollic-eabi/lib/armv7e-m/fpu\libc_nano.a(lib_a-nano-msizer.o)
                0x08004b42                _malloc_usable_size_r
 .text._sbrk    0x08004b54       0x1c c:/program files (x86)/atollic/truestudio for stm32 9.2.0/armtools/bin/../lib/gcc/arm-atollic-eabi/6.3.1/../../../../arm-atollic-eabi/lib/armv7e-m/fpu\libnosys.a(sbrk.o)
                0x08004b54                _sbrk
 *(.glue_7)
 .glue_7        0x08004b70        0x0 linker stubs
 *(.glue_7t)
 .glue_7t       0x08004b70        0x0 linker stubs
 *(.eh_frame)
 .eh_frame      0x08004b70        0x0 c:/program files (x86)/atollic/truestudio for stm32 9.2.0/armtools/bin/../lib/gcc/arm-atollic-eabi/6.3.1/armv7e-m/fpu/crtbegin.o
 *(.init)
 .init          0x08004b70        0x4 c:/program files (x86)/atollic/truestudio for stm32 9.2.0/armtools/bin/../lib/gcc/arm-atollic-eabi/6.3.1/armv7e-m/fpu/crti.o
                0x08004b70                _init
 .init          0x08004b74        0x8 c:/program files (x86)/atollic/truestudio for stm32 9.2.0/armtools/bin/../lib/gcc/arm-atollic-eabi/6.3.1/armv7e-m/fpu/crtn.o
 *(.fini)
 .fini          0x08004b7c        0x4 c:/program files (x86)/atollic/truestudio for stm32 9.2.0/armtools/bin/../lib/gcc/arm-atollic-eabi/6.3.1/armv7e-m/fpu/crti.o
                0x08004b7c                _fini
 .fini          0x08004b80        0x8 c:/program files (x86)/atollic/truestudio for stm32 9.2.0/armtools/bin/../lib/gcc/arm-atollic-eabi/6.3.1/armv7e-m/fpu/crtn.o
                0x08004b88                . = ALIGN (0x4)
                0x08004b88                _etext = .

.vfp11_veneer   0x08004b88        0x0
 .vfp11_veneer  0x08004b88        0x0 linker stubs

.v4_bx          0x08004b88        0x0
 .v4_bx         0x08004b88        0x0 linker stubs

.iplt           0x08004b88        0x0
 .iplt          0x08004b88        0x0 c:/program files (x86)/atollic/truestudio for stm32 9.2.0/armtools/bin/../lib/gcc/arm-atollic-eabi/6.3.1/armv7e-m/fpu/crtbegin.o

.rodata         0x08004b88      0x9c8
                0x08004b88                . = ALIGN (0x4)
 *(.rodata)
 .rodata        0x08004b88        0xc c:/program files (x86)/atollic/truestudio for stm32 9.2.0/armtools/bin/../lib/gcc/arm-atollic-eabi/6.3.1/../../../../arm-atollic-eabi/lib/armv7e-m/fpu\libc_nano.a(lib_a-nano-vfscanf_i.o)
 *(.rodata*)
 .rodata.flagBitshiftOffset.8876
                0x08004b94        0x8 Drivers\STM32F4xx_HAL_Driver\Src\stm32f4xx_hal_dma.o
 .rodata.AHBPrescTable
                0x08004b9c       0x10 Src\system_stm32f4xx.o
                0x08004b9c                AHBPrescTable
 .rodata.APBPrescTable
                0x08004bac        0x8 Src\system_stm32f4xx.o
                0x08004bac                APBPrescTable
 .rodata.testPrints.str1.4
                0x08004bb4      0x36f THL_Library_Basic\Examples and Testers\src\THL_UsartTesters.o
 *fill*         0x08004f23        0x1 
 .rodata.testScans.str1.4
                0x08004f24      0x368 THL_Library_Basic\Examples and Testers\src\THL_UsartTesters.o
 .rodata.HAL_UART_ErrorCallback.str1.4
                0x0800528c       0x26 THL_Library_Basic\Peripherals Drivers\src\THL_Usart.o
 *fill*         0x080052b2        0x2 
 .rodata.usartRead.str1.4
                0x080052b4       0x45 THL_Library_Basic\Peripherals Drivers\src\THL_Usart.o
 *fill*         0x080052f9        0x3 
 .rodata.usartRead_DMA.str1.4
                0x080052fc       0x25 THL_Library_Basic\Peripherals Drivers\src\THL_Usart.o
 *fill*         0x08005321        0x3 
 .rodata.usartSend.str1.4
                0x08005324       0x45 THL_Library_Basic\Peripherals Drivers\src\THL_Usart.o
 *fill*         0x08005369        0x3 
 .rodata.usartSend_DMA.str1.4
                0x0800536c       0x28 THL_Library_Basic\Peripherals Drivers\src\THL_Usart.o
                                 0x25 (size before relaxing)
 .rodata._svfprintf_r.str1.1
                0x08005394       0x11 c:/program files (x86)/atollic/truestudio for stm32 9.2.0/armtools/bin/../lib/gcc/arm-atollic-eabi/6.3.1/../../../../arm-atollic-eabi/lib/armv7e-m/fpu\libc_nano.a(lib_a-nano-svfprintf.o)
 .rodata.__ssvfscanf_r.str1.1
                0x080053a5        0x4 c:/program files (x86)/atollic/truestudio for stm32 9.2.0/armtools/bin/../lib/gcc/arm-atollic-eabi/6.3.1/../../../../arm-atollic-eabi/lib/armv7e-m/fpu\libc_nano.a(lib_a-nano-svfscanf.o)
 .rodata._printf_i.str1.1
                0x080053a5       0x22 c:/program files (x86)/atollic/truestudio for stm32 9.2.0/armtools/bin/../lib/gcc/arm-atollic-eabi/6.3.1/../../../../arm-atollic-eabi/lib/armv7e-m/fpu\libc_nano.a(lib_a-nano-vfprintf_i.o)
 .rodata._scanf_i.str1.1
                0x080053c7       0x12 c:/program files (x86)/atollic/truestudio for stm32 9.2.0/armtools/bin/../lib/gcc/arm-atollic-eabi/6.3.1/../../../../arm-atollic-eabi/lib/armv7e-m/fpu\libc_nano.a(lib_a-nano-vfscanf_i.o)
 .rodata.str1.1
                0x080053d9        0x9 c:/program files (x86)/atollic/truestudio for stm32 9.2.0/armtools/bin/../lib/gcc/arm-atollic-eabi/6.3.1/../../../../arm-atollic-eabi/lib/armv7e-m/fpu\libc_nano.a(lib_a-nano-vfscanf_i.o)
 *fill*         0x080053e2        0x2 
 .rodata.__sf_fake_stderr
                0x080053e4       0x20 c:/program files (x86)/atollic/truestudio for stm32 9.2.0/armtools/bin/../lib/gcc/arm-atollic-eabi/6.3.1/../../../../arm-atollic-eabi/lib/armv7e-m/fpu\libc_nano.a(lib_a-findfp.o)
                0x080053e4                __sf_fake_stderr
 .rodata.__sf_fake_stdin
                0x08005404       0x20 c:/program files (x86)/atollic/truestudio for stm32 9.2.0/armtools/bin/../lib/gcc/arm-atollic-eabi/6.3.1/../../../../arm-atollic-eabi/lib/armv7e-m/fpu\libc_nano.a(lib_a-findfp.o)
                0x08005404                __sf_fake_stdin
 .rodata.__sf_fake_stdout
                0x08005424       0x20 c:/program files (x86)/atollic/truestudio for stm32 9.2.0/armtools/bin/../lib/gcc/arm-atollic-eabi/6.3.1/../../../../arm-atollic-eabi/lib/armv7e-m/fpu\libc_nano.a(lib_a-findfp.o)
                0x08005424                __sf_fake_stdout
 .rodata._setlocale_r.str1.1
                0x08005444        0x8 c:/program files (x86)/atollic/truestudio for stm32 9.2.0/armtools/bin/../lib/gcc/arm-atollic-eabi/6.3.1/../../../../arm-atollic-eabi/lib/armv7e-m/fpu\libc_nano.a(lib_a-locale.o)
                                  0x9 (size before relaxing)
 .rodata.str1.1
                0x0800544c        0x2 c:/program files (x86)/atollic/truestudio for stm32 9.2.0/armtools/bin/../lib/gcc/arm-atollic-eabi/6.3.1/../../../../arm-atollic-eabi/lib/armv7e-m/fpu\libc_nano.a(lib_a-locale.o)
 .rodata._ctype_
                0x0800544e      0x101 c:/program files (x86)/atollic/truestudio for stm32 9.2.0/armtools/bin/../lib/gcc/arm-atollic-eabi/6.3.1/../../../../arm-atollic-eabi/lib/armv7e-m/fpu\libc_nano.a(lib_a-ctype_.o)
                0x0800544e                _ctype_
                0x08005550                . = ALIGN (0x4)
 *fill*         0x0800554f        0x1 

.ARM.extab
 *(.ARM.extab* .gnu.linkonce.armextab.*)

.ARM            0x08005550        0x8
                0x08005550                __exidx_start = .
 *(.ARM.exidx*)
 .ARM.exidx     0x08005550        0x8 c:/program files (x86)/atollic/truestudio for stm32 9.2.0/armtools/bin/../lib/gcc/arm-atollic-eabi/6.3.1/armv7e-m/fpu\libgcc.a(_udivmoddi4.o)
                0x08005558                __exidx_end = .

.rel.dyn        0x08005558        0x0
 .rel.iplt      0x08005558        0x0 c:/program files (x86)/atollic/truestudio for stm32 9.2.0/armtools/bin/../lib/gcc/arm-atollic-eabi/6.3.1/armv7e-m/fpu/crtbegin.o

.preinit_array  0x08005558        0x0
                0x08005558                PROVIDE (__preinit_array_start, .)
 *(.preinit_array*)
                0x08005558                PROVIDE (__preinit_array_end, .)

.init_array     0x08005558        0x4
                0x08005558                PROVIDE (__init_array_start, .)
 *(SORT(.init_array.*))
 *(.init_array*)
 .init_array    0x08005558        0x4 c:/program files (x86)/atollic/truestudio for stm32 9.2.0/armtools/bin/../lib/gcc/arm-atollic-eabi/6.3.1/armv7e-m/fpu/crtbegin.o
                0x0800555c                PROVIDE (__init_array_end, .)

.fini_array     0x0800555c        0x4
                [!provide]                PROVIDE (__fini_array_start, .)
 *(SORT(.fini_array.*))
 *(.fini_array*)
 .fini_array    0x0800555c        0x4 c:/program files (x86)/atollic/truestudio for stm32 9.2.0/armtools/bin/../lib/gcc/arm-atollic-eabi/6.3.1/armv7e-m/fpu/crtbegin.o
                [!provide]                PROVIDE (__fini_array_end, .)
                0x08005560                _sidata = LOADADDR (.data)

.data           0x20000000      0x1dc load address 0x08005560
                0x20000000                . = ALIGN (0x4)
                0x20000000                _sdata = .
 *(.data)
 *(.data*)
 .data.uwTickFreq
                0x20000000        0x1 Drivers\STM32F4xx_HAL_Driver\Src\stm32f4xx_hal.o
                0x20000000                uwTickFreq
 *fill*         0x20000001        0x3 
 .data.uwTickPrio
                0x20000004        0x4 Drivers\STM32F4xx_HAL_Driver\Src\stm32f4xx_hal.o
                0x20000004                uwTickPrio
 .data.SystemCoreClock
                0x20000008        0x4 Src\system_stm32f4xx.o
                0x20000008                SystemCoreClock
 .data._impure_ptr
                0x2000000c        0x4 c:/program files (x86)/atollic/truestudio for stm32 9.2.0/armtools/bin/../lib/gcc/arm-atollic-eabi/6.3.1/../../../../arm-atollic-eabi/lib/armv7e-m/fpu\libc_nano.a(lib_a-impure.o)
                0x2000000c                _impure_ptr
 .data.impure_data
                0x20000010       0x60 c:/program files (x86)/atollic/truestudio for stm32 9.2.0/armtools/bin/../lib/gcc/arm-atollic-eabi/6.3.1/../../../../arm-atollic-eabi/lib/armv7e-m/fpu\libc_nano.a(lib_a-impure.o)
 .data.__global_locale
                0x20000070      0x16c c:/program files (x86)/atollic/truestudio for stm32 9.2.0/armtools/bin/../lib/gcc/arm-atollic-eabi/6.3.1/../../../../arm-atollic-eabi/lib/armv7e-m/fpu\libc_nano.a(lib_a-locale.o)
                0x20000070                __global_locale
                0x200001dc                . = ALIGN (0x4)
                0x200001dc                _edata = .

.igot.plt       0x200001dc        0x0 load address 0x0800573c
 .igot.plt      0x200001dc        0x0 c:/program files (x86)/atollic/truestudio for stm32 9.2.0/armtools/bin/../lib/gcc/arm-atollic-eabi/6.3.1/armv7e-m/fpu/crtbegin.o
                0x200001dc                . = ALIGN (0x4)

.bss            0x200001dc      0x3f4 load address 0x0800573c
                0x200001dc                _sbss = .
                0x200001dc                __bss_start__ = _sbss
 *(.bss)
 .bss           0x200001dc       0x1c c:/program files (x86)/atollic/truestudio for stm32 9.2.0/armtools/bin/../lib/gcc/arm-atollic-eabi/6.3.1/armv7e-m/fpu/crtbegin.o
 *(.bss*)
 .bss.numActiveUSARTs
                0x200001f8        0x2 THL_Library_Basic\Peripherals Drivers\src\THL_Usart.o
                0x200001f8                numActiveUSARTs
 *fill*         0x200001fa        0x2 
 .bss.__malloc_free_list
                0x200001fc        0x4 c:/program files (x86)/atollic/truestudio for stm32 9.2.0/armtools/bin/../lib/gcc/arm-atollic-eabi/6.3.1/../../../../arm-atollic-eabi/lib/armv7e-m/fpu\libc_nano.a(lib_a-nano-mallocr.o)
                0x200001fc                __malloc_free_list
 .bss.__malloc_sbrk_start
                0x20000200        0x4 c:/program files (x86)/atollic/truestudio for stm32 9.2.0/armtools/bin/../lib/gcc/arm-atollic-eabi/6.3.1/../../../../arm-atollic-eabi/lib/armv7e-m/fpu\libc_nano.a(lib_a-nano-mallocr.o)
                0x20000200                __malloc_sbrk_start
 .bss.heap_end.5239
                0x20000204        0x4 c:/program files (x86)/atollic/truestudio for stm32 9.2.0/armtools/bin/../lib/gcc/arm-atollic-eabi/6.3.1/../../../../arm-atollic-eabi/lib/armv7e-m/fpu\libnosys.a(sbrk.o)
 *(COMMON)
 COMMON         0x20000208        0x4 Drivers\STM32F4xx_HAL_Driver\Src\stm32f4xx_hal.o
                0x20000208                uwTick
 COMMON         0x2000020c      0x1b4 Src\main.o
                0x2000020c                hdma_usart2_rx
                0x2000026c                htim5
                0x200002a8                hdma_usart2_tx
                0x20000308                htim1
                0x20000344                htim2
                0x20000380                huart2
 COMMON         0x200003c0       0xe4 THL_Library_Basic\Examples and Testers\src\THL_UsartTesters.o
                0x200003c0                led_pin
                0x200003c8                uart2
                0x200004a0                Led
 COMMON         0x200004a4      0x128 THL_Library_Basic\Peripherals Drivers\src\THL_Usart.o
                0x200004a4                DefaultUSART
                0x2000057c                ActiveUSARTs
 COMMON         0x200005cc        0x4 c:/program files (x86)/atollic/truestudio for stm32 9.2.0/armtools/bin/../lib/gcc/arm-atollic-eabi/6.3.1/../../../../arm-atollic-eabi/lib/armv7e-m/fpu\libc_nano.a(lib_a-reent.o)
                0x200005cc                errno
                0x200005d0                . = ALIGN (0x4)
                0x200005d0                _ebss = .
                0x200005d0                __bss_end__ = _ebss

._user_heap_stack
                0x200005d0      0x600 load address 0x0800573c
                0x200005d0                . = ALIGN (0x4)
                0x200005d0                PROVIDE (end, .)
                [!provide]                PROVIDE (_end, .)
                0x200007d0                . = (. + _Min_Heap_Size)
 *fill*         0x200005d0      0x200 
                0x20000bd0                . = (. + _Min_Stack_Size)
 *fill*         0x200007d0      0x400 
                0x20000bd0                . = ALIGN (0x4)

/DISCARD/
 libc.a(*)
 libm.a(*)
 libgcc.a(*)

.ARM.attributes
                0x00000000       0x30
 *(.ARM.attributes)
 .ARM.attributes
                0x00000000       0x22 c:/program files (x86)/atollic/truestudio for stm32 9.2.0/armtools/bin/../lib/gcc/arm-atollic-eabi/6.3.1/armv7e-m/fpu/crti.o
 .ARM.attributes
                0x00000022       0x34 c:/program files (x86)/atollic/truestudio for stm32 9.2.0/armtools/bin/../lib/gcc/arm-atollic-eabi/6.3.1/armv7e-m/fpu/crtbegin.o
 .ARM.attributes
                0x00000056       0x39 Drivers\STM32F4xx_HAL_Driver\Src\stm32f4xx_hal.o
 .ARM.attributes
                0x0000008f       0x39 Drivers\STM32F4xx_HAL_Driver\Src\stm32f4xx_hal_cortex.o
 .ARM.attributes
                0x000000c8       0x39 Drivers\STM32F4xx_HAL_Driver\Src\stm32f4xx_hal_dma.o
 .ARM.attributes
                0x00000101       0x39 Drivers\STM32F4xx_HAL_Driver\Src\stm32f4xx_hal_gpio.o
 .ARM.attributes
                0x0000013a       0x39 Drivers\STM32F4xx_HAL_Driver\Src\stm32f4xx_hal_pwr_ex.o
 .ARM.attributes
                0x00000173       0x39 Drivers\STM32F4xx_HAL_Driver\Src\stm32f4xx_hal_rcc.o
 .ARM.attributes
                0x000001ac       0x39 Drivers\STM32F4xx_HAL_Driver\Src\stm32f4xx_hal_rcc_ex.o
 .ARM.attributes
                0x000001e5       0x39 Drivers\STM32F4xx_HAL_Driver\Src\stm32f4xx_hal_tim.o
 .ARM.attributes
                0x0000021e       0x39 Drivers\STM32F4xx_HAL_Driver\Src\stm32f4xx_hal_tim_ex.o
 .ARM.attributes
                0x00000257       0x39 Drivers\STM32F4xx_HAL_Driver\Src\stm32f4xx_hal_uart.o
 .ARM.attributes
                0x00000290       0x39 Src\main.o
 .ARM.attributes
                0x000002c9       0x39 Src\stm32f4xx_hal_msp.o
 .ARM.attributes
                0x00000302       0x39 Src\stm32f4xx_it.o
 .ARM.attributes
                0x0000033b       0x39 Src\system_stm32f4xx.o
 .ARM.attributes
                0x00000374       0x39 THL_Library_Basic\Examples and Testers\src\THL_UsartTesters.o
 .ARM.attributes
                0x000003ad       0x39 THL_Library_Basic\Main\src\THL_main.o
 .ARM.attributes
                0x000003e6       0x39 THL_Library_Basic\Peripherals Drivers\src\THL_GPIO.o
 .ARM.attributes
                0x0000041f       0x39 THL_Library_Basic\Peripherals Drivers\src\THL_SysTick.o
 .ARM.attributes
                0x00000458       0x39 THL_Library_Basic\Peripherals Drivers\src\THL_Usart.o
 .ARM.attributes
                0x00000491       0x39 THL_Library_Basic\Peripherals Drivers\src\THL_Utility.o
 .ARM.attributes
                0x000004ca       0x21 startup\startup_stm32f446xx.o
 .ARM.attributes
                0x000004eb       0x34 c:/program files (x86)/atollic/truestudio for stm32 9.2.0/armtools/bin/../lib/gcc/arm-atollic-eabi/6.3.1/../../../../arm-atollic-eabi/lib/armv7e-m/fpu\libc_nano.a(lib_a-init.o)
 .ARM.attributes
                0x0000051f       0x34 c:/program files (x86)/atollic/truestudio for stm32 9.2.0/armtools/bin/../lib/gcc/arm-atollic-eabi/6.3.1/../../../../arm-atollic-eabi/lib/armv7e-m/fpu\libc_nano.a(lib_a-memset.o)
 .ARM.attributes
                0x00000553       0x1b c:/program files (x86)/atollic/truestudio for stm32 9.2.0/armtools/bin/../lib/gcc/arm-atollic-eabi/6.3.1/../../../../arm-atollic-eabi/lib/armv7e-m/fpu\libc_nano.a(lib_a-strlen.o)
 .ARM.attributes
                0x0000056e       0x34 c:/program files (x86)/atollic/truestudio for stm32 9.2.0/armtools/bin/../lib/gcc/arm-atollic-eabi/6.3.1/../../../../arm-atollic-eabi/lib/armv7e-m/fpu\libc_nano.a(lib_a-vsprintf.o)
 .ARM.attributes
                0x000005a2       0x34 c:/program files (x86)/atollic/truestudio for stm32 9.2.0/armtools/bin/../lib/gcc/arm-atollic-eabi/6.3.1/../../../../arm-atollic-eabi/lib/armv7e-m/fpu\libc_nano.a(lib_a-vsscanf.o)
 .ARM.attributes
                0x000005d6       0x34 c:/program files (x86)/atollic/truestudio for stm32 9.2.0/armtools/bin/../lib/gcc/arm-atollic-eabi/6.3.1/../../../../arm-atollic-eabi/lib/armv7e-m/fpu\libc_nano.a(lib_a-impure.o)
 .ARM.attributes
                0x0000060a       0x34 c:/program files (x86)/atollic/truestudio for stm32 9.2.0/armtools/bin/../lib/gcc/arm-atollic-eabi/6.3.1/../../../../arm-atollic-eabi/lib/armv7e-m/fpu\libc_nano.a(lib_a-nano-svfprintf.o)
 .ARM.attributes
                0x0000063e       0x34 c:/program files (x86)/atollic/truestudio for stm32 9.2.0/armtools/bin/../lib/gcc/arm-atollic-eabi/6.3.1/../../../../arm-atollic-eabi/lib/armv7e-m/fpu\libc_nano.a(lib_a-nano-svfscanf.o)
 .ARM.attributes
                0x00000672       0x34 c:/program files (x86)/atollic/truestudio for stm32 9.2.0/armtools/bin/../lib/gcc/arm-atollic-eabi/6.3.1/../../../../arm-atollic-eabi/lib/armv7e-m/fpu\libc_nano.a(lib_a-nano-vfprintf_i.o)
 .ARM.attributes
                0x000006a6       0x34 c:/program files (x86)/atollic/truestudio for stm32 9.2.0/armtools/bin/../lib/gcc/arm-atollic-eabi/6.3.1/../../../../arm-atollic-eabi/lib/armv7e-m/fpu\libc_nano.a(lib_a-nano-vfscanf_i.o)
 .ARM.attributes
                0x000006da       0x34 c:/program files (x86)/atollic/truestudio for stm32 9.2.0/armtools/bin/../lib/gcc/arm-atollic-eabi/6.3.1/../../../../arm-atollic-eabi/lib/armv7e-m/fpu\libc_nano.a(lib_a-sccl.o)
 .ARM.attributes
                0x0000070e       0x34 c:/program files (x86)/atollic/truestudio for stm32 9.2.0/armtools/bin/../lib/gcc/arm-atollic-eabi/6.3.1/../../../../arm-atollic-eabi/lib/armv7e-m/fpu\libc_nano.a(lib_a-stdio.o)
 .ARM.attributes
                0x00000742       0x34 c:/program files (x86)/atollic/truestudio for stm32 9.2.0/armtools/bin/../lib/gcc/arm-atollic-eabi/6.3.1/../../../../arm-atollic-eabi/lib/armv7e-m/fpu\libc_nano.a(lib_a-strtol.o)
 .ARM.attributes
                0x00000776       0x34 c:/program files (x86)/atollic/truestudio for stm32 9.2.0/armtools/bin/../lib/gcc/arm-atollic-eabi/6.3.1/../../../../arm-atollic-eabi/lib/armv7e-m/fpu\libc_nano.a(lib_a-strtoul.o)
 .ARM.attributes
                0x000007aa       0x34 c:/program files (x86)/atollic/truestudio for stm32 9.2.0/armtools/bin/../lib/gcc/arm-atollic-eabi/6.3.1/../../../../arm-atollic-eabi/lib/armv7e-m/fpu\libc_nano.a(lib_a-ungetc.o)
 .ARM.attributes
                0x000007de       0x34 c:/program files (x86)/atollic/truestudio for stm32 9.2.0/armtools/bin/../lib/gcc/arm-atollic-eabi/6.3.1/../../../../arm-atollic-eabi/lib/armv7e-m/fpu\libc_nano.a(lib_a-findfp.o)
 .ARM.attributes
                0x00000812       0x34 c:/program files (x86)/atollic/truestudio for stm32 9.2.0/armtools/bin/../lib/gcc/arm-atollic-eabi/6.3.1/../../../../arm-atollic-eabi/lib/armv7e-m/fpu\libc_nano.a(lib_a-locale.o)
 .ARM.attributes
                0x00000846       0x34 c:/program files (x86)/atollic/truestudio for stm32 9.2.0/armtools/bin/../lib/gcc/arm-atollic-eabi/6.3.1/../../../../arm-atollic-eabi/lib/armv7e-m/fpu\libc_nano.a(lib_a-mbtowc_r.o)
 .ARM.attributes
                0x0000087a       0x20 c:/program files (x86)/atollic/truestudio for stm32 9.2.0/armtools/bin/../lib/gcc/arm-atollic-eabi/6.3.1/../../../../arm-atollic-eabi/lib/armv7e-m/fpu\libc_nano.a(lib_a-memchr.o)
 .ARM.attributes
                0x0000089a       0x34 c:/program files (x86)/atollic/truestudio for stm32 9.2.0/armtools/bin/../lib/gcc/arm-atollic-eabi/6.3.1/../../../../arm-atollic-eabi/lib/armv7e-m/fpu\libc_nano.a(lib_a-memcpy-stub.o)
 .ARM.attributes
                0x000008ce       0x34 c:/program files (x86)/atollic/truestudio for stm32 9.2.0/armtools/bin/../lib/gcc/arm-atollic-eabi/6.3.1/../../../../arm-atollic-eabi/lib/armv7e-m/fpu\libc_nano.a(lib_a-memmove.o)
 .ARM.attributes
                0x00000902       0x34 c:/program files (x86)/atollic/truestudio for stm32 9.2.0/armtools/bin/../lib/gcc/arm-atollic-eabi/6.3.1/../../../../arm-atollic-eabi/lib/armv7e-m/fpu\libc_nano.a(lib_a-nano-freer.o)
 .ARM.attributes
                0x00000936       0x34 c:/program files (x86)/atollic/truestudio for stm32 9.2.0/armtools/bin/../lib/gcc/arm-atollic-eabi/6.3.1/../../../../arm-atollic-eabi/lib/armv7e-m/fpu\libc_nano.a(lib_a-nano-mallocr.o)
 .ARM.attributes
                0x0000096a       0x34 c:/program files (x86)/atollic/truestudio for stm32 9.2.0/armtools/bin/../lib/gcc/arm-atollic-eabi/6.3.1/../../../../arm-atollic-eabi/lib/armv7e-m/fpu\libc_nano.a(lib_a-nano-reallocr.o)
 .ARM.attributes
                0x0000099e       0x34 c:/program files (x86)/atollic/truestudio for stm32 9.2.0/armtools/bin/../lib/gcc/arm-atollic-eabi/6.3.1/../../../../arm-atollic-eabi/lib/armv7e-m/fpu\libc_nano.a(lib_a-reent.o)
 .ARM.attributes
                0x000009d2       0x34 c:/program files (x86)/atollic/truestudio for stm32 9.2.0/armtools/bin/../lib/gcc/arm-atollic-eabi/6.3.1/../../../../arm-atollic-eabi/lib/armv7e-m/fpu\libc_nano.a(lib_a-sbrkr.o)
 .ARM.attributes
                0x00000a06       0x34 c:/program files (x86)/atollic/truestudio for stm32 9.2.0/armtools/bin/../lib/gcc/arm-atollic-eabi/6.3.1/../../../../arm-atollic-eabi/lib/armv7e-m/fpu\libc_nano.a(lib_a-wctomb_r.o)
 .ARM.attributes
                0x00000a3a       0x34 c:/program files (x86)/atollic/truestudio for stm32 9.2.0/armtools/bin/../lib/gcc/arm-atollic-eabi/6.3.1/../../../../arm-atollic-eabi/lib/armv7e-m/fpu\libc_nano.a(lib_a-ctype_.o)
 .ARM.attributes
                0x00000a6e       0x34 c:/program files (x86)/atollic/truestudio for stm32 9.2.0/armtools/bin/../lib/gcc/arm-atollic-eabi/6.3.1/../../../../arm-atollic-eabi/lib/armv7e-m/fpu\libc_nano.a(lib_a-mlock.o)
 .ARM.attributes
                0x00000aa2       0x34 c:/program files (x86)/atollic/truestudio for stm32 9.2.0/armtools/bin/../lib/gcc/arm-atollic-eabi/6.3.1/../../../../arm-atollic-eabi/lib/armv7e-m/fpu\libc_nano.a(lib_a-nano-msizer.o)
 .ARM.attributes
                0x00000ad6       0x22 c:/program files (x86)/atollic/truestudio for stm32 9.2.0/armtools/bin/../lib/gcc/arm-atollic-eabi/6.3.1/armv7e-m/fpu\libgcc.a(_aeabi_uldivmod.o)
 .ARM.attributes
                0x00000af8       0x34 c:/program files (x86)/atollic/truestudio for stm32 9.2.0/armtools/bin/../lib/gcc/arm-atollic-eabi/6.3.1/armv7e-m/fpu\libgcc.a(_udivmoddi4.o)
 .ARM.attributes
                0x00000b2c       0x22 c:/program files (x86)/atollic/truestudio for stm32 9.2.0/armtools/bin/../lib/gcc/arm-atollic-eabi/6.3.1/armv7e-m/fpu\libgcc.a(_dvmd_tls.o)
 .ARM.attributes
                0x00000b4e       0x34 c:/program files (x86)/atollic/truestudio for stm32 9.2.0/armtools/bin/../lib/gcc/arm-atollic-eabi/6.3.1/../../../../arm-atollic-eabi/lib/armv7e-m/fpu\libnosys.a(sbrk.o)
 .ARM.attributes
                0x00000b82       0x22 c:/program files (x86)/atollic/truestudio for stm32 9.2.0/armtools/bin/../lib/gcc/arm-atollic-eabi/6.3.1/armv7e-m/fpu/crtn.o
OUTPUT(THL_Project_Basic.elf elf32-littlearm)

.debug_info     0x00000000    0x1a898
 .debug_info    0x00000000     0x121a Drivers\STM32F4xx_HAL_Driver\Src\stm32f4xx_hal.o
 .debug_info    0x0000121a     0x1764 Drivers\STM32F4xx_HAL_Driver\Src\stm32f4xx_hal_cortex.o
 .debug_info    0x0000297e     0x1268 Drivers\STM32F4xx_HAL_Driver\Src\stm32f4xx_hal_dma.o
 .debug_info    0x00003be6      0xfd1 Drivers\STM32F4xx_HAL_Driver\Src\stm32f4xx_hal_gpio.o
 .debug_info    0x00004bb7     0x101b Drivers\STM32F4xx_HAL_Driver\Src\stm32f4xx_hal_pwr_ex.o
 .debug_info    0x00005bd2     0x128b Drivers\STM32F4xx_HAL_Driver\Src\stm32f4xx_hal_rcc.o
 .debug_info    0x00006e5d     0x1400 Drivers\STM32F4xx_HAL_Driver\Src\stm32f4xx_hal_rcc_ex.o
 .debug_info    0x0000825d     0x3670 Drivers\STM32F4xx_HAL_Driver\Src\stm32f4xx_hal_tim.o
 .debug_info    0x0000b8cd     0x1b12 Drivers\STM32F4xx_HAL_Driver\Src\stm32f4xx_hal_tim_ex.o
 .debug_info    0x0000d3df     0x1f09 Drivers\STM32F4xx_HAL_Driver\Src\stm32f4xx_hal_uart.o
 .debug_info    0x0000f2e8     0x1eb7 Src\main.o
 .debug_info    0x0001119f     0x1a0d Src\stm32f4xx_hal_msp.o
 .debug_info    0x00012bac      0xed2 Src\stm32f4xx_it.o
 .debug_info    0x00013a7e      0xd50 Src\system_stm32f4xx.o
 .debug_info    0x000147ce     0x1e02 THL_Library_Basic\Examples and Testers\src\THL_UsartTesters.o
 .debug_info    0x000165d0      0x975 THL_Library_Basic\Main\src\THL_main.o
 .debug_info    0x00016f45      0xc42 THL_Library_Basic\Peripherals Drivers\src\THL_GPIO.o
 .debug_info    0x00017b87      0xa71 THL_Library_Basic\Peripherals Drivers\src\THL_SysTick.o
 .debug_info    0x000185f8     0x188c THL_Library_Basic\Peripherals Drivers\src\THL_Usart.o
 .debug_info    0x00019e84      0x984 THL_Library_Basic\Peripherals Drivers\src\THL_Utility.o
 .debug_info    0x0001a808       0x90 startup\startup_stm32f446xx.o

.debug_abbrev   0x00000000     0x31e6
 .debug_abbrev  0x00000000      0x2a8 Drivers\STM32F4xx_HAL_Driver\Src\stm32f4xx_hal.o
 .debug_abbrev  0x000002a8      0x3a8 Drivers\STM32F4xx_HAL_Driver\Src\stm32f4xx_hal_cortex.o
 .debug_abbrev  0x00000650      0x2ed Drivers\STM32F4xx_HAL_Driver\Src\stm32f4xx_hal_dma.o
 .debug_abbrev  0x0000093d      0x26a Drivers\STM32F4xx_HAL_Driver\Src\stm32f4xx_hal_gpio.o
 .debug_abbrev  0x00000ba7      0x288 Drivers\STM32F4xx_HAL_Driver\Src\stm32f4xx_hal_pwr_ex.o
 .debug_abbrev  0x00000e2f      0x2f6 Drivers\STM32F4xx_HAL_Driver\Src\stm32f4xx_hal_rcc.o
 .debug_abbrev  0x00001125      0x2ac Drivers\STM32F4xx_HAL_Driver\Src\stm32f4xx_hal_rcc_ex.o
 .debug_abbrev  0x000013d1      0x2a1 Drivers\STM32F4xx_HAL_Driver\Src\stm32f4xx_hal_tim.o
 .debug_abbrev  0x00001672      0x2a1 Drivers\STM32F4xx_HAL_Driver\Src\stm32f4xx_hal_tim_ex.o
 .debug_abbrev  0x00001913      0x307 Drivers\STM32F4xx_HAL_Driver\Src\stm32f4xx_hal_uart.o
 .debug_abbrev  0x00001c1a      0x2b3 Src\main.o
 .debug_abbrev  0x00001ecd      0x269 Src\stm32f4xx_hal_msp.o
 .debug_abbrev  0x00002136      0x1e4 Src\stm32f4xx_it.o
 .debug_abbrev  0x0000231a      0x1ca Src\system_stm32f4xx.o
 .debug_abbrev  0x000024e4      0x266 THL_Library_Basic\Examples and Testers\src\THL_UsartTesters.o
 .debug_abbrev  0x0000274a      0x1ad THL_Library_Basic\Main\src\THL_main.o
 .debug_abbrev  0x000028f7      0x237 THL_Library_Basic\Peripherals Drivers\src\THL_GPIO.o
 .debug_abbrev  0x00002b2e      0x1ee THL_Library_Basic\Peripherals Drivers\src\THL_SysTick.o
 .debug_abbrev  0x00002d1c      0x2f1 THL_Library_Basic\Peripherals Drivers\src\THL_Usart.o
 .debug_abbrev  0x0000300d      0x1c7 THL_Library_Basic\Peripherals Drivers\src\THL_Utility.o
 .debug_abbrev  0x000031d4       0x12 startup\startup_stm32f446xx.o

.debug_loc      0x00000000     0x8a08
 .debug_loc     0x00000000      0x108 Drivers\STM32F4xx_HAL_Driver\Src\stm32f4xx_hal.o
 .debug_loc     0x00000108      0x5ce Drivers\STM32F4xx_HAL_Driver\Src\stm32f4xx_hal_cortex.o
 .debug_loc     0x000006d6      0xae1 Drivers\STM32F4xx_HAL_Driver\Src\stm32f4xx_hal_dma.o
 .debug_loc     0x000011b7      0x414 Drivers\STM32F4xx_HAL_Driver\Src\stm32f4xx_hal_gpio.o
 .debug_loc     0x000015cb      0x13f Drivers\STM32F4xx_HAL_Driver\Src\stm32f4xx_hal_pwr_ex.o
 .debug_loc     0x0000170a      0x3e6 Drivers\STM32F4xx_HAL_Driver\Src\stm32f4xx_hal_rcc.o
 .debug_loc     0x00001af0      0xb83 Drivers\STM32F4xx_HAL_Driver\Src\stm32f4xx_hal_rcc_ex.o
 .debug_loc     0x00002673     0x34bc Drivers\STM32F4xx_HAL_Driver\Src\stm32f4xx_hal_tim.o
 .debug_loc     0x00005b2f      0xe78 Drivers\STM32F4xx_HAL_Driver\Src\stm32f4xx_hal_tim_ex.o
 .debug_loc     0x000069a7     0x1532 Drivers\STM32F4xx_HAL_Driver\Src\stm32f4xx_hal_uart.o
 .debug_loc     0x00007ed9      0x1b7 Src\stm32f4xx_hal_msp.o
 .debug_loc     0x00008090      0x13e Src\system_stm32f4xx.o
 .debug_loc     0x000081ce      0x1ec THL_Library_Basic\Examples and Testers\src\THL_UsartTesters.o
 .debug_loc     0x000083ba      0x142 THL_Library_Basic\Peripherals Drivers\src\THL_GPIO.o
 .debug_loc     0x000084fc       0x3c THL_Library_Basic\Peripherals Drivers\src\THL_SysTick.o
 .debug_loc     0x00008538      0x4af THL_Library_Basic\Peripherals Drivers\src\THL_Usart.o
 .debug_loc     0x000089e7       0x21 THL_Library_Basic\Peripherals Drivers\src\THL_Utility.o

.debug_aranges  0x00000000      0xda8
 .debug_aranges
                0x00000000       0xe0 Drivers\STM32F4xx_HAL_Driver\Src\stm32f4xx_hal.o
 .debug_aranges
                0x000000e0       0xa8 Drivers\STM32F4xx_HAL_Driver\Src\stm32f4xx_hal_cortex.o
 .debug_aranges
                0x00000188       0x90 Drivers\STM32F4xx_HAL_Driver\Src\stm32f4xx_hal_dma.o
 .debug_aranges
                0x00000218       0x58 Drivers\STM32F4xx_HAL_Driver\Src\stm32f4xx_hal_gpio.o
 .debug_aranges
                0x00000270       0x60 Drivers\STM32F4xx_HAL_Driver\Src\stm32f4xx_hal_pwr_ex.o
 .debug_aranges
                0x000002d0       0x88 Drivers\STM32F4xx_HAL_Driver\Src\stm32f4xx_hal_rcc.o
 .debug_aranges
                0x00000358       0x78 Drivers\STM32F4xx_HAL_Driver\Src\stm32f4xx_hal_rcc_ex.o
 .debug_aranges
                0x000003d0      0x368 Drivers\STM32F4xx_HAL_Driver\Src\stm32f4xx_hal_tim.o
 .debug_aranges
                0x00000738      0x140 Drivers\STM32F4xx_HAL_Driver\Src\stm32f4xx_hal_tim_ex.o
 .debug_aranges
                0x00000878      0x1d0 Drivers\STM32F4xx_HAL_Driver\Src\stm32f4xx_hal_uart.o
 .debug_aranges
                0x00000a48       0x60 Src\main.o
 .debug_aranges
                0x00000aa8       0x58 Src\stm32f4xx_hal_msp.o
 .debug_aranges
                0x00000b00       0x78 Src\stm32f4xx_it.o
 .debug_aranges
                0x00000b78       0x28 Src\system_stm32f4xx.o
 .debug_aranges
                0x00000ba0       0x40 THL_Library_Basic\Examples and Testers\src\THL_UsartTesters.o
 .debug_aranges
                0x00000be0       0x20 THL_Library_Basic\Main\src\THL_main.o
 .debug_aranges
                0x00000c00       0x50 THL_Library_Basic\Peripherals Drivers\src\THL_GPIO.o
 .debug_aranges
                0x00000c50       0x38 THL_Library_Basic\Peripherals Drivers\src\THL_SysTick.o
 .debug_aranges
                0x00000c88       0xd0 THL_Library_Basic\Peripherals Drivers\src\THL_Usart.o
 .debug_aranges
                0x00000d58       0x28 THL_Library_Basic\Peripherals Drivers\src\THL_Utility.o
 .debug_aranges
                0x00000d80       0x28 startup\startup_stm32f446xx.o

.debug_ranges   0x00000000      0xcf0
 .debug_ranges  0x00000000       0xd0 Drivers\STM32F4xx_HAL_Driver\Src\stm32f4xx_hal.o
 .debug_ranges  0x000000d0       0xf8 Drivers\STM32F4xx_HAL_Driver\Src\stm32f4xx_hal_cortex.o
 .debug_ranges  0x000001c8       0x80 Drivers\STM32F4xx_HAL_Driver\Src\stm32f4xx_hal_dma.o
 .debug_ranges  0x00000248       0x48 Drivers\STM32F4xx_HAL_Driver\Src\stm32f4xx_hal_gpio.o
 .debug_ranges  0x00000290       0x50 Drivers\STM32F4xx_HAL_Driver\Src\stm32f4xx_hal_pwr_ex.o
 .debug_ranges  0x000002e0       0x90 Drivers\STM32F4xx_HAL_Driver\Src\stm32f4xx_hal_rcc.o
 .debug_ranges  0x00000370       0x80 Drivers\STM32F4xx_HAL_Driver\Src\stm32f4xx_hal_rcc_ex.o
 .debug_ranges  0x000003f0      0x358 Drivers\STM32F4xx_HAL_Driver\Src\stm32f4xx_hal_tim.o
 .debug_ranges  0x00000748      0x130 Drivers\STM32F4xx_HAL_Driver\Src\stm32f4xx_hal_tim_ex.o
 .debug_ranges  0x00000878      0x1c0 Drivers\STM32F4xx_HAL_Driver\Src\stm32f4xx_hal_uart.o
 .debug_ranges  0x00000a38       0x50 Src\main.o
 .debug_ranges  0x00000a88       0x48 Src\stm32f4xx_hal_msp.o
 .debug_ranges  0x00000ad0       0x68 Src\stm32f4xx_it.o
 .debug_ranges  0x00000b38       0x18 Src\system_stm32f4xx.o
 .debug_ranges  0x00000b50       0x30 THL_Library_Basic\Examples and Testers\src\THL_UsartTesters.o
 .debug_ranges  0x00000b80       0x10 THL_Library_Basic\Main\src\THL_main.o
 .debug_ranges  0x00000b90       0x40 THL_Library_Basic\Peripherals Drivers\src\THL_GPIO.o
 .debug_ranges  0x00000bd0       0x28 THL_Library_Basic\Peripherals Drivers\src\THL_SysTick.o
 .debug_ranges  0x00000bf8       0xc0 THL_Library_Basic\Peripherals Drivers\src\THL_Usart.o
 .debug_ranges  0x00000cb8       0x18 THL_Library_Basic\Peripherals Drivers\src\THL_Utility.o
 .debug_ranges  0x00000cd0       0x20 startup\startup_stm32f446xx.o

.debug_line     0x00000000     0x7269
 .debug_line    0x00000000      0x49b Drivers\STM32F4xx_HAL_Driver\Src\stm32f4xx_hal.o
 .debug_line    0x0000049b      0x4bc Drivers\STM32F4xx_HAL_Driver\Src\stm32f4xx_hal_cortex.o
 .debug_line    0x00000957      0x5dd Drivers\STM32F4xx_HAL_Driver\Src\stm32f4xx_hal_dma.o
 .debug_line    0x00000f34      0x42c Drivers\STM32F4xx_HAL_Driver\Src\stm32f4xx_hal_gpio.o
 .debug_line    0x00001360      0x3b4 Drivers\STM32F4xx_HAL_Driver\Src\stm32f4xx_hal_pwr_ex.o
 .debug_line    0x00001714      0x556 Drivers\STM32F4xx_HAL_Driver\Src\stm32f4xx_hal_rcc.o
 .debug_line    0x00001c6a      0x710 Drivers\STM32F4xx_HAL_Driver\Src\stm32f4xx_hal_rcc_ex.o
 .debug_line    0x0000237a     0x1407 Drivers\STM32F4xx_HAL_Driver\Src\stm32f4xx_hal_tim.o
 .debug_line    0x00003781      0x892 Drivers\STM32F4xx_HAL_Driver\Src\stm32f4xx_hal_tim_ex.o
 .debug_line    0x00004013      0xbf1 Drivers\STM32F4xx_HAL_Driver\Src\stm32f4xx_hal_uart.o
 .debug_line    0x00004c04      0x4e4 Src\main.o
 .debug_line    0x000050e8      0x3ff Src\stm32f4xx_hal_msp.o
 .debug_line    0x000054e7      0x36f Src\stm32f4xx_it.o
 .debug_line    0x00005856      0x274 Src\system_stm32f4xx.o
 .debug_line    0x00005aca      0x4d5 THL_Library_Basic\Examples and Testers\src\THL_UsartTesters.o
 .debug_line    0x00005f9f      0x342 THL_Library_Basic\Main\src\THL_main.o
 .debug_line    0x000062e1      0x392 THL_Library_Basic\Peripherals Drivers\src\THL_GPIO.o
 .debug_line    0x00006673      0x2dd THL_Library_Basic\Peripherals Drivers\src\THL_SysTick.o
 .debug_line    0x00006950      0x63d THL_Library_Basic\Peripherals Drivers\src\THL_Usart.o
 .debug_line    0x00006f8d      0x25d THL_Library_Basic\Peripherals Drivers\src\THL_Utility.o
 .debug_line    0x000071ea       0x7f startup\startup_stm32f446xx.o

.debug_str      0x00000000     0x42bd
 .debug_str     0x00000000      0xf78 Drivers\STM32F4xx_HAL_Driver\Src\stm32f4xx_hal.o
                               0x1038 (size before relaxing)
 .debug_str     0x00000f78      0x3ca Drivers\STM32F4xx_HAL_Driver\Src\stm32f4xx_hal_cortex.o
                               0x10ea (size before relaxing)
 .debug_str     0x00001342      0x52c Drivers\STM32F4xx_HAL_Driver\Src\stm32f4xx_hal_dma.o
                                0xc05 (size before relaxing)
 .debug_str     0x0000186e      0x1de Drivers\STM32F4xx_HAL_Driver\Src\stm32f4xx_hal_gpio.o
                                0x9a4 (size before relaxing)
 .debug_str     0x00001a4c      0x170 Drivers\STM32F4xx_HAL_Driver\Src\stm32f4xx_hal_pwr_ex.o
                                0x99b (size before relaxing)
 .debug_str     0x00001bbc      0x2e2 Drivers\STM32F4xx_HAL_Driver\Src\stm32f4xx_hal_rcc.o
                                0xb7c (size before relaxing)
 .debug_str     0x00001e9e      0x33f Drivers\STM32F4xx_HAL_Driver\Src\stm32f4xx_hal_rcc_ex.o
                                0xc7f (size before relaxing)
 .debug_str     0x000021dd      0xef0 Drivers\STM32F4xx_HAL_Driver\Src\stm32f4xx_hal_tim.o
                               0x1844 (size before relaxing)
 .debug_str     0x000030cd      0x50d Drivers\STM32F4xx_HAL_Driver\Src\stm32f4xx_hal_tim_ex.o
                               0x1104 (size before relaxing)
 .debug_str     0x000035da      0x6d6 Drivers\STM32F4xx_HAL_Driver\Src\stm32f4xx_hal_uart.o
                               0x1081 (size before relaxing)
 .debug_str     0x00003cb0       0xf2 Src\main.o
                               0x185d (size before relaxing)
 .debug_str     0x00003da2       0x31 Src\stm32f4xx_hal_msp.o
                               0x1479 (size before relaxing)
 .debug_str     0x00003dd3       0xe8 Src\stm32f4xx_it.o
                                0xb78 (size before relaxing)
 .debug_str     0x00003ebb       0x45 Src\system_stm32f4xx.o
                                0x808 (size before relaxing)
 .debug_str     0x00003f00      0x1cf THL_Library_Basic\Examples and Testers\src\THL_UsartTesters.o
                                0xc78 (size before relaxing)
 .debug_str     0x000040cf       0x29 THL_Library_Basic\Main\src\THL_main.o
                                0x67f (size before relaxing)
 .debug_str     0x000040f8       0x62 THL_Library_Basic\Peripherals Drivers\src\THL_GPIO.o
                                0x768 (size before relaxing)
 .debug_str     0x0000415a       0x59 THL_Library_Basic\Peripherals Drivers\src\THL_SysTick.o
                                0x6de (size before relaxing)
 .debug_str     0x000041b3       0xcf THL_Library_Basic\Peripherals Drivers\src\THL_Usart.o
                                0xd12 (size before relaxing)
 .debug_str     0x00004282       0x3b THL_Library_Basic\Peripherals Drivers\src\THL_Utility.o
                                0x699 (size before relaxing)

.comment        0x00000000       0x7c
 .comment       0x00000000       0x7c Drivers\STM32F4xx_HAL_Driver\Src\stm32f4xx_hal.o
                                 0x7d (size before relaxing)
 .comment       0x0000007c       0x7d Drivers\STM32F4xx_HAL_Driver\Src\stm32f4xx_hal_cortex.o
 .comment       0x0000007c       0x7d Drivers\STM32F4xx_HAL_Driver\Src\stm32f4xx_hal_dma.o
 .comment       0x0000007c       0x7d Drivers\STM32F4xx_HAL_Driver\Src\stm32f4xx_hal_gpio.o
 .comment       0x0000007c       0x7d Drivers\STM32F4xx_HAL_Driver\Src\stm32f4xx_hal_pwr_ex.o
 .comment       0x0000007c       0x7d Drivers\STM32F4xx_HAL_Driver\Src\stm32f4xx_hal_rcc.o
 .comment       0x0000007c       0x7d Drivers\STM32F4xx_HAL_Driver\Src\stm32f4xx_hal_rcc_ex.o
 .comment       0x0000007c       0x7d Drivers\STM32F4xx_HAL_Driver\Src\stm32f4xx_hal_tim.o
 .comment       0x0000007c       0x7d Drivers\STM32F4xx_HAL_Driver\Src\stm32f4xx_hal_tim_ex.o
 .comment       0x0000007c       0x7d Drivers\STM32F4xx_HAL_Driver\Src\stm32f4xx_hal_uart.o
 .comment       0x0000007c       0x7d Src\main.o
 .comment       0x0000007c       0x7d Src\stm32f4xx_hal_msp.o
 .comment       0x0000007c       0x7d Src\stm32f4xx_it.o
 .comment       0x0000007c       0x7d Src\system_stm32f4xx.o
 .comment       0x0000007c       0x7d THL_Library_Basic\Examples and Testers\src\THL_UsartTesters.o
 .comment       0x0000007c       0x7d THL_Library_Basic\Main\src\THL_main.o
 .comment       0x0000007c       0x7d THL_Library_Basic\Peripherals Drivers\src\THL_GPIO.o
 .comment       0x0000007c       0x7d THL_Library_Basic\Peripherals Drivers\src\THL_SysTick.o
 .comment       0x0000007c       0x7d THL_Library_Basic\Peripherals Drivers\src\THL_Usart.o
 .comment       0x0000007c       0x7d THL_Library_Basic\Peripherals Drivers\src\THL_Utility.o

.debug_frame    0x00000000     0x2d20
 .debug_frame   0x00000000      0x1cc Drivers\STM32F4xx_HAL_Driver\Src\stm32f4xx_hal.o
 .debug_frame   0x000001cc      0x15c Drivers\STM32F4xx_HAL_Driver\Src\stm32f4xx_hal_cortex.o
 .debug_frame   0x00000328      0x17c Drivers\STM32F4xx_HAL_Driver\Src\stm32f4xx_hal_dma.o
 .debug_frame   0x000004a4       0xd0 Drivers\STM32F4xx_HAL_Driver\Src\stm32f4xx_hal_gpio.o
 .debug_frame   0x00000574       0xec Drivers\STM32F4xx_HAL_Driver\Src\stm32f4xx_hal_pwr_ex.o
 .debug_frame   0x00000660      0x174 Drivers\STM32F4xx_HAL_Driver\Src\stm32f4xx_hal_rcc.o
 .debug_frame   0x000007d4      0x144 Drivers\STM32F4xx_HAL_Driver\Src\stm32f4xx_hal_rcc_ex.o
 .debug_frame   0x00000918      0x9e0 Drivers\STM32F4xx_HAL_Driver\Src\stm32f4xx_hal_tim.o
 .debug_frame   0x000012f8      0x384 Drivers\STM32F4xx_HAL_Driver\Src\stm32f4xx_hal_tim_ex.o
 .debug_frame   0x0000167c      0x4e8 Drivers\STM32F4xx_HAL_Driver\Src\stm32f4xx_hal_uart.o
 .debug_frame   0x00001b64      0x110 Src\main.o
 .debug_frame   0x00001c74       0xfc Src\stm32f4xx_hal_msp.o
 .debug_frame   0x00001d70       0xf0 Src\stm32f4xx_it.o
 .debug_frame   0x00001e60       0x30 Src\system_stm32f4xx.o
 .debug_frame   0x00001e90       0xac THL_Library_Basic\Examples and Testers\src\THL_UsartTesters.o
 .debug_frame   0x00001f3c       0x28 THL_Library_Basic\Main\src\THL_main.o
 .debug_frame   0x00001f64       0xb4 THL_Library_Basic\Peripherals Drivers\src\THL_GPIO.o
 .debug_frame   0x00002018       0x7c THL_Library_Basic\Peripherals Drivers\src\THL_SysTick.o
 .debug_frame   0x00002094      0x350 THL_Library_Basic\Peripherals Drivers\src\THL_Usart.o
 .debug_frame   0x000023e4       0x38 THL_Library_Basic\Peripherals Drivers\src\THL_Utility.o
 .debug_frame   0x0000241c       0x2c c:/program files (x86)/atollic/truestudio for stm32 9.2.0/armtools/bin/../lib/gcc/arm-atollic-eabi/6.3.1/../../../../arm-atollic-eabi/lib/armv7e-m/fpu\libc_nano.a(lib_a-init.o)
 .debug_frame   0x00002448       0x20 c:/program files (x86)/atollic/truestudio for stm32 9.2.0/armtools/bin/../lib/gcc/arm-atollic-eabi/6.3.1/../../../../arm-atollic-eabi/lib/armv7e-m/fpu\libc_nano.a(lib_a-memset.o)
 .debug_frame   0x00002468       0x40 c:/program files (x86)/atollic/truestudio for stm32 9.2.0/armtools/bin/../lib/gcc/arm-atollic-eabi/6.3.1/../../../../arm-atollic-eabi/lib/armv7e-m/fpu\libc_nano.a(lib_a-vsprintf.o)
 .debug_frame   0x000024a8       0x44 c:/program files (x86)/atollic/truestudio for stm32 9.2.0/armtools/bin/../lib/gcc/arm-atollic-eabi/6.3.1/../../../../arm-atollic-eabi/lib/armv7e-m/fpu\libc_nano.a(lib_a-vsscanf.o)
 .debug_frame   0x000024ec       0x90 c:/program files (x86)/atollic/truestudio for stm32 9.2.0/armtools/bin/../lib/gcc/arm-atollic-eabi/6.3.1/../../../../arm-atollic-eabi/lib/armv7e-m/fpu\libc_nano.a(lib_a-nano-svfprintf.o)
 .debug_frame   0x0000257c       0x78 c:/program files (x86)/atollic/truestudio for stm32 9.2.0/armtools/bin/../lib/gcc/arm-atollic-eabi/6.3.1/../../../../arm-atollic-eabi/lib/armv7e-m/fpu\libc_nano.a(lib_a-nano-svfscanf.o)
 .debug_frame   0x000025f4       0x60 c:/program files (x86)/atollic/truestudio for stm32 9.2.0/armtools/bin/../lib/gcc/arm-atollic-eabi/6.3.1/../../../../arm-atollic-eabi/lib/armv7e-m/fpu\libc_nano.a(lib_a-nano-vfprintf_i.o)
 .debug_frame   0x00002654       0x60 c:/program files (x86)/atollic/truestudio for stm32 9.2.0/armtools/bin/../lib/gcc/arm-atollic-eabi/6.3.1/../../../../arm-atollic-eabi/lib/armv7e-m/fpu\libc_nano.a(lib_a-nano-vfscanf_i.o)
 .debug_frame   0x000026b4       0x2c c:/program files (x86)/atollic/truestudio for stm32 9.2.0/armtools/bin/../lib/gcc/arm-atollic-eabi/6.3.1/../../../../arm-atollic-eabi/lib/armv7e-m/fpu\libc_nano.a(lib_a-sccl.o)
 .debug_frame   0x000026e0       0x88 c:/program files (x86)/atollic/truestudio for stm32 9.2.0/armtools/bin/../lib/gcc/arm-atollic-eabi/6.3.1/../../../../arm-atollic-eabi/lib/armv7e-m/fpu\libc_nano.a(lib_a-stdio.o)
 .debug_frame   0x00002768       0x88 c:/program files (x86)/atollic/truestudio for stm32 9.2.0/armtools/bin/../lib/gcc/arm-atollic-eabi/6.3.1/../../../../arm-atollic-eabi/lib/armv7e-m/fpu\libc_nano.a(lib_a-strtol.o)
 .debug_frame   0x000027f0       0x84 c:/program files (x86)/atollic/truestudio for stm32 9.2.0/armtools/bin/../lib/gcc/arm-atollic-eabi/6.3.1/../../../../arm-atollic-eabi/lib/armv7e-m/fpu\libc_nano.a(lib_a-strtoul.o)
 .debug_frame   0x00002874       0x5c c:/program files (x86)/atollic/truestudio for stm32 9.2.0/armtools/bin/../lib/gcc/arm-atollic-eabi/6.3.1/../../../../arm-atollic-eabi/lib/armv7e-m/fpu\libc_nano.a(lib_a-ungetc.o)
 .debug_frame   0x000028d0      0x11c c:/program files (x86)/atollic/truestudio for stm32 9.2.0/armtools/bin/../lib/gcc/arm-atollic-eabi/6.3.1/../../../../arm-atollic-eabi/lib/armv7e-m/fpu\libc_nano.a(lib_a-findfp.o)
 .debug_frame   0x000029ec       0x68 c:/program files (x86)/atollic/truestudio for stm32 9.2.0/armtools/bin/../lib/gcc/arm-atollic-eabi/6.3.1/../../../../arm-atollic-eabi/lib/armv7e-m/fpu\libc_nano.a(lib_a-locale.o)
 .debug_frame   0x00002a54       0x48 c:/program files (x86)/atollic/truestudio for stm32 9.2.0/armtools/bin/../lib/gcc/arm-atollic-eabi/6.3.1/../../../../arm-atollic-eabi/lib/armv7e-m/fpu\libc_nano.a(lib_a-mbtowc_r.o)
 .debug_frame   0x00002a9c       0x28 c:/program files (x86)/atollic/truestudio for stm32 9.2.0/armtools/bin/../lib/gcc/arm-atollic-eabi/6.3.1/../../../../arm-atollic-eabi/lib/armv7e-m/fpu\libc_nano.a(lib_a-memcpy-stub.o)
 .debug_frame   0x00002ac4       0x28 c:/program files (x86)/atollic/truestudio for stm32 9.2.0/armtools/bin/../lib/gcc/arm-atollic-eabi/6.3.1/../../../../arm-atollic-eabi/lib/armv7e-m/fpu\libc_nano.a(lib_a-memmove.o)
 .debug_frame   0x00002aec       0x38 c:/program files (x86)/atollic/truestudio for stm32 9.2.0/armtools/bin/../lib/gcc/arm-atollic-eabi/6.3.1/../../../../arm-atollic-eabi/lib/armv7e-m/fpu\libc_nano.a(lib_a-nano-freer.o)
 .debug_frame   0x00002b24       0x2c c:/program files (x86)/atollic/truestudio for stm32 9.2.0/armtools/bin/../lib/gcc/arm-atollic-eabi/6.3.1/../../../../arm-atollic-eabi/lib/armv7e-m/fpu\libc_nano.a(lib_a-nano-mallocr.o)
 .debug_frame   0x00002b50       0x3c c:/program files (x86)/atollic/truestudio for stm32 9.2.0/armtools/bin/../lib/gcc/arm-atollic-eabi/6.3.1/../../../../arm-atollic-eabi/lib/armv7e-m/fpu\libc_nano.a(lib_a-nano-reallocr.o)
 .debug_frame   0x00002b8c       0x5c c:/program files (x86)/atollic/truestudio for stm32 9.2.0/armtools/bin/../lib/gcc/arm-atollic-eabi/6.3.1/../../../../arm-atollic-eabi/lib/armv7e-m/fpu\libc_nano.a(lib_a-reent.o)
 .debug_frame   0x00002be8       0x2c c:/program files (x86)/atollic/truestudio for stm32 9.2.0/armtools/bin/../lib/gcc/arm-atollic-eabi/6.3.1/../../../../arm-atollic-eabi/lib/armv7e-m/fpu\libc_nano.a(lib_a-sbrkr.o)
 .debug_frame   0x00002c14       0x3c c:/program files (x86)/atollic/truestudio for stm32 9.2.0/armtools/bin/../lib/gcc/arm-atollic-eabi/6.3.1/../../../../arm-atollic-eabi/lib/armv7e-m/fpu\libc_nano.a(lib_a-wctomb_r.o)
 .debug_frame   0x00002c50       0x30 c:/program files (x86)/atollic/truestudio for stm32 9.2.0/armtools/bin/../lib/gcc/arm-atollic-eabi/6.3.1/../../../../arm-atollic-eabi/lib/armv7e-m/fpu\libc_nano.a(lib_a-mlock.o)
 .debug_frame   0x00002c80       0x20 c:/program files (x86)/atollic/truestudio for stm32 9.2.0/armtools/bin/../lib/gcc/arm-atollic-eabi/6.3.1/../../../../arm-atollic-eabi/lib/armv7e-m/fpu\libc_nano.a(lib_a-nano-msizer.o)
 .debug_frame   0x00002ca0       0x2c c:/program files (x86)/atollic/truestudio for stm32 9.2.0/armtools/bin/../lib/gcc/arm-atollic-eabi/6.3.1/armv7e-m/fpu\libgcc.a(_aeabi_uldivmod.o)
 .debug_frame   0x00002ccc       0x34 c:/program files (x86)/atollic/truestudio for stm32 9.2.0/armtools/bin/../lib/gcc/arm-atollic-eabi/6.3.1/armv7e-m/fpu\libgcc.a(_udivmoddi4.o)
 .debug_frame   0x00002d00       0x20 c:/program files (x86)/atollic/truestudio for stm32 9.2.0/armtools/bin/../lib/gcc/arm-atollic-eabi/6.3.1/../../../../arm-atollic-eabi/lib/armv7e-m/fpu\libnosys.a(sbrk.o)

.stabstr        0x00000000       0xdf
 .stabstr       0x00000000       0xdf c:/program files (x86)/atollic/truestudio for stm32 9.2.0/armtools/bin/../lib/gcc/arm-atollic-eabi/6.3.1/../../../../arm-atollic-eabi/lib/armv7e-m/fpu\libnosys.a(close.o)
