MPU9150_I2C_Tester.c:512:19:MPU_WriteLen	24	static
MPU9150_I2C_Tester.c:490:19:MPU_WriteByte	16	static
MPU9150_I2C_Tester.c:548:19:MPU_ReadLen	24	static
MPU9150_I2C_Tester.c:343:19:MPU_GetGyroscopeRaw	24	static
MPU9150_I2C_Tester.c:290:19:MPU_GetGyroscope	24	static
MPU9150_I2C_Tester.c:368:19:MPU_GetAccelerationsRaw	24	static
MPU9150_I2C_Tester.c:316:19:MPU_GetAccelerations	24	static
MPU9150_I2C_Tester.c:422:6:MPU_SampleAndSerialize	8	static
MPU9150_I2C_Tester.c:388:19:MPU_GetTemperature	24	static
MPU9150_I2C_Tester.c:439:19:MPU_Surprise	16	static
MPU9150_I2C_Tester.c:500:19:MPU_ReadByte	8	static
MPU9150_I2C_Tester.c:467:19:MPU_WriteBits	32	static
MPU9150_I2C_Tester.c:256:19:MPU_SetAccelFSRange	8	static
MPU9150_I2C_Tester.c:271:19:MPU_SetGyroFSRange	8	static
MPU9150_I2C_Tester.c:233:19:MPU_Init	8	static
MPU9150_I2C_Tester.c:583:6:testI2cMaster	96	static
MPU9150_I2C_Tester.c:606:6:IT_CallBack_UsartTC	8	static
