THL_SPI.c:23:6:newSPI	4	static
THL_SPI.c:37:6:newSPI_CS	16	static
THL_SPI.c:62:7:spiReadWrite	32	static
THL_SPI.c:88:6:spiWriteReg	8	static
THL_SPI.c:95:10:spiReadReg	8	static
THL_SPI.c:107:7:spiReadWrite_IT	24	static
THL_SPI.c:129:6:spiWriteReg_IT	8	static
THL_SPI.c:136:10:spiReadReg_IT	8	static
THL_SPI.c:148:7:spiReadWrite_DMA	24	static
THL_SPI.c:170:6:spiWriteReg_DMA	8	static
THL_SPI.c:177:10:spiReadReg_DMA	8	static
THL_SPI.c:203:13:IT_CallBack_SpiTRC	0	static
THL_SPI.c:189:6:HAL_SPI_TxRxCpltCallback	16	static
