THL_Timer.c:29:6:newTIM	4	static
THL_Timer.c:41:6:timSetARR	0	static
THL_Timer.c:46:10:timGetARR	0	static
THL_Timer.c:51:6:timSetCCR	0	static
THL_Timer.c:56:10:timGetCCR	0	static
THL_Timer.c:61:6:timSetCNT	0	static
THL_Timer.c:66:10:timGetCNT	0	static
THL_Timer.c:71:6:timSetPrescaler	0	static
THL_Timer.c:76:10:timGetPrescaler	0	static
THL_Timer.c:80:9:tim_channel_index	0	static
THL_Timer.c:98:6:timSetFrequency	16	static
THL_Timer.c:91:6:initTIM_BasicCounting	16	static
THL_Timer.c:112:6:timCountBegin	8	static
THL_Timer.c:115:6:timCountEnd	8	static
THL_Timer.c:120:6:timCountBegin_IT	8	static
THL_Timer.c:123:6:timCountEnd_IT	8	static
THL_Timer.c:126:10:timGetCount	8	static
THL_Timer.c:140:13:timPE_IT_CallBack	0	static
THL_Timer.c:144:13:timSysT_IT_CallBack	0	static
THL_Timer.c:131:6:HAL_TIM_PeriodElapsedCallback	16	static
THL_Timer.c:203:6:timSetPwmFrequency	40	static
THL_Timer.c:197:6:initTIM_PWM_Out	8	static
THL_Timer.c:231:6:timPwmGenEnd	8	static
THL_Timer.c:235:6:timSetPwmDutyCycle	8	static
THL_Timer.c:226:6:timPwmGenBegin	16	static
THL_Timer.c:240:6:timPwmWrite	24	static
THL_Timer.c:299:9:timGetPulseWidth	8	static
THL_Timer.c:303:8:timPwmRead	16	static
THL_Timer.c:362:10:initTIM_IC	16	static
THL_Timer.c:262:6:initTIM_PWM_In	24	static
THL_Timer.c:370:6:timSetIC_Polarity	24	static
THL_Timer.c:374:6:timIcBegin_IT	8	static
THL_Timer.c:283:6:timPwmIcBegin	16	static
THL_Timer.c:377:6:timIcEnd_IT	8	static
THL_Timer.c:294:6:timPwmIcEnd	8	static
THL_Timer.c:382:10:timGetCapVal	8	static
THL_Timer.c:307:13:timPWM_IN_IT_CallBack	24	static
THL_Timer.c:401:13:timIC_IT_CallBack	0	static
THL_Timer.c:387:6:HAL_TIM_IC_CaptureCallback	16	static
