THL_Timer.c:469:13:timEnc_OverFlow_IT_CallBack	0	static
THL_Timer.c:34:6:newTIM	4	static
THL_Timer.c:49:6:timSetARR	16	static
THL_Timer.c:64:10:timGetARR	0	static
THL_Timer.c:69:6:timSetCCR	0	static
THL_Timer.c:74:10:timGetCCR	0	static
THL_Timer.c:79:6:timSetCNT	0	static
THL_Timer.c:84:10:timGetCNT	0	static
THL_Timer.c:89:6:timSetPrescaler	0	static
THL_Timer.c:94:10:timGetPrescaler	0	static
THL_Timer.c:98:9:tim_channel_index	0	static
THL_Timer.c:116:6:timSetFrequency	16	static
THL_Timer.c:109:6:initTIM_BasicCounting	16	static
THL_Timer.c:130:6:timCountBegin	8	static
THL_Timer.c:133:6:timCountEnd	8	static
THL_Timer.c:138:6:timCountBegin_IT	8	static
THL_Timer.c:141:6:timCountEnd_IT	8	static
THL_Timer.c:144:10:timGetCount	8	static
THL_Timer.c:159:13:timPE_IT_CallBack	0	static
THL_Timer.c:163:13:timSysT_IT_CallBack	0	static
THL_Timer.c:149:6:HAL_TIM_PeriodElapsedCallback	16	static
THL_Timer.c:222:6:timSetPwmFrequency	40	static
THL_Timer.c:216:6:initTIM_PWM_Out	8	static
THL_Timer.c:250:6:timPwmGenEnd	8	static
THL_Timer.c:254:6:timSetPwmDutyCycle	8	static
THL_Timer.c:245:6:timPwmGenBegin	16	static
THL_Timer.c:259:6:timPwmWrite	24	static
THL_Timer.c:319:9:timGetPulseWidth	8	static
THL_Timer.c:323:8:timPwmRead	16	static
THL_Timer.c:382:10:initTIM_IC	16	static
THL_Timer.c:281:6:initTIM_PWM_In	24	static
THL_Timer.c:391:6:timSetIC_Polarity	24	static
THL_Timer.c:395:6:timIcBegin_IT	8	static
THL_Timer.c:303:6:timPwmIcBegin	16	static
THL_Timer.c:398:6:timIcEnd_IT	8	static
THL_Timer.c:314:6:timPwmIcEnd	8	static
THL_Timer.c:403:10:timGetCapVal	8	static
THL_Timer.c:327:13:timPWM_IN_IT_CallBack	24	static
THL_Timer.c:422:13:timIC_IT_CallBack	0	static
THL_Timer.c:408:6:HAL_TIM_IC_CaptureCallback	16	static
THL_Timer.c:431:6:initTIM_Enc	8	static
THL_Timer.c:450:6:timEncEnd	8	static
THL_Timer.c:453:6:timEncEnd_IT	8	static
THL_Timer.c:457:6:timResetEnc	8	static
THL_Timer.c:439:6:timEncBegin	8	static
THL_Timer.c:445:6:timEncBegin_IT	8	static
THL_Timer.c:462:9:timGetEncCNT	0	static
