THL_Timer.c:29:6:newTIM	4	static
THL_Timer.c:41:6:timSetARR	0	static
THL_Timer.c:46:10:timGetARR	0	static
THL_Timer.c:51:6:timSetCCR	0	static
THL_Timer.c:56:10:timGetCCR	0	static
THL_Timer.c:61:6:timSetCNT	0	static
THL_Timer.c:66:10:timGetCNT	0	static
THL_Timer.c:71:6:timSetPrescaler	0	static
THL_Timer.c:76:10:timGetPrescaler	0	static
THL_Timer.c:90:10:timSetFrequency	16	static
THL_Timer.c:83:10:initTIM_BasicCounting	16	static
THL_Timer.c:104:6:timCountBegin	8	static
THL_Timer.c:107:6:timCountEnd	8	static
THL_Timer.c:112:6:timCountBegin_IT	8	static
THL_Timer.c:115:6:timCountEnd_IT	8	static
THL_Timer.c:118:10:timGetCount	8	static
THL_Timer.c:132:13:timPE_IT_CallBack	0	static
THL_Timer.c:136:13:timSysT_IT_CallBack	0	static
THL_Timer.c:123:6:HAL_TIM_PeriodElapsedCallback	16	static
THL_Timer.c:187:10:timSetPwmFrequency	40	static
THL_Timer.c:181:10:initTIM_PWM	8	static
THL_Timer.c:215:6:timPwmGenEnd	8	static
THL_Timer.c:219:6:timSetPwmDutyCycle	8	static
THL_Timer.c:210:6:timPwmGenBegin	16	static
THL_Timer.c:224:6:timPwmWrite	24	static
THL_Timer.c:231:10:initTIM_IC	16	static
THL_Timer.c:237:6:timSetIC_Polarity	4	static
THL_Timer.c:241:6:timIcBegin_IT	8	static
THL_Timer.c:244:6:timIcEnd_IT	8	static
THL_Timer.c:249:10:timGetCapVal	8	static
THL_Timer.c:263:13:timIC_IT_CallBack	0	static
THL_Timer.c:254:6:HAL_TIM_IC_CaptureCallback	16	static
