THL_Timer.c:29:6:newTIM	4	static
THL_Timer.c:41:6:timSetARR	0	static
THL_Timer.c:46:10:timGetARR	0	static
THL_Timer.c:51:6:timSetCCR	0	static
THL_Timer.c:56:10:timGetCCR	0	static
THL_Timer.c:61:6:timSetCNT	0	static
THL_Timer.c:66:10:timGetCNT	0	static
THL_Timer.c:71:6:timSetPrescaler	0	static
THL_Timer.c:76:10:timGetPrescaler	0	static
THL_Timer.c:90:10:timSetFrequency	16	static
THL_Timer.c:83:10:initTIM_BasicCounting	16	static
THL_Timer.c:104:6:timCountBegin	8	static
THL_Timer.c:107:6:timCountEnd	8	static
THL_Timer.c:110:6:timCountBegin_IT	8	static
THL_Timer.c:113:6:timCountEnd_IT	8	static
THL_Timer.c:116:10:timGetCount	8	static
THL_Timer.c:167:10:timSetPwmFrequency	32	static
THL_Timer.c:161:10:initTIM_PWM	8	static
THL_Timer.c:194:6:timPwmGenEnd	8	static
THL_Timer.c:198:6:timSetPwmDutyCircle	8	static
THL_Timer.c:189:6:timPwmGenBegin	16	static
THL_Timer.c:203:6:timPwmWrite	24	static
