THL_Usart.c:26:8:newUSART	4	static
THL_Usart.c:44:8:newMainUSART	8	static
THL_Usart.c:52:6:usartSend	16	static
THL_Usart.c:70:6:usartSend_DMA	16	static
THL_Usart.c:97:13:IT_CallBack_UsartTC	0	static
THL_Usart.c:84:6:HAL_UART_TxCpltCallback	16	static
THL_Usart.c:101:6:print	20	static
THL_Usart.c:105:6:printf_u	16	static
THL_Usart.c:111:6:print_DMA	20	static
THL_Usart.c:117:6:printf_DMA	16	static
THL_Usart.c:127:6:fastPrint	12	static
THL_Usart.c:133:6:fastPrintf	8	static
THL_Usart.c:144:7:usartRead	16	static
THL_Usart.c:164:7:usartRead_DMA	16	static
THL_Usart.c:189:13:IT_CallBack_UsartRC	0	static
THL_Usart.c:180:6:HAL_UART_RxCpltCallback	16	static
THL_Usart.c:194:6:readWord	16	static
THL_Usart.c:201:6:readLine	16	static
THL_Usart.c:209:6:readWordf	16	static
THL_Usart.c:216:6:readLinef	16	static
THL_Usart.c:223:5:scan	116	static
THL_Usart.c:237:5:scanf_u	120	static
THL_Usart.c:281:6:HAL_UART_ErrorCallback	8	static
