main.c:672:13:MX_GPIO_Init	64	static
main.c:642:13:MX_DMA_Init	16	static
main.c:611:13:MX_USART2_UART_Init	8	static
main.c:398:13:MX_TIM1_Init	80	static
main.c:292:13:MX_I2C1_Init	8	static
main.c:326:13:MX_I2C2_Init	8	static
main.c:360:13:MX_SPI2_Init	8	static
main.c:217:13:MX_ADC1_Init	40	static
main.c:559:13:MX_TIM8_Init	40	static
main.c:522:13:MX_TIM7_Init	24	static
main.c:474:13:MX_TIM5_Init	64	static
main.c:167:6:SystemClock_Config	96	static
main.c:114:5:main	8	static
main.c:718:6:Error_Handler	0	static
