main.c:756:13:MX_GPIO_Init	64	static
main.c:726:13:MX_DMA_Init	16	static
main.c:695:13:MX_USART2_UART_Init	8	static
main.c:404:13:MX_TIM1_Init	80	static
main.c:298:13:MX_I2C1_Init	8	static
main.c:332:13:MX_I2C2_Init	8	static
main.c:366:13:MX_SPI2_Init	8	static
main.c:223:13:MX_ADC1_Init	40	static
main.c:613:13:MX_TIM8_Init	40	static
main.c:576:13:MX_TIM7_Init	24	static
main.c:665:13:MX_TIM10_Init	8	static
main.c:528:13:MX_TIM5_Init	64	static
main.c:480:13:MX_TIM3_Init	64	static
main.c:173:6:SystemClock_Config	96	static
main.c:118:5:main	8	static
main.c:809:6:Error_Handler	0	static
