stm32f4xx_hal_msp.c:93:6:HAL_MspInit	16	static
stm32f4xx_hal_msp.c:117:6:HAL_I2C_MspInit	72	static
stm32f4xx_hal_msp.c:230:6:HAL_I2C_MspDeInit	8	static
stm32f4xx_hal_msp.c:287:6:HAL_TIM_PWM_MspInit	40	static
stm32f4xx_hal_msp.c:324:6:HAL_TIM_Encoder_MspInit	40	static
stm32f4xx_hal_msp.c:355:6:HAL_TIM_MspPostInit	32	static
stm32f4xx_hal_msp.c:390:6:HAL_TIM_PWM_MspDeInit	8	static
stm32f4xx_hal_msp.c:423:6:HAL_TIM_Encoder_MspDeInit	8	static
stm32f4xx_hal_msp.c:453:6:HAL_UART_MspInit	48	static
stm32f4xx_hal_msp.c:531:6:HAL_UART_MspDeInit	8	static
