stm32f4xx_it.c:99:6:NMI_Handler	0	static
stm32f4xx_it.c:112:6:HardFault_Handler	0	static
stm32f4xx_it.c:127:6:MemManage_Handler	0	static
stm32f4xx_it.c:142:6:BusFault_Handler	0	static
stm32f4xx_it.c:157:6:UsageFault_Handler	0	static
stm32f4xx_it.c:172:6:SVC_Handler	0	static
stm32f4xx_it.c:185:6:DebugMon_Handler	0	static
stm32f4xx_it.c:198:6:PendSV_Handler	0	static
stm32f4xx_it.c:211:6:SysTick_Handler	8	static
stm32f4xx_it.c:232:6:DMA1_Stream0_IRQHandler	8	static
stm32f4xx_it.c:246:6:DMA1_Stream3_IRQHandler	8	static
stm32f4xx_it.c:260:6:DMA1_Stream4_IRQHandler	8	static
stm32f4xx_it.c:274:6:ADC_IRQHandler	8	static
stm32f4xx_it.c:289:6:TIM1_UP_TIM10_IRQHandler	8	static
stm32f4xx_it.c:304:6:TIM3_IRQHandler	8	static
stm32f4xx_it.c:318:6:I2C1_EV_IRQHandler	8	static
stm32f4xx_it.c:332:6:I2C1_ER_IRQHandler	8	static
stm32f4xx_it.c:346:6:SPI2_IRQHandler	8	static
stm32f4xx_it.c:360:6:TIM8_UP_TIM13_IRQHandler	8	static
stm32f4xx_it.c:374:6:TIM8_CC_IRQHandler	8	static
stm32f4xx_it.c:388:6:DMA1_Stream7_IRQHandler	8	static
stm32f4xx_it.c:402:6:TIM5_IRQHandler	8	static
stm32f4xx_it.c:416:6:TIM7_IRQHandler	8	static
stm32f4xx_it.c:430:6:DMA2_Stream0_IRQHandler	8	static
