stm32f4xx_hal_msp.c:99:6:HAL_MspInit	16	static
stm32f4xx_hal_msp.c:123:6:HAL_ADC_MspInit	48	static
stm32f4xx_hal_msp.c:185:6:HAL_ADC_MspDeInit	8	static
stm32f4xx_hal_msp.c:220:6:HAL_I2C_MspInit	72	static
stm32f4xx_hal_msp.c:333:6:HAL_I2C_MspDeInit	8	static
stm32f4xx_hal_msp.c:390:6:HAL_SPI_MspInit	64	static
stm32f4xx_hal_msp.c:485:6:HAL_SPI_MspDeInit	8	static
stm32f4xx_hal_msp.c:525:6:HAL_TIM_PWM_MspInit	40	static
stm32f4xx_hal_msp.c:562:6:HAL_TIM_Encoder_MspInit	40	static
stm32f4xx_hal_msp.c:593:6:HAL_TIM_MspPostInit	32	static
stm32f4xx_hal_msp.c:628:6:HAL_TIM_PWM_MspDeInit	8	static
stm32f4xx_hal_msp.c:661:6:HAL_TIM_Encoder_MspDeInit	8	static
stm32f4xx_hal_msp.c:691:6:HAL_UART_MspInit	48	static
stm32f4xx_hal_msp.c:769:6:HAL_UART_MspDeInit	8	static
