stm32f4xx_it.c:97:6:NMI_Handler	0	static
stm32f4xx_it.c:110:6:HardFault_Handler	0	static
stm32f4xx_it.c:125:6:MemManage_Handler	0	static
stm32f4xx_it.c:140:6:BusFault_Handler	0	static
stm32f4xx_it.c:155:6:UsageFault_Handler	0	static
stm32f4xx_it.c:170:6:SVC_Handler	0	static
stm32f4xx_it.c:183:6:DebugMon_Handler	0	static
stm32f4xx_it.c:196:6:PendSV_Handler	0	static
stm32f4xx_it.c:209:6:SysTick_Handler	8	static
stm32f4xx_it.c:230:6:DMA1_Stream0_IRQHandler	8	static
stm32f4xx_it.c:244:6:DMA1_Stream3_IRQHandler	8	static
stm32f4xx_it.c:258:6:DMA1_Stream4_IRQHandler	8	static
stm32f4xx_it.c:272:6:TIM1_UP_TIM10_IRQHandler	8	static
stm32f4xx_it.c:287:6:TIM3_IRQHandler	8	static
stm32f4xx_it.c:301:6:I2C1_EV_IRQHandler	8	static
stm32f4xx_it.c:315:6:I2C1_ER_IRQHandler	8	static
stm32f4xx_it.c:329:6:SPI2_IRQHandler	8	static
stm32f4xx_it.c:343:6:TIM8_UP_TIM13_IRQHandler	8	static
stm32f4xx_it.c:357:6:TIM8_CC_IRQHandler	8	static
stm32f4xx_it.c:371:6:DMA1_Stream7_IRQHandler	8	static
stm32f4xx_it.c:385:6:TIM5_IRQHandler	8	static
stm32f4xx_it.c:399:6:TIM7_IRQHandler	8	static
stm32f4xx_it.c:413:6:DMA2_Stream0_IRQHandler	8	static
