MPU9150_I2C_Tester.c:508:19:MPU_WriteLen	24	static
MPU9150_I2C_Tester.c:486:19:MPU_WriteByte	16	static
MPU9150_I2C_Tester.c:544:19:MPU_ReadLen	24	static
MPU9150_I2C_Tester.c:339:19:MPU_GetGyroscopeRaw	24	static
MPU9150_I2C_Tester.c:286:19:MPU_GetGyroscope	24	static
MPU9150_I2C_Tester.c:364:19:MPU_GetAccelerationsRaw	24	static
MPU9150_I2C_Tester.c:312:19:MPU_GetAccelerations	24	static
MPU9150_I2C_Tester.c:418:6:MPU_SampleAndSerialize	8	static
MPU9150_I2C_Tester.c:384:19:MPU_GetTemperature	24	static
MPU9150_I2C_Tester.c:435:19:MPU_Surprise	16	static
MPU9150_I2C_Tester.c:496:19:MPU_ReadByte	8	static
MPU9150_I2C_Tester.c:463:19:MPU_WriteBits	32	static
MPU9150_I2C_Tester.c:252:19:MPU_SetAccelFSRange	8	static
MPU9150_I2C_Tester.c:267:19:MPU_SetGyroFSRange	8	static
MPU9150_I2C_Tester.c:229:19:MPU_Init	8	static
MPU9150_I2C_Tester.c:579:6:testI2cMaster	96	static
MPU9150_I2C_Tester.c:602:6:usartTC_IT_CallBack	8	static
